CRITICAL - 2021-03-31 11:33:19 --> include(app/views/templates/worksheet-header.php): failed to open stream: No such file or directory
#0 /home/sites/2a/f/fae78d7b9a/resources/2020/24-03/09-52-49-000/generator.php(162): CodeIgniter\Debug\Exceptions->errorHandler(2, 'include(app/vie...', '/home/sites/2a/...', 162, Array)
#1 /home/sites/2a/f/fae78d7b9a/resources/2020/24-03/09-52-49-000/generator.php(162): include()
#2 /home/sites/2a/f/fae78d7b9a/ci4/system/View/View.php(246): include('/home/sites/2a/...')
#3 /home/sites/2a/f/fae78d7b9a/ci4/system/Common.php(1087): CodeIgniter\View\View->render('../../../resour...', Array, true)
#4 /home/sites/2a/f/fae78d7b9a/ci4/app/Controllers/Resources.php(112): view('../../../resour...', Array)
#5 /home/sites/2a/f/fae78d7b9a/ci4/system/CodeIgniter.php(914): App\Controllers\Resources->loadSheet('3')
#6 /home/sites/2a/f/fae78d7b9a/ci4/system/CodeIgniter.php(400): CodeIgniter\CodeIgniter->runController(Object(App\Controllers\Resources))
#7 /home/sites/2a/f/fae78d7b9a/ci4/system/CodeIgniter.php(308): CodeIgniter\CodeIgniter->handleRequest(NULL, Object(Config\Cache), false)
#8 /home/sites/2a/f/fae78d7b9a/public_html/index.php(45): CodeIgniter\CodeIgniter->run()
#9 {main}
CRITICAL - 2021-03-31 11:33:46 --> include(app/views/templates/worksheet-header.php): failed to open stream: No such file or directory
#0 /home/sites/2a/f/fae78d7b9a/resources/2020/24-03/09-52-49-000/generator.php(162): CodeIgniter\Debug\Exceptions->errorHandler(2, 'include(app/vie...', '/home/sites/2a/...', 162, Array)
#1 /home/sites/2a/f/fae78d7b9a/resources/2020/24-03/09-52-49-000/generator.php(162): include()
#2 /home/sites/2a/f/fae78d7b9a/ci4/system/View/View.php(246): include('/home/sites/2a/...')
#3 /home/sites/2a/f/fae78d7b9a/ci4/system/Common.php(1087): CodeIgniter\View\View->render('../../../resour...', Array, true)
#4 /home/sites/2a/f/fae78d7b9a/ci4/app/Controllers/Resources.php(112): view('../../../resour...', Array)
#5 /home/sites/2a/f/fae78d7b9a/ci4/system/CodeIgniter.php(914): App\Controllers\Resources->loadSheet('3')
#6 /home/sites/2a/f/fae78d7b9a/ci4/system/CodeIgniter.php(400): CodeIgniter\CodeIgniter->runController(Object(App\Controllers\Resources))
#7 /home/sites/2a/f/fae78d7b9a/ci4/system/CodeIgniter.php(308): CodeIgniter\CodeIgniter->handleRequest(NULL, Object(Config\Cache), false)
#8 /home/sites/2a/f/fae78d7b9a/public_html/index.php(45): CodeIgniter\CodeIgniter->run()
#9 {main}
CRITICAL - 2021-03-31 11:34:01 --> include(/ci4/app/views/templates/worksheet-header.php): failed to open stream: No such file or directory
#0 /home/sites/2a/f/fae78d7b9a/resources/2020/24-03/09-52-49-000/generator.php(162): CodeIgniter\Debug\Exceptions->errorHandler(2, 'include(/ci4/ap...', '/home/sites/2a/...', 162, Array)
#1 /home/sites/2a/f/fae78d7b9a/resources/2020/24-03/09-52-49-000/generator.php(162): include()
#2 /home/sites/2a/f/fae78d7b9a/ci4/system/View/View.php(246): include('/home/sites/2a/...')
#3 /home/sites/2a/f/fae78d7b9a/ci4/system/Common.php(1087): CodeIgniter\View\View->render('../../../resour...', Array, true)
#4 /home/sites/2a/f/fae78d7b9a/ci4/app/Controllers/Resources.php(112): view('../../../resour...', Array)
#5 /home/sites/2a/f/fae78d7b9a/ci4/system/CodeIgniter.php(914): App\Controllers\Resources->loadSheet('3')
#6 /home/sites/2a/f/fae78d7b9a/ci4/system/CodeIgniter.php(400): CodeIgniter\CodeIgniter->runController(Object(App\Controllers\Resources))
#7 /home/sites/2a/f/fae78d7b9a/ci4/system/CodeIgniter.php(308): CodeIgniter\CodeIgniter->handleRequest(NULL, Object(Config\Cache), false)
#8 /home/sites/2a/f/fae78d7b9a/public_html/index.php(45): CodeIgniter\CodeIgniter->run()
#9 {main}
CRITICAL - 2021-03-31 11:34:08 --> include(/ci4/app/views/templates/worksheet-header.php): failed to open stream: No such file or directory
#0 /home/sites/2a/f/fae78d7b9a/resources/2020/24-03/09-52-49-000/generator.php(162): CodeIgniter\Debug\Exceptions->errorHandler(2, 'include(/ci4/ap...', '/home/sites/2a/...', 162, Array)
#1 /home/sites/2a/f/fae78d7b9a/resources/2020/24-03/09-52-49-000/generator.php(162): include()
#2 /home/sites/2a/f/fae78d7b9a/ci4/system/View/View.php(246): include('/home/sites/2a/...')
#3 /home/sites/2a/f/fae78d7b9a/ci4/system/Common.php(1087): CodeIgniter\View\View->render('../../../resour...', Array, true)
#4 /home/sites/2a/f/fae78d7b9a/ci4/app/Controllers/Resources.php(112): view('../../../resour...', Array)
#5 /home/sites/2a/f/fae78d7b9a/ci4/system/CodeIgniter.php(914): App\Controllers\Resources->loadSheet('3')
#6 /home/sites/2a/f/fae78d7b9a/ci4/system/CodeIgniter.php(400): CodeIgniter\CodeIgniter->runController(Object(App\Controllers\Resources))
#7 /home/sites/2a/f/fae78d7b9a/ci4/system/CodeIgniter.php(308): CodeIgniter\CodeIgniter->handleRequest(NULL, Object(Config\Cache), false)
#8 /home/sites/2a/f/fae78d7b9a/public_html/index.php(45): CodeIgniter\CodeIgniter->run()
#9 {main}
CRITICAL - 2021-03-31 11:34:39 --> include(): https:// wrapper is disabled in the server configuration by allow_url_include=0
#0 /home/sites/2a/f/fae78d7b9a/resources/2020/24-03/09-52-49-000/generator.php(162): CodeIgniter\Debug\Exceptions->errorHandler(2, 'include(): http...', '/home/sites/2a/...', 162, Array)
#1 /home/sites/2a/f/fae78d7b9a/resources/2020/24-03/09-52-49-000/generator.php(162): include()
#2 /home/sites/2a/f/fae78d7b9a/ci4/system/View/View.php(246): include('/home/sites/2a/...')
#3 /home/sites/2a/f/fae78d7b9a/ci4/system/Common.php(1087): CodeIgniter\View\View->render('../../../resour...', Array, true)
#4 /home/sites/2a/f/fae78d7b9a/ci4/app/Controllers/Resources.php(112): view('../../../resour...', Array)
#5 /home/sites/2a/f/fae78d7b9a/ci4/system/CodeIgniter.php(914): App\Controllers\Resources->loadSheet('3')
#6 /home/sites/2a/f/fae78d7b9a/ci4/system/CodeIgniter.php(400): CodeIgniter\CodeIgniter->runController(Object(App\Controllers\Resources))
#7 /home/sites/2a/f/fae78d7b9a/ci4/system/CodeIgniter.php(308): CodeIgniter\CodeIgniter->handleRequest(NULL, Object(Config\Cache), false)
#8 /home/sites/2a/f/fae78d7b9a/public_html/index.php(45): CodeIgniter\CodeIgniter->run()
#9 {main}
CRITICAL - 2021-03-31 11:38:50 --> include(../app/views/templates/worksheet-header.php): failed to open stream: No such file or directory
#0 /home/sites/2a/f/fae78d7b9a/resources/2020/24-03/09-52-49-000/generator.php(162): CodeIgniter\Debug\Exceptions->errorHandler(2, 'include(../app/...', '/home/sites/2a/...', 162, Array)
#1 /home/sites/2a/f/fae78d7b9a/resources/2020/24-03/09-52-49-000/generator.php(162): include()
#2 /home/sites/2a/f/fae78d7b9a/ci4/system/View/View.php(246): include('/home/sites/2a/...')
#3 /home/sites/2a/f/fae78d7b9a/ci4/system/Common.php(1087): CodeIgniter\View\View->render('../../../resour...', Array, true)
#4 /home/sites/2a/f/fae78d7b9a/ci4/app/Controllers/Resources.php(112): view('../../../resour...', Array)
#5 /home/sites/2a/f/fae78d7b9a/ci4/system/CodeIgniter.php(914): App\Controllers\Resources->loadSheet('3')
#6 /home/sites/2a/f/fae78d7b9a/ci4/system/CodeIgniter.php(400): CodeIgniter\CodeIgniter->runController(Object(App\Controllers\Resources))
#7 /home/sites/2a/f/fae78d7b9a/ci4/system/CodeIgniter.php(308): CodeIgniter\CodeIgniter->handleRequest(NULL, Object(Config\Cache), false)
#8 /home/sites/2a/f/fae78d7b9a/public_html/index.php(45): CodeIgniter\CodeIgniter->run()
#9 {main}
CRITICAL - 2021-03-31 13:05:43 --> 
#0 /home/sites/2a/f/fae78d7b9a/ci4/system/View/View.php(228): CodeIgniter\Exceptions\FrameworkException::forInvalidFile('../../../resour...')
#1 /home/sites/2a/f/fae78d7b9a/ci4/system/Common.php(1087): CodeIgniter\View\View->render('../../../resour...', Array, true)
#2 /home/sites/2a/f/fae78d7b9a/ci4/app/Controllers/Resources.php(112): view('../../../resour...', Array)
#3 /home/sites/2a/f/fae78d7b9a/ci4/system/CodeIgniter.php(914): App\Controllers\Resources->loadSheet('60')
#4 /home/sites/2a/f/fae78d7b9a/ci4/system/CodeIgniter.php(400): CodeIgniter\CodeIgniter->runController(Object(App\Controllers\Resources))
#5 /home/sites/2a/f/fae78d7b9a/ci4/system/CodeIgniter.php(308): CodeIgniter\CodeIgniter->handleRequest(NULL, Object(Config\Cache), false)
#6 /home/sites/2a/f/fae78d7b9a/public_html/index.php(45): CodeIgniter\CodeIgniter->run()
#7 {main}
CRITICAL - 2021-03-31 13:05:54 --> 
#0 /home/sites/2a/f/fae78d7b9a/ci4/system/View/View.php(228): CodeIgniter\Exceptions\FrameworkException::forInvalidFile('../../../resour...')
#1 /home/sites/2a/f/fae78d7b9a/ci4/system/Common.php(1087): CodeIgniter\View\View->render('../../../resour...', Array, true)
#2 /home/sites/2a/f/fae78d7b9a/ci4/app/Controllers/Resources.php(112): view('../../../resour...', Array)
#3 /home/sites/2a/f/fae78d7b9a/ci4/system/CodeIgniter.php(914): App\Controllers\Resources->loadSheet('60')
#4 /home/sites/2a/f/fae78d7b9a/ci4/system/CodeIgniter.php(400): CodeIgniter\CodeIgniter->runController(Object(App\Controllers\Resources))
#5 /home/sites/2a/f/fae78d7b9a/ci4/system/CodeIgniter.php(308): CodeIgniter\CodeIgniter->handleRequest(NULL, Object(Config\Cache), false)
#6 /home/sites/2a/f/fae78d7b9a/public_html/index.php(45): CodeIgniter\CodeIgniter->run()
#7 {main}
CRITICAL - 2021-03-31 13:18:01 --> Class 'App\Libraries\Words' not found
#0 /home/sites/2a/f/fae78d7b9a/resources/2021/19-01/12-34-24/generator.php(47): App\Libraries\Number->words_write_in_numerals_below()
#1 /home/sites/2a/f/fae78d7b9a/ci4/system/View/View.php(246): include('/home/sites/2a/...')
#2 /home/sites/2a/f/fae78d7b9a/ci4/system/Common.php(1087): CodeIgniter\View\View->render('../../../resour...', Array, true)
#3 /home/sites/2a/f/fae78d7b9a/ci4/app/Controllers/Resources.php(112): view('../../../resour...', Array)
#4 /home/sites/2a/f/fae78d7b9a/ci4/system/CodeIgniter.php(914): App\Controllers\Resources->loadSheet('64')
#5 /home/sites/2a/f/fae78d7b9a/ci4/system/CodeIgniter.php(400): CodeIgniter\CodeIgniter->runController(Object(App\Controllers\Resources))
#6 /home/sites/2a/f/fae78d7b9a/ci4/system/CodeIgniter.php(308): CodeIgniter\CodeIgniter->handleRequest(NULL, Object(Config\Cache), false)
#7 /home/sites/2a/f/fae78d7b9a/public_html/index.php(45): CodeIgniter\CodeIgniter->run()
#8 {main}
CRITICAL - 2021-03-31 14:49:12 --> 
#0 /home/sites/2a/f/fae78d7b9a/ci4/system/HTTP/RedirectResponse.php(92): CodeIgniter\HTTP\Exceptions\HTTPException::forInvalidRedirectRoute('')
#1 /home/sites/2a/f/fae78d7b9a/ci4/system/Common.php(813): CodeIgniter\HTTP\RedirectResponse->route(false)
#2 /home/sites/2a/f/fae78d7b9a/ci4/app/Controllers/Admin/Resources.php(1054): redirect('https://teacher...')
#3 /home/sites/2a/f/fae78d7b9a/ci4/system/CodeIgniter.php(914): App\Controllers\Admin\Resources->create_test()
#4 /home/sites/2a/f/fae78d7b9a/ci4/system/CodeIgniter.php(400): CodeIgniter\CodeIgniter->runController(Object(App\Controllers\Admin\Resources))
#5 /home/sites/2a/f/fae78d7b9a/ci4/system/CodeIgniter.php(308): CodeIgniter\CodeIgniter->handleRequest(NULL, Object(Config\Cache), false)
#6 /home/sites/2a/f/fae78d7b9a/public_html/index.php(45): CodeIgniter\CodeIgniter->run()
#7 {main}
CRITICAL - 2021-03-31 14:56:04 --> 
#0 /home/sites/2a/f/fae78d7b9a/ci4/system/HTTP/RedirectResponse.php(92): CodeIgniter\HTTP\Exceptions\HTTPException::forInvalidRedirectRoute('')
#1 /home/sites/2a/f/fae78d7b9a/ci4/system/Common.php(813): CodeIgniter\HTTP\RedirectResponse->route(false)
#2 /home/sites/2a/f/fae78d7b9a/ci4/app/Controllers/Admin/Resources.php(1054): redirect('https://teacher...')
#3 /home/sites/2a/f/fae78d7b9a/ci4/system/CodeIgniter.php(914): App\Controllers\Admin\Resources->create_test()
#4 /home/sites/2a/f/fae78d7b9a/ci4/system/CodeIgniter.php(400): CodeIgniter\CodeIgniter->runController(Object(App\Controllers\Admin\Resources))
#5 /home/sites/2a/f/fae78d7b9a/ci4/system/CodeIgniter.php(308): CodeIgniter\CodeIgniter->handleRequest(NULL, Object(Config\Cache), false)
#6 /home/sites/2a/f/fae78d7b9a/public_html/index.php(45): CodeIgniter\CodeIgniter->run()
#7 {main}
CRITICAL - 2021-03-31 14:56:25 --> 
#0 /home/sites/2a/f/fae78d7b9a/ci4/system/HTTP/RedirectResponse.php(92): CodeIgniter\HTTP\Exceptions\HTTPException::forInvalidRedirectRoute('')
#1 /home/sites/2a/f/fae78d7b9a/ci4/system/Common.php(813): CodeIgniter\HTTP\RedirectResponse->route(false)
#2 /home/sites/2a/f/fae78d7b9a/ci4/app/Controllers/Admin/Resources.php(1054): redirect('https://teacher...')
#3 /home/sites/2a/f/fae78d7b9a/ci4/system/CodeIgniter.php(914): App\Controllers\Admin\Resources->create_test()
#4 /home/sites/2a/f/fae78d7b9a/ci4/system/CodeIgniter.php(400): CodeIgniter\CodeIgniter->runController(Object(App\Controllers\Admin\Resources))
#5 /home/sites/2a/f/fae78d7b9a/ci4/system/CodeIgniter.php(308): CodeIgniter\CodeIgniter->handleRequest(NULL, Object(Config\Cache), false)
#6 /home/sites/2a/f/fae78d7b9a/public_html/index.php(45): CodeIgniter\CodeIgniter->run()
#7 {main}
CRITICAL - 2021-03-31 14:56:45 --> 
#0 /home/sites/2a/f/fae78d7b9a/ci4/system/HTTP/RedirectResponse.php(92): CodeIgniter\HTTP\Exceptions\HTTPException::forInvalidRedirectRoute('')
#1 /home/sites/2a/f/fae78d7b9a/ci4/system/Common.php(813): CodeIgniter\HTTP\RedirectResponse->route(false)
#2 /home/sites/2a/f/fae78d7b9a/ci4/app/Controllers/Admin/Resources.php(1054): redirect('https://teacher...')
#3 /home/sites/2a/f/fae78d7b9a/ci4/system/CodeIgniter.php(914): App\Controllers\Admin\Resources->create_test()
#4 /home/sites/2a/f/fae78d7b9a/ci4/system/CodeIgniter.php(400): CodeIgniter\CodeIgniter->runController(Object(App\Controllers\Admin\Resources))
#5 /home/sites/2a/f/fae78d7b9a/ci4/system/CodeIgniter.php(308): CodeIgniter\CodeIgniter->handleRequest(NULL, Object(Config\Cache), false)
#6 /home/sites/2a/f/fae78d7b9a/public_html/index.php(45): CodeIgniter\CodeIgniter->run()
#7 {main}
CRITICAL - 2021-03-31 14:56:49 --> 
#0 /home/sites/2a/f/fae78d7b9a/ci4/system/HTTP/RedirectResponse.php(92): CodeIgniter\HTTP\Exceptions\HTTPException::forInvalidRedirectRoute('')
#1 /home/sites/2a/f/fae78d7b9a/ci4/system/Common.php(813): CodeIgniter\HTTP\RedirectResponse->route(false)
#2 /home/sites/2a/f/fae78d7b9a/ci4/app/Controllers/Admin/Resources.php(1054): redirect('https://teacher...')
#3 /home/sites/2a/f/fae78d7b9a/ci4/system/CodeIgniter.php(914): App\Controllers\Admin\Resources->create_test()
#4 /home/sites/2a/f/fae78d7b9a/ci4/system/CodeIgniter.php(400): CodeIgniter\CodeIgniter->runController(Object(App\Controllers\Admin\Resources))
#5 /home/sites/2a/f/fae78d7b9a/ci4/system/CodeIgniter.php(308): CodeIgniter\CodeIgniter->handleRequest(NULL, Object(Config\Cache), false)
#6 /home/sites/2a/f/fae78d7b9a/public_html/index.php(45): CodeIgniter\CodeIgniter->run()
#7 {main}
CRITICAL - 2021-03-31 14:56:57 --> 
#0 /home/sites/2a/f/fae78d7b9a/ci4/system/HTTP/RedirectResponse.php(92): CodeIgniter\HTTP\Exceptions\HTTPException::forInvalidRedirectRoute('')
#1 /home/sites/2a/f/fae78d7b9a/ci4/system/Common.php(813): CodeIgniter\HTTP\RedirectResponse->route(false)
#2 /home/sites/2a/f/fae78d7b9a/ci4/app/Controllers/Admin/Resources.php(1054): redirect('https://teacher...')
#3 /home/sites/2a/f/fae78d7b9a/ci4/system/CodeIgniter.php(914): App\Controllers\Admin\Resources->create_test()
#4 /home/sites/2a/f/fae78d7b9a/ci4/system/CodeIgniter.php(400): CodeIgniter\CodeIgniter->runController(Object(App\Controllers\Admin\Resources))
#5 /home/sites/2a/f/fae78d7b9a/ci4/system/CodeIgniter.php(308): CodeIgniter\CodeIgniter->handleRequest(NULL, Object(Config\Cache), false)
#6 /home/sites/2a/f/fae78d7b9a/public_html/index.php(45): CodeIgniter\CodeIgniter->run()
#7 {main}
CRITICAL - 2021-03-31 14:57:00 --> 
#0 /home/sites/2a/f/fae78d7b9a/ci4/system/HTTP/RedirectResponse.php(92): CodeIgniter\HTTP\Exceptions\HTTPException::forInvalidRedirectRoute('')
#1 /home/sites/2a/f/fae78d7b9a/ci4/system/Common.php(813): CodeIgniter\HTTP\RedirectResponse->route(false)
#2 /home/sites/2a/f/fae78d7b9a/ci4/app/Controllers/Admin/Resources.php(1054): redirect('https://teacher...')
#3 /home/sites/2a/f/fae78d7b9a/ci4/system/CodeIgniter.php(914): App\Controllers\Admin\Resources->create_test()
#4 /home/sites/2a/f/fae78d7b9a/ci4/system/CodeIgniter.php(400): CodeIgniter\CodeIgniter->runController(Object(App\Controllers\Admin\Resources))
#5 /home/sites/2a/f/fae78d7b9a/ci4/system/CodeIgniter.php(308): CodeIgniter\CodeIgniter->handleRequest(NULL, Object(Config\Cache), false)
#6 /home/sites/2a/f/fae78d7b9a/public_html/index.php(45): CodeIgniter\CodeIgniter->run()
#7 {main}
CRITICAL - 2021-03-31 15:01:05 --> 
#0 /home/sites/2a/f/fae78d7b9a/ci4/system/HTTP/RedirectResponse.php(92): CodeIgniter\HTTP\Exceptions\HTTPException::forInvalidRedirectRoute('')
#1 /home/sites/2a/f/fae78d7b9a/ci4/system/Common.php(813): CodeIgniter\HTTP\RedirectResponse->route(false)
#2 /home/sites/2a/f/fae78d7b9a/ci4/app/Controllers/Admin/Resources.php(1054): redirect('https://teacher...')
#3 /home/sites/2a/f/fae78d7b9a/ci4/system/CodeIgniter.php(914): App\Controllers\Admin\Resources->create_test()
#4 /home/sites/2a/f/fae78d7b9a/ci4/system/CodeIgniter.php(400): CodeIgniter\CodeIgniter->runController(Object(App\Controllers\Admin\Resources))
#5 /home/sites/2a/f/fae78d7b9a/ci4/system/CodeIgniter.php(308): CodeIgniter\CodeIgniter->handleRequest(NULL, Object(Config\Cache), false)
#6 /home/sites/2a/f/fae78d7b9a/public_html/index.php(45): CodeIgniter\CodeIgniter->run()
#7 {main}
CRITICAL - 2021-03-31 15:01:09 --> 
#0 /home/sites/2a/f/fae78d7b9a/ci4/system/HTTP/RedirectResponse.php(92): CodeIgniter\HTTP\Exceptions\HTTPException::forInvalidRedirectRoute('')
#1 /home/sites/2a/f/fae78d7b9a/ci4/system/Common.php(813): CodeIgniter\HTTP\RedirectResponse->route(false)
#2 /home/sites/2a/f/fae78d7b9a/ci4/app/Controllers/Admin/Resources.php(1054): redirect('https://teacher...')
#3 /home/sites/2a/f/fae78d7b9a/ci4/system/CodeIgniter.php(914): App\Controllers\Admin\Resources->create_test()
#4 /home/sites/2a/f/fae78d7b9a/ci4/system/CodeIgniter.php(400): CodeIgniter\CodeIgniter->runController(Object(App\Controllers\Admin\Resources))
#5 /home/sites/2a/f/fae78d7b9a/ci4/system/CodeIgniter.php(308): CodeIgniter\CodeIgniter->handleRequest(NULL, Object(Config\Cache), false)
#6 /home/sites/2a/f/fae78d7b9a/public_html/index.php(45): CodeIgniter\CodeIgniter->run()
#7 {main}
CRITICAL - 2021-03-31 15:01:28 --> 
#0 /home/sites/2a/f/fae78d7b9a/ci4/system/HTTP/RedirectResponse.php(92): CodeIgniter\HTTP\Exceptions\HTTPException::forInvalidRedirectRoute('')
#1 /home/sites/2a/f/fae78d7b9a/ci4/system/Common.php(813): CodeIgniter\HTTP\RedirectResponse->route(false)
#2 /home/sites/2a/f/fae78d7b9a/ci4/app/Controllers/Admin/Resources.php(1054): redirect('https://teacher...')
#3 /home/sites/2a/f/fae78d7b9a/ci4/system/CodeIgniter.php(914): App\Controllers\Admin\Resources->create_test()
#4 /home/sites/2a/f/fae78d7b9a/ci4/system/CodeIgniter.php(400): CodeIgniter\CodeIgniter->runController(Object(App\Controllers\Admin\Resources))
#5 /home/sites/2a/f/fae78d7b9a/ci4/system/CodeIgniter.php(308): CodeIgniter\CodeIgniter->handleRequest(NULL, Object(Config\Cache), false)
#6 /home/sites/2a/f/fae78d7b9a/public_html/index.php(45): CodeIgniter\CodeIgniter->run()
#7 {main}
CRITICAL - 2021-03-31 15:02:22 --> 
#0 /home/sites/2a/f/fae78d7b9a/ci4/system/HTTP/RedirectResponse.php(92): CodeIgniter\HTTP\Exceptions\HTTPException::forInvalidRedirectRoute('')
#1 /home/sites/2a/f/fae78d7b9a/ci4/system/Common.php(813): CodeIgniter\HTTP\RedirectResponse->route(false)
#2 /home/sites/2a/f/fae78d7b9a/ci4/app/Controllers/Admin/Resources.php(1054): redirect('https://teacher...')
#3 /home/sites/2a/f/fae78d7b9a/ci4/system/CodeIgniter.php(914): App\Controllers\Admin\Resources->create_test()
#4 /home/sites/2a/f/fae78d7b9a/ci4/system/CodeIgniter.php(400): CodeIgniter\CodeIgniter->runController(Object(App\Controllers\Admin\Resources))
#5 /home/sites/2a/f/fae78d7b9a/ci4/system/CodeIgniter.php(308): CodeIgniter\CodeIgniter->handleRequest(NULL, Object(Config\Cache), false)
#6 /home/sites/2a/f/fae78d7b9a/public_html/index.php(45): CodeIgniter\CodeIgniter->run()
#7 {main}
CRITICAL - 2021-03-31 15:03:21 --> Call to a member function getResult() on null
#0 /home/sites/2a/f/fae78d7b9a/ci4/system/View/View.php(246): include()
#1 /home/sites/2a/f/fae78d7b9a/ci4/system/Common.php(1087): CodeIgniter\View\View->render('admin/resources...', Array, true)
#2 /home/sites/2a/f/fae78d7b9a/ci4/app/Controllers/Admin/Resources.php(1054): view('admin/resources...', Array)
#3 /home/sites/2a/f/fae78d7b9a/ci4/system/CodeIgniter.php(914): App\Controllers\Admin\Resources->create_test()
#4 /home/sites/2a/f/fae78d7b9a/ci4/system/CodeIgniter.php(400): CodeIgniter\CodeIgniter->runController(Object(App\Controllers\Admin\Resources))
#5 /home/sites/2a/f/fae78d7b9a/ci4/system/CodeIgniter.php(308): CodeIgniter\CodeIgniter->handleRequest(NULL, Object(Config\Cache), false)
#6 /home/sites/2a/f/fae78d7b9a/public_html/index.php(45): CodeIgniter\CodeIgniter->run()
#7 {main}
CRITICAL - 2021-03-31 15:04:23 --> Call to a member function getResult() on null
#0 /home/sites/2a/f/fae78d7b9a/ci4/system/View/View.php(246): include()
#1 /home/sites/2a/f/fae78d7b9a/ci4/system/Common.php(1087): CodeIgniter\View\View->render('admin/resources...', Array, true)
#2 /home/sites/2a/f/fae78d7b9a/ci4/app/Controllers/Admin/Resources.php(1054): view('admin/resources...', Array)
#3 /home/sites/2a/f/fae78d7b9a/ci4/system/CodeIgniter.php(914): App\Controllers\Admin\Resources->create_test()
#4 /home/sites/2a/f/fae78d7b9a/ci4/system/CodeIgniter.php(400): CodeIgniter\CodeIgniter->runController(Object(App\Controllers\Admin\Resources))
#5 /home/sites/2a/f/fae78d7b9a/ci4/system/CodeIgniter.php(308): CodeIgniter\CodeIgniter->handleRequest(NULL, Object(Config\Cache), false)
#6 /home/sites/2a/f/fae78d7b9a/public_html/index.php(45): CodeIgniter\CodeIgniter->run()
#7 {main}
CRITICAL - 2021-03-31 15:05:29 --> Call to a member function getResult() on null
#0 /home/sites/2a/f/fae78d7b9a/ci4/system/View/View.php(246): include()
#1 /home/sites/2a/f/fae78d7b9a/ci4/system/Common.php(1087): CodeIgniter\View\View->render('admin/resources...', Array, true)
#2 /home/sites/2a/f/fae78d7b9a/ci4/app/Controllers/Admin/Resources.php(1054): view('admin/resources...', Array)
#3 /home/sites/2a/f/fae78d7b9a/ci4/system/CodeIgniter.php(914): App\Controllers\Admin\Resources->create_test()
#4 /home/sites/2a/f/fae78d7b9a/ci4/system/CodeIgniter.php(400): CodeIgniter\CodeIgniter->runController(Object(App\Controllers\Admin\Resources))
#5 /home/sites/2a/f/fae78d7b9a/ci4/system/CodeIgniter.php(308): CodeIgniter\CodeIgniter->handleRequest(NULL, Object(Config\Cache), false)
#6 /home/sites/2a/f/fae78d7b9a/public_html/index.php(45): CodeIgniter\CodeIgniter->run()
#7 {main}
CRITICAL - 2021-03-31 17:01:29 --> 
#0 /home/sites/2a/f/fae78d7b9a/ci4/system/View/View.php(228): CodeIgniter\Exceptions\FrameworkException::forInvalidFile('resources/all_r...')
#1 /home/sites/2a/f/fae78d7b9a/ci4/system/Common.php(1087): CodeIgniter\View\View->render('resources/all_r...', Array, true)
#2 /home/sites/2a/f/fae78d7b9a/ci4/app/Controllers/Resources.php(22): view('resources/all_r...', Array)
#3 /home/sites/2a/f/fae78d7b9a/ci4/system/CodeIgniter.php(914): App\Controllers\Resources->view('all_resources')
#4 /home/sites/2a/f/fae78d7b9a/ci4/system/CodeIgniter.php(400): CodeIgniter\CodeIgniter->runController(Object(App\Controllers\Resources))
#5 /home/sites/2a/f/fae78d7b9a/ci4/system/CodeIgniter.php(308): CodeIgniter\CodeIgniter->handleRequest(NULL, Object(Config\Cache), false)
#6 /home/sites/2a/f/fae78d7b9a/public_html/index.php(45): CodeIgniter\CodeIgniter->run()
#7 {main}
