CRITICAL - 2022-05-19 05:47:21 --> Too many connections
#0 /home/sites/2a/f/fae78d7b9a/ci4/system/Database/BaseConnection.php(377): CodeIgniter\Database\MySQLi\Connection->connect(true)
#1 /home/sites/2a/f/fae78d7b9a/ci4/system/Database/BaseConnection.php(643): CodeIgniter\Database\BaseConnection->initialize()
#2 /home/sites/2a/f/fae78d7b9a/ci4/system/Database/BaseBuilder.php(1845): CodeIgniter\Database\BaseConnection->query('SELECT *\nFROM `...', Array, false)
#3 /home/sites/2a/f/fae78d7b9a/ci4/app/Models/ResourcesModel.php(76): CodeIgniter\Database\BaseBuilder->get()
#4 /home/sites/2a/f/fae78d7b9a/ci4/app/Controllers/Resources.php(61): App\Models\ResourcesModel->get_resources(12, 'column-addition...')
#5 /home/sites/2a/f/fae78d7b9a/ci4/system/CodeIgniter.php(914): App\Controllers\Resources->subjects('results', 'column-addition...', 'missing-number-...', 'multiplication-...', 'missing-number-...', 'multiplication-...', 'addition-code-b...', 'missing-number-...', 'missing-number-...')
#6 /home/sites/2a/f/fae78d7b9a/ci4/system/CodeIgniter.php(400): CodeIgniter\CodeIgniter->runController(Object(App\Controllers\Resources))
#7 /home/sites/2a/f/fae78d7b9a/ci4/system/CodeIgniter.php(308): CodeIgniter\CodeIgniter->handleRequest(NULL, Object(Config\Cache), false)
#8 /home/sites/2a/f/fae78d7b9a/public_html/index.php(45): CodeIgniter\CodeIgniter->run()
#9 {main}
CRITICAL - 2022-05-19 05:53:49 --> Too many connections
#0 /home/sites/2a/f/fae78d7b9a/ci4/system/Database/BaseConnection.php(377): CodeIgniter\Database\MySQLi\Connection->connect(true)
#1 /home/sites/2a/f/fae78d7b9a/ci4/system/Database/BaseConnection.php(643): CodeIgniter\Database\BaseConnection->initialize()
#2 /home/sites/2a/f/fae78d7b9a/ci4/system/Database/BaseBuilder.php(1845): CodeIgniter\Database\BaseConnection->query('SELECT *\nFROM `...', Array, false)
#3 /home/sites/2a/f/fae78d7b9a/ci4/app/Models/ResourcesModel.php(76): CodeIgniter\Database\BaseBuilder->get()
#4 /home/sites/2a/f/fae78d7b9a/ci4/app/Controllers/Resources.php(61): App\Models\ResourcesModel->get_resources(12, 'missing-number-...')
#5 /home/sites/2a/f/fae78d7b9a/ci4/system/CodeIgniter.php(914): App\Controllers\Resources->subjects('results', 'missing-number-...', 'ultimatedashmul...', 'year-3-multi-ob...', 'column-addition...', 'column-addition...', 'year-5-multi-ob...', 'column-addition...', 'year-4-multi-ob...', 'missing-number-...', 'multiplication-...', 'addition-code-b...', 'missing-number-...', 'missing-number-...', 'year-4-multi-ob...', 'ultimatedashmul...', 'year-5-multi-ob...')
#6 /home/sites/2a/f/fae78d7b9a/ci4/system/CodeIgniter.php(400): CodeIgniter\CodeIgniter->runController(Object(App\Controllers\Resources))
#7 /home/sites/2a/f/fae78d7b9a/ci4/system/CodeIgniter.php(308): CodeIgniter\CodeIgniter->handleRequest(NULL, Object(Config\Cache), false)
#8 /home/sites/2a/f/fae78d7b9a/public_html/index.php(45): CodeIgniter\CodeIgniter->run()
#9 {main}
CRITICAL - 2022-05-19 05:55:40 --> Too many connections
#0 /home/sites/2a/f/fae78d7b9a/ci4/system/Database/BaseConnection.php(377): CodeIgniter\Database\MySQLi\Connection->connect(true)
#1 /home/sites/2a/f/fae78d7b9a/ci4/system/Database/BaseConnection.php(643): CodeIgniter\Database\BaseConnection->initialize()
#2 /home/sites/2a/f/fae78d7b9a/ci4/system/Database/BaseBuilder.php(1845): CodeIgniter\Database\BaseConnection->query('SELECT *\nFROM `...', Array, false)
#3 /home/sites/2a/f/fae78d7b9a/ci4/app/Models/ResourcesModel.php(76): CodeIgniter\Database\BaseBuilder->get()
#4 /home/sites/2a/f/fae78d7b9a/ci4/app/Controllers/Resources.php(61): App\Models\ResourcesModel->get_resources(12, 'missing-number-...')
#5 /home/sites/2a/f/fae78d7b9a/ci4/system/CodeIgniter.php(914): App\Controllers\Resources->subjects('results', 'missing-number-...', 'ultimatedashmul...', 'year-3-multi-ob...', 'column-addition...', 'column-addition...', 'column-addition...', 'year-5-multi-ob...', 'missing-number-...', 'multiplication-...', 'missing-number-...', 'missing-number-...', 'year-4-multi-ob...', 'ultimatedashmul...', 'addition-code-b...', 'missing-number-...', 'multiplication-...', 'column-addition...')
#6 /home/sites/2a/f/fae78d7b9a/ci4/system/CodeIgniter.php(400): CodeIgniter\CodeIgniter->runController(Object(App\Controllers\Resources))
#7 /home/sites/2a/f/fae78d7b9a/ci4/system/CodeIgniter.php(308): CodeIgniter\CodeIgniter->handleRequest(NULL, Object(Config\Cache), false)
#8 /home/sites/2a/f/fae78d7b9a/public_html/index.php(45): CodeIgniter\CodeIgniter->run()
#9 {main}
CRITICAL - 2022-05-19 05:56:05 --> Too many connections
#0 /home/sites/2a/f/fae78d7b9a/ci4/system/Database/BaseConnection.php(377): CodeIgniter\Database\MySQLi\Connection->connect(true)
#1 /home/sites/2a/f/fae78d7b9a/ci4/system/Database/BaseConnection.php(643): CodeIgniter\Database\BaseConnection->initialize()
#2 /home/sites/2a/f/fae78d7b9a/ci4/system/Database/BaseBuilder.php(1845): CodeIgniter\Database\BaseConnection->query('SELECT *\nFROM `...', Array, false)
#3 /home/sites/2a/f/fae78d7b9a/ci4/app/Models/ResourcesModel.php(76): CodeIgniter\Database\BaseBuilder->get()
#4 /home/sites/2a/f/fae78d7b9a/ci4/app/Controllers/Resources.php(61): App\Models\ResourcesModel->get_resources(12, 'column-addition...')
#5 /home/sites/2a/f/fae78d7b9a/ci4/system/CodeIgniter.php(914): App\Controllers\Resources->subjects('results', 'column-addition...', 'missing-number-...', 'addition-code-b...', 'column-addition...', 'missing-number-...', 'missing-number-...', 'year-4-multi-ob...', 'missing-number-...', 'missing-number-...')
#6 /home/sites/2a/f/fae78d7b9a/ci4/system/CodeIgniter.php(400): CodeIgniter\CodeIgniter->runController(Object(App\Controllers\Resources))
#7 /home/sites/2a/f/fae78d7b9a/ci4/system/CodeIgniter.php(308): CodeIgniter\CodeIgniter->handleRequest(NULL, Object(Config\Cache), false)
#8 /home/sites/2a/f/fae78d7b9a/public_html/index.php(45): CodeIgniter\CodeIgniter->run()
#9 {main}
CRITICAL - 2022-05-19 06:03:27 --> Too many connections
#0 /home/sites/2a/f/fae78d7b9a/ci4/system/Database/BaseConnection.php(377): CodeIgniter\Database\MySQLi\Connection->connect(true)
#1 /home/sites/2a/f/fae78d7b9a/ci4/system/Database/BaseConnection.php(643): CodeIgniter\Database\BaseConnection->initialize()
#2 /home/sites/2a/f/fae78d7b9a/ci4/system/Database/BaseBuilder.php(1845): CodeIgniter\Database\BaseConnection->query('SELECT *\nFROM `...', Array, false)
#3 /home/sites/2a/f/fae78d7b9a/ci4/app/Models/ResourcesModel.php(76): CodeIgniter\Database\BaseBuilder->get()
#4 /home/sites/2a/f/fae78d7b9a/ci4/app/Controllers/Resources.php(61): App\Models\ResourcesModel->get_resources(12, 'missing-number-...')
#5 /home/sites/2a/f/fae78d7b9a/ci4/system/CodeIgniter.php(914): App\Controllers\Resources->subjects('results', 'missing-number-...', 'ultimatedashmul...', 'year-3-multi-ob...', 'column-addition...', 'column-addition...', 'column-addition...', 'year-5-multi-ob...', 'addition-code-b...', 'missing-number-...', 'missing-number-...', 'missing-number-...', 'ultimatedashmul...', 'multiplication-...', 'addition-code-b...', 'year-3-multi-ob...', 'missing-number-...', 'year-5-multi-ob...', 'year-5-multi-ob...')
#6 /home/sites/2a/f/fae78d7b9a/ci4/system/CodeIgniter.php(400): CodeIgniter\CodeIgniter->runController(Object(App\Controllers\Resources))
#7 /home/sites/2a/f/fae78d7b9a/ci4/system/CodeIgniter.php(308): CodeIgniter\CodeIgniter->handleRequest(NULL, Object(Config\Cache), false)
#8 /home/sites/2a/f/fae78d7b9a/public_html/index.php(45): CodeIgniter\CodeIgniter->run()
#9 {main}
CRITICAL - 2022-05-19 06:15:20 --> Too many connections
#0 /home/sites/2a/f/fae78d7b9a/ci4/system/Database/BaseConnection.php(377): CodeIgniter\Database\MySQLi\Connection->connect(true)
#1 /home/sites/2a/f/fae78d7b9a/ci4/system/Database/BaseConnection.php(643): CodeIgniter\Database\BaseConnection->initialize()
#2 /home/sites/2a/f/fae78d7b9a/ci4/system/Database/BaseBuilder.php(1845): CodeIgniter\Database\BaseConnection->query('SELECT *\nFROM `...', Array, false)
#3 /home/sites/2a/f/fae78d7b9a/ci4/app/Models/ResourcesModel.php(76): CodeIgniter\Database\BaseBuilder->get()
#4 /home/sites/2a/f/fae78d7b9a/ci4/app/Controllers/Resources.php(61): App\Models\ResourcesModel->get_resources(12, 'missing-number-...')
#5 /home/sites/2a/f/fae78d7b9a/ci4/system/CodeIgniter.php(914): App\Controllers\Resources->subjects('results', 'missing-number-...', 'ultimatedashmul...', 'year-3-multi-ob...', 'column-addition...', 'column-addition...', 'column-addition...', 'year-5-multi-ob...', 'multiplication-...', 'missing-number-...', 'missing-number-...', 'year-4-multi-ob...', 'ultimatedashmul...', 'missing-number-...', 'year-5-multi-ob...', 'addition-code-b...', 'multiplication-...', 'missing-number-...', 'missing-number-...')
#6 /home/sites/2a/f/fae78d7b9a/ci4/system/CodeIgniter.php(400): CodeIgniter\CodeIgniter->runController(Object(App\Controllers\Resources))
#7 /home/sites/2a/f/fae78d7b9a/ci4/system/CodeIgniter.php(308): CodeIgniter\CodeIgniter->handleRequest(NULL, Object(Config\Cache), false)
#8 /home/sites/2a/f/fae78d7b9a/public_html/index.php(45): CodeIgniter\CodeIgniter->run()
#9 {main}
CRITICAL - 2022-05-19 06:18:06 --> Too many connections
#0 /home/sites/2a/f/fae78d7b9a/ci4/system/Database/BaseConnection.php(377): CodeIgniter\Database\MySQLi\Connection->connect(true)
#1 /home/sites/2a/f/fae78d7b9a/ci4/system/Database/BaseConnection.php(643): CodeIgniter\Database\BaseConnection->initialize()
#2 /home/sites/2a/f/fae78d7b9a/ci4/system/Database/BaseBuilder.php(1845): CodeIgniter\Database\BaseConnection->query('SELECT *\nFROM `...', Array, false)
#3 /home/sites/2a/f/fae78d7b9a/ci4/app/Models/ResourcesModel.php(76): CodeIgniter\Database\BaseBuilder->get()
#4 /home/sites/2a/f/fae78d7b9a/ci4/app/Controllers/Resources.php(61): App\Models\ResourcesModel->get_resources(12, 'column-addition...')
#5 /home/sites/2a/f/fae78d7b9a/ci4/system/CodeIgniter.php(914): App\Controllers\Resources->subjects('results', 'column-addition...', 'missing-number-...', 'addition-code-b...', 'column-addition...', 'column-addition...', 'ultimatedashmul...', 'year-3-multi-ob...', 'year-5-multi-ob...', 'column-addition...', 'missing-number-...', 'missing-number-...', 'year-4-multi-ob...', 'year-3-multi-ob...', 'missing-number-...', 'column-addition...', 'year-5-multi-ob...', 'addition-code-b...', 'multiplication-...', 'year-4-multi-ob...', 'year-3-multi-ob...', 'missing-number-...', 'missing-number-...', 'missing-number-...')
#6 /home/sites/2a/f/fae78d7b9a/ci4/system/CodeIgniter.php(400): CodeIgniter\CodeIgniter->runController(Object(App\Controllers\Resources))
#7 /home/sites/2a/f/fae78d7b9a/ci4/system/CodeIgniter.php(308): CodeIgniter\CodeIgniter->handleRequest(NULL, Object(Config\Cache), false)
#8 /home/sites/2a/f/fae78d7b9a/public_html/index.php(45): CodeIgniter\CodeIgniter->run()
#9 {main}
CRITICAL - 2022-05-19 06:23:31 --> Too many connections
#0 /home/sites/2a/f/fae78d7b9a/ci4/system/Database/BaseConnection.php(377): CodeIgniter\Database\MySQLi\Connection->connect(true)
#1 /home/sites/2a/f/fae78d7b9a/ci4/system/Database/BaseConnection.php(643): CodeIgniter\Database\BaseConnection->initialize()
#2 /home/sites/2a/f/fae78d7b9a/ci4/system/Database/BaseBuilder.php(1845): CodeIgniter\Database\BaseConnection->query('SELECT *\nFROM `...', Array, false)
#3 /home/sites/2a/f/fae78d7b9a/ci4/app/Models/ResourcesModel.php(17): CodeIgniter\Database\BaseBuilder->get(10)
#4 /home/sites/2a/f/fae78d7b9a/ci4/app/Controllers/Home.php(28): App\Models\ResourcesModel->load_latest_resources()
#5 /home/sites/2a/f/fae78d7b9a/ci4/system/CodeIgniter.php(914): App\Controllers\Home->index()
#6 /home/sites/2a/f/fae78d7b9a/ci4/system/CodeIgniter.php(400): CodeIgniter\CodeIgniter->runController(Object(App\Controllers\Home))
#7 /home/sites/2a/f/fae78d7b9a/ci4/system/CodeIgniter.php(308): CodeIgniter\CodeIgniter->handleRequest(NULL, Object(Config\Cache), false)
#8 /home/sites/2a/f/fae78d7b9a/public_html/index.php(45): CodeIgniter\CodeIgniter->run()
#9 {main}
CRITICAL - 2022-05-19 06:31:35 --> Too many connections
#0 /home/sites/2a/f/fae78d7b9a/ci4/system/Database/BaseConnection.php(377): CodeIgniter\Database\MySQLi\Connection->connect(true)
#1 /home/sites/2a/f/fae78d7b9a/ci4/system/Database/BaseConnection.php(643): CodeIgniter\Database\BaseConnection->initialize()
#2 /home/sites/2a/f/fae78d7b9a/ci4/system/Database/BaseBuilder.php(1845): CodeIgniter\Database\BaseConnection->query('SELECT *\nFROM `...', Array, false)
#3 /home/sites/2a/f/fae78d7b9a/ci4/app/Models/ResourcesModel.php(76): CodeIgniter\Database\BaseBuilder->get()
#4 /home/sites/2a/f/fae78d7b9a/ci4/app/Controllers/Resources.php(61): App\Models\ResourcesModel->get_resources(12, 'missing-number-...')
#5 /home/sites/2a/f/fae78d7b9a/ci4/system/CodeIgniter.php(914): App\Controllers\Resources->subjects('results', 'missing-number-...', 'ultimatedashmul...', 'year-3-multi-ob...', 'column-addition...', 'column-addition...', 'column-addition...', 'year-5-multi-ob...', 'addition-code-b...', 'missing-number-...', 'missing-number-...', 'year-4-multi-ob...', 'column-addition...', 'year-5-multi-ob...', 'ultimatedashmul...', 'missing-number-...', 'missing-number-...', 'year-4-multi-ob...', 'year-4-multi-ob...')
#6 /home/sites/2a/f/fae78d7b9a/ci4/system/CodeIgniter.php(400): CodeIgniter\CodeIgniter->runController(Object(App\Controllers\Resources))
#7 /home/sites/2a/f/fae78d7b9a/ci4/system/CodeIgniter.php(308): CodeIgniter\CodeIgniter->handleRequest(NULL, Object(Config\Cache), false)
#8 /home/sites/2a/f/fae78d7b9a/public_html/index.php(45): CodeIgniter\CodeIgniter->run()
#9 {main}
CRITICAL - 2022-05-19 06:46:25 --> Too many connections
#0 /home/sites/2a/f/fae78d7b9a/ci4/system/Database/BaseConnection.php(377): CodeIgniter\Database\MySQLi\Connection->connect(true)
#1 /home/sites/2a/f/fae78d7b9a/ci4/system/Database/BaseConnection.php(643): CodeIgniter\Database\BaseConnection->initialize()
#2 /home/sites/2a/f/fae78d7b9a/ci4/system/Database/BaseBuilder.php(1845): CodeIgniter\Database\BaseConnection->query('SELECT *\nFROM `...', Array, false)
#3 /home/sites/2a/f/fae78d7b9a/ci4/app/Models/ResourcesModel.php(76): CodeIgniter\Database\BaseBuilder->get()
#4 /home/sites/2a/f/fae78d7b9a/ci4/app/Controllers/Resources.php(61): App\Models\ResourcesModel->get_resources(12, 'column-addition...')
#5 /home/sites/2a/f/fae78d7b9a/ci4/system/CodeIgniter.php(914): App\Controllers\Resources->subjects('results', 'column-addition...', 'missing-number-...', 'addition-code-b...', 'column-addition...', 'column-addition...', 'ultimatedashmul...', 'year-3-multi-ob...', 'year-5-multi-ob...', 'missing-number-...', 'missing-number-...', 'multiplication-...', 'missing-number-...', 'column-addition...', 'year-3-multi-ob...', 'addition-code-b...', 'year-5-multi-ob...', 'missing-number-...')
#6 /home/sites/2a/f/fae78d7b9a/ci4/system/CodeIgniter.php(400): CodeIgniter\CodeIgniter->runController(Object(App\Controllers\Resources))
#7 /home/sites/2a/f/fae78d7b9a/ci4/system/CodeIgniter.php(308): CodeIgniter\CodeIgniter->handleRequest(NULL, Object(Config\Cache), false)
#8 /home/sites/2a/f/fae78d7b9a/public_html/index.php(45): CodeIgniter\CodeIgniter->run()
#9 {main}
CRITICAL - 2022-05-19 06:50:43 --> Too many connections
#0 /home/sites/2a/f/fae78d7b9a/ci4/system/Database/BaseConnection.php(377): CodeIgniter\Database\MySQLi\Connection->connect(true)
#1 /home/sites/2a/f/fae78d7b9a/ci4/system/Database/BaseConnection.php(643): CodeIgniter\Database\BaseConnection->initialize()
#2 /home/sites/2a/f/fae78d7b9a/ci4/system/Database/BaseBuilder.php(1845): CodeIgniter\Database\BaseConnection->query('SELECT *\nFROM `...', Array, false)
#3 /home/sites/2a/f/fae78d7b9a/ci4/app/Models/ResourcesModel.php(76): CodeIgniter\Database\BaseBuilder->get()
#4 /home/sites/2a/f/fae78d7b9a/ci4/app/Controllers/Resources.php(61): App\Models\ResourcesModel->get_resources(12, 'missing-number-...')
#5 /home/sites/2a/f/fae78d7b9a/ci4/system/CodeIgniter.php(914): App\Controllers\Resources->subjects('results', 'missing-number-...', 'ultimatedashmul...', 'year-3-multi-ob...', 'column-addition...', 'column-addition...', 'column-addition...', 'year-5-multi-ob...', 'addition-code-b...', 'missing-number-...', 'missing-number-...', 'missing-number-...', 'multiplication-...', 'ultimatedashmul...', 'year-5-multi-ob...', 'column-addition...', 'missing-number-...', 'addition-code-b...', 'addition-code-b...')
#6 /home/sites/2a/f/fae78d7b9a/ci4/system/CodeIgniter.php(400): CodeIgniter\CodeIgniter->runController(Object(App\Controllers\Resources))
#7 /home/sites/2a/f/fae78d7b9a/ci4/system/CodeIgniter.php(308): CodeIgniter\CodeIgniter->handleRequest(NULL, Object(Config\Cache), false)
#8 /home/sites/2a/f/fae78d7b9a/public_html/index.php(45): CodeIgniter\CodeIgniter->run()
#9 {main}
CRITICAL - 2022-05-19 07:00:20 --> Too many connections
#0 /home/sites/2a/f/fae78d7b9a/ci4/system/Database/BaseConnection.php(377): CodeIgniter\Database\MySQLi\Connection->connect(true)
#1 /home/sites/2a/f/fae78d7b9a/ci4/system/Database/BaseConnection.php(643): CodeIgniter\Database\BaseConnection->initialize()
#2 /home/sites/2a/f/fae78d7b9a/ci4/system/Database/BaseBuilder.php(1845): CodeIgniter\Database\BaseConnection->query('SELECT *\nFROM `...', Array, false)
#3 /home/sites/2a/f/fae78d7b9a/ci4/app/Models/ResourcesModel.php(76): CodeIgniter\Database\BaseBuilder->get()
#4 /home/sites/2a/f/fae78d7b9a/ci4/app/Controllers/Resources.php(61): App\Models\ResourcesModel->get_resources(12, 'missing-number-...')
#5 /home/sites/2a/f/fae78d7b9a/ci4/system/CodeIgniter.php(914): App\Controllers\Resources->subjects('results', 'missing-number-...', 'ultimatedashmul...', 'year-3-multi-ob...', 'column-addition...', 'column-addition...', 'column-addition...', 'year-5-multi-ob...', 'missing-number-...', 'missing-number-...', 'ultimatedashmul...', 'missing-number-...', 'multiplication-...', 'year-5-multi-ob...', 'addition-code-b...', 'year-4-multi-ob...', 'column-addition...')
#6 /home/sites/2a/f/fae78d7b9a/ci4/system/CodeIgniter.php(400): CodeIgniter\CodeIgniter->runController(Object(App\Controllers\Resources))
#7 /home/sites/2a/f/fae78d7b9a/ci4/system/CodeIgniter.php(308): CodeIgniter\CodeIgniter->handleRequest(NULL, Object(Config\Cache), false)
#8 /home/sites/2a/f/fae78d7b9a/public_html/index.php(45): CodeIgniter\CodeIgniter->run()
#9 {main}
CRITICAL - 2022-05-19 07:00:41 --> Too many connections
#0 /home/sites/2a/f/fae78d7b9a/ci4/system/Database/BaseConnection.php(377): CodeIgniter\Database\MySQLi\Connection->connect(true)
#1 /home/sites/2a/f/fae78d7b9a/ci4/system/Database/BaseConnection.php(643): CodeIgniter\Database\BaseConnection->initialize()
#2 /home/sites/2a/f/fae78d7b9a/ci4/system/Database/BaseBuilder.php(1845): CodeIgniter\Database\BaseConnection->query('SELECT *\nFROM `...', Array, false)
#3 /home/sites/2a/f/fae78d7b9a/ci4/app/Models/ResourcesModel.php(76): CodeIgniter\Database\BaseBuilder->get()
#4 /home/sites/2a/f/fae78d7b9a/ci4/app/Controllers/Resources.php(61): App\Models\ResourcesModel->get_resources(12, 'year-3-multi-ob...')
#5 /home/sites/2a/f/fae78d7b9a/ci4/system/CodeIgniter.php(914): App\Controllers\Resources->subjects('results', 'year-3-multi-ob...', 'missing-number-...', 'column-addition...', 'missing-number-...', 'missing-number-...', 'column-addition...', 'multiplication-...', 'year-4-multi-ob...', 'missing-number-...', 'missing-number-...')
#6 /home/sites/2a/f/fae78d7b9a/ci4/system/CodeIgniter.php(400): CodeIgniter\CodeIgniter->runController(Object(App\Controllers\Resources))
#7 /home/sites/2a/f/fae78d7b9a/ci4/system/CodeIgniter.php(308): CodeIgniter\CodeIgniter->handleRequest(NULL, Object(Config\Cache), false)
#8 /home/sites/2a/f/fae78d7b9a/public_html/index.php(45): CodeIgniter\CodeIgniter->run()
#9 {main}
CRITICAL - 2022-05-19 07:00:50 --> Too many connections
#0 /home/sites/2a/f/fae78d7b9a/ci4/system/Database/BaseConnection.php(377): CodeIgniter\Database\MySQLi\Connection->connect(true)
#1 /home/sites/2a/f/fae78d7b9a/ci4/system/Database/BaseConnection.php(643): CodeIgniter\Database\BaseConnection->initialize()
#2 /home/sites/2a/f/fae78d7b9a/ci4/system/Database/BaseBuilder.php(1845): CodeIgniter\Database\BaseConnection->query('SELECT *\nFROM `...', Array, false)
#3 /home/sites/2a/f/fae78d7b9a/ci4/app/Models/ResourcesModel.php(17): CodeIgniter\Database\BaseBuilder->get(10)
#4 /home/sites/2a/f/fae78d7b9a/ci4/app/Controllers/Home.php(28): App\Models\ResourcesModel->load_latest_resources()
#5 /home/sites/2a/f/fae78d7b9a/ci4/system/CodeIgniter.php(914): App\Controllers\Home->index()
#6 /home/sites/2a/f/fae78d7b9a/ci4/system/CodeIgniter.php(400): CodeIgniter\CodeIgniter->runController(Object(App\Controllers\Home))
#7 /home/sites/2a/f/fae78d7b9a/ci4/system/CodeIgniter.php(308): CodeIgniter\CodeIgniter->handleRequest(NULL, Object(Config\Cache), false)
#8 /home/sites/2a/f/fae78d7b9a/public_html/index.php(45): CodeIgniter\CodeIgniter->run()
#9 {main}
CRITICAL - 2022-05-19 07:02:06 --> Too many connections
#0 /home/sites/2a/f/fae78d7b9a/ci4/system/Database/BaseConnection.php(377): CodeIgniter\Database\MySQLi\Connection->connect(true)
#1 /home/sites/2a/f/fae78d7b9a/ci4/system/Database/BaseConnection.php(643): CodeIgniter\Database\BaseConnection->initialize()
#2 /home/sites/2a/f/fae78d7b9a/ci4/system/Database/BaseBuilder.php(1845): CodeIgniter\Database\BaseConnection->query('SELECT *\nFROM `...', Array, false)
#3 /home/sites/2a/f/fae78d7b9a/ci4/app/Models/ResourcesModel.php(17): CodeIgniter\Database\BaseBuilder->get(10)
#4 /home/sites/2a/f/fae78d7b9a/ci4/app/Controllers/Home.php(28): App\Models\ResourcesModel->load_latest_resources()
#5 /home/sites/2a/f/fae78d7b9a/ci4/system/CodeIgniter.php(914): App\Controllers\Home->index()
#6 /home/sites/2a/f/fae78d7b9a/ci4/system/CodeIgniter.php(400): CodeIgniter\CodeIgniter->runController(Object(App\Controllers\Home))
#7 /home/sites/2a/f/fae78d7b9a/ci4/system/CodeIgniter.php(308): CodeIgniter\CodeIgniter->handleRequest(NULL, Object(Config\Cache), false)
#8 /home/sites/2a/f/fae78d7b9a/public_html/index.php(45): CodeIgniter\CodeIgniter->run()
#9 {main}
CRITICAL - 2022-05-19 07:02:06 --> Too many connections
#0 /home/sites/2a/f/fae78d7b9a/ci4/system/Database/BaseConnection.php(377): CodeIgniter\Database\MySQLi\Connection->connect(true)
#1 /home/sites/2a/f/fae78d7b9a/ci4/system/Database/BaseConnection.php(643): CodeIgniter\Database\BaseConnection->initialize()
#2 /home/sites/2a/f/fae78d7b9a/ci4/system/Database/BaseBuilder.php(1845): CodeIgniter\Database\BaseConnection->query('SELECT *\nFROM `...', Array, false)
#3 /home/sites/2a/f/fae78d7b9a/ci4/app/Models/ResourcesModel.php(17): CodeIgniter\Database\BaseBuilder->get(10)
#4 /home/sites/2a/f/fae78d7b9a/ci4/app/Controllers/Home.php(28): App\Models\ResourcesModel->load_latest_resources()
#5 /home/sites/2a/f/fae78d7b9a/ci4/system/CodeIgniter.php(914): App\Controllers\Home->index()
#6 /home/sites/2a/f/fae78d7b9a/ci4/system/CodeIgniter.php(400): CodeIgniter\CodeIgniter->runController(Object(App\Controllers\Home))
#7 /home/sites/2a/f/fae78d7b9a/ci4/system/CodeIgniter.php(308): CodeIgniter\CodeIgniter->handleRequest(NULL, Object(Config\Cache), false)
#8 /home/sites/2a/f/fae78d7b9a/public_html/index.php(45): CodeIgniter\CodeIgniter->run()
#9 {main}
CRITICAL - 2022-05-19 07:03:12 --> Too many connections
#0 /home/sites/2a/f/fae78d7b9a/ci4/system/Database/BaseConnection.php(377): CodeIgniter\Database\MySQLi\Connection->connect(true)
#1 /home/sites/2a/f/fae78d7b9a/ci4/system/Database/BaseConnection.php(643): CodeIgniter\Database\BaseConnection->initialize()
#2 /home/sites/2a/f/fae78d7b9a/ci4/system/Database/BaseBuilder.php(1845): CodeIgniter\Database\BaseConnection->query('SELECT *\nFROM `...', Array, false)
#3 /home/sites/2a/f/fae78d7b9a/ci4/app/Models/ResourcesModel.php(76): CodeIgniter\Database\BaseBuilder->get()
#4 /home/sites/2a/f/fae78d7b9a/ci4/app/Controllers/Resources.php(61): App\Models\ResourcesModel->get_resources(12, 'year-3-multi-ob...')
#5 /home/sites/2a/f/fae78d7b9a/ci4/system/CodeIgniter.php(914): App\Controllers\Resources->subjects('results', 'year-3-multi-ob...', 'missing-number-...', 'column-addition...', 'missing-number-...', 'missing-number-...', 'addition-code-b...', 'multiplication-...', 'year-5-multi-ob...', 'missing-number-...', 'year-4-multi-ob...', 'year-4-multi-ob...')
#6 /home/sites/2a/f/fae78d7b9a/ci4/system/CodeIgniter.php(400): CodeIgniter\CodeIgniter->runController(Object(App\Controllers\Resources))
#7 /home/sites/2a/f/fae78d7b9a/ci4/system/CodeIgniter.php(308): CodeIgniter\CodeIgniter->handleRequest(NULL, Object(Config\Cache), false)
#8 /home/sites/2a/f/fae78d7b9a/public_html/index.php(45): CodeIgniter\CodeIgniter->run()
#9 {main}
CRITICAL - 2022-05-19 16:33:45 --> 
#0 /home/sites/2a/f/fae78d7b9a/ci4/system/View/View.php(228): CodeIgniter\Exceptions\FrameworkException::forInvalidFile('../../..//index...')
#1 /home/sites/2a/f/fae78d7b9a/ci4/system/Common.php(1087): CodeIgniter\View\View->render('../../..//index', Array, true)
#2 /home/sites/2a/f/fae78d7b9a/ci4/app/Controllers/Resources.php(93): view('../../..//index', Array)
#3 /home/sites/2a/f/fae78d7b9a/ci4/system/CodeIgniter.php(914): App\Controllers\Resources->load('multiplicationM...', 'index')
#4 /home/sites/2a/f/fae78d7b9a/ci4/system/CodeIgniter.php(400): CodeIgniter\CodeIgniter->runController(Object(App\Controllers\Resources))
#5 /home/sites/2a/f/fae78d7b9a/ci4/system/CodeIgniter.php(308): CodeIgniter\CodeIgniter->handleRequest(NULL, Object(Config\Cache), false)
#6 /home/sites/2a/f/fae78d7b9a/public_html/index.php(45): CodeIgniter\CodeIgniter->run()
#7 {main}
CRITICAL - 2022-05-19 17:53:58 --> Connection refused
#0 /home/sites/2a/f/fae78d7b9a/ci4/system/Database/BaseConnection.php(377): CodeIgniter\Database\MySQLi\Connection->connect(true)
#1 /home/sites/2a/f/fae78d7b9a/ci4/system/Database/BaseConnection.php(643): CodeIgniter\Database\BaseConnection->initialize()
#2 /home/sites/2a/f/fae78d7b9a/ci4/system/Database/BaseBuilder.php(1845): CodeIgniter\Database\BaseConnection->query('SELECT *\nFROM `...', Array, false)
#3 /home/sites/2a/f/fae78d7b9a/ci4/app/Models/ResourcesModel.php(76): CodeIgniter\Database\BaseBuilder->get()
#4 /home/sites/2a/f/fae78d7b9a/ci4/app/Controllers/Resources.php(61): App\Models\ResourcesModel->get_resources(12, 'column-addition...')
#5 /home/sites/2a/f/fae78d7b9a/ci4/system/CodeIgniter.php(914): App\Controllers\Resources->subjects('results', 'column-addition...', 'missing-number-...', 'addition-code-b...', 'column-addition...', 'column-addition...', 'ultimatedashmul...', 'year-3-multi-ob...', 'year-5-multi-ob...', 'year-4-multi-ob...', 'missing-number-...', 'missing-number-...', 'missing-number-...')
#6 /home/sites/2a/f/fae78d7b9a/ci4/system/CodeIgniter.php(400): CodeIgniter\CodeIgniter->runController(Object(App\Controllers\Resources))
#7 /home/sites/2a/f/fae78d7b9a/ci4/system/CodeIgniter.php(308): CodeIgniter\CodeIgniter->handleRequest(NULL, Object(Config\Cache), false)
#8 /home/sites/2a/f/fae78d7b9a/public_html/index.php(45): CodeIgniter\CodeIgniter->run()
#9 {main}
CRITICAL - 2022-05-19 21:09:36 --> 
#0 /home/sites/2a/f/fae78d7b9a/ci4/system/View/View.php(228): CodeIgniter\Exceptions\FrameworkException::forInvalidFile('../../..//index...')
#1 /home/sites/2a/f/fae78d7b9a/ci4/system/Common.php(1087): CodeIgniter\View\View->render('../../..//index', Array, true)
#2 /home/sites/2a/f/fae78d7b9a/ci4/app/Controllers/Resources.php(93): view('../../..//index', Array)
#3 /home/sites/2a/f/fae78d7b9a/ci4/system/CodeIgniter.php(914): App\Controllers\Resources->load('MissingNumberSu...', 'index')
#4 /home/sites/2a/f/fae78d7b9a/ci4/system/CodeIgniter.php(400): CodeIgniter\CodeIgniter->runController(Object(App\Controllers\Resources))
#5 /home/sites/2a/f/fae78d7b9a/ci4/system/CodeIgniter.php(308): CodeIgniter\CodeIgniter->handleRequest(NULL, Object(Config\Cache), false)
#6 /home/sites/2a/f/fae78d7b9a/public_html/index.php(45): CodeIgniter\CodeIgniter->run()
#7 {main}
CRITICAL - 2022-05-19 23:11:04 --> MySQL server has gone away
#0 /home/sites/2a/f/fae78d7b9a/ci4/system/Database/MySQLi/Connection.php(331): mysqli->query('SELECT *\nFROM `...')
#1 /home/sites/2a/f/fae78d7b9a/ci4/system/Database/BaseConnection.php(738): CodeIgniter\Database\MySQLi\Connection->execute('SELECT *\nFROM `...')
#2 /home/sites/2a/f/fae78d7b9a/ci4/system/Database/BaseConnection.php(666): CodeIgniter\Database\BaseConnection->simpleQuery('SELECT *\nFROM `...')
#3 /home/sites/2a/f/fae78d7b9a/ci4/system/Database/BaseBuilder.php(1845): CodeIgniter\Database\BaseConnection->query('SELECT *\nFROM `...', Array, false)
#4 /home/sites/2a/f/fae78d7b9a/ci4/app/Models/ResourcesModel.php(76): CodeIgniter\Database\BaseBuilder->get()
#5 /home/sites/2a/f/fae78d7b9a/ci4/app/Controllers/Resources.php(61): App\Models\ResourcesModel->get_resources(12, 'year-4-multi-ob...')
#6 /home/sites/2a/f/fae78d7b9a/ci4/system/CodeIgniter.php(914): App\Controllers\Resources->subjects('results', 'year-4-multi-ob...', 'missing-number-...', 'missing-number-...', 'addition-code-b...', 'missing-number-...', 'missing-number-...')
#7 /home/sites/2a/f/fae78d7b9a/ci4/system/CodeIgniter.php(400): CodeIgniter\CodeIgniter->runController(Object(App\Controllers\Resources))
#8 /home/sites/2a/f/fae78d7b9a/ci4/system/CodeIgniter.php(308): CodeIgniter\CodeIgniter->handleRequest(NULL, Object(Config\Cache), false)
#9 /home/sites/2a/f/fae78d7b9a/public_html/index.php(45): CodeIgniter\CodeIgniter->run()
#10 {main}
CRITICAL - 2022-05-19 23:11:05 --> Connection refused
#0 /home/sites/2a/f/fae78d7b9a/ci4/system/Database/BaseConnection.php(377): CodeIgniter\Database\MySQLi\Connection->connect(true)
#1 /home/sites/2a/f/fae78d7b9a/ci4/system/Database/BaseConnection.php(643): CodeIgniter\Database\BaseConnection->initialize()
#2 /home/sites/2a/f/fae78d7b9a/ci4/system/Database/BaseBuilder.php(1845): CodeIgniter\Database\BaseConnection->query('SELECT *\nFROM `...', Array, false)
#3 /home/sites/2a/f/fae78d7b9a/ci4/app/Models/ResourcesModel.php(76): CodeIgniter\Database\BaseBuilder->get()
#4 /home/sites/2a/f/fae78d7b9a/ci4/app/Controllers/Resources.php(61): App\Models\ResourcesModel->get_resources(12, 'year-5-multi-ob...')
#5 /home/sites/2a/f/fae78d7b9a/ci4/system/CodeIgniter.php(914): App\Controllers\Resources->subjects('results', 'year-5-multi-ob...', 'column-addition...', 'ultimatedashmul...', 'missing-number-...', 'year-3-multi-ob...', 'year-3-multi-ob...')
#6 /home/sites/2a/f/fae78d7b9a/ci4/system/CodeIgniter.php(400): CodeIgniter\CodeIgniter->runController(Object(App\Controllers\Resources))
#7 /home/sites/2a/f/fae78d7b9a/ci4/system/CodeIgniter.php(308): CodeIgniter\CodeIgniter->handleRequest(NULL, Object(Config\Cache), false)
#8 /home/sites/2a/f/fae78d7b9a/public_html/index.php(45): CodeIgniter\CodeIgniter->run()
#9 {main}
