CRITICAL - 2022-04-01 09:18:13 --> Connection refused
#0 /home/sites/2a/f/fae78d7b9a/ci4/system/Database/BaseConnection.php(377): CodeIgniter\Database\MySQLi\Connection->connect(true)
#1 /home/sites/2a/f/fae78d7b9a/ci4/system/Database/BaseConnection.php(643): CodeIgniter\Database\BaseConnection->initialize()
#2 /home/sites/2a/f/fae78d7b9a/ci4/system/Database/BaseBuilder.php(1845): CodeIgniter\Database\BaseConnection->query('SELECT *\nFROM `...', Array, false)
#3 /home/sites/2a/f/fae78d7b9a/ci4/app/Models/ResourcesModel.php(76): CodeIgniter\Database\BaseBuilder->get()
#4 /home/sites/2a/f/fae78d7b9a/ci4/app/Controllers/Resources.php(61): App\Models\ResourcesModel->get_resources(12, 'column-addition...')
#5 /home/sites/2a/f/fae78d7b9a/ci4/system/CodeIgniter.php(914): App\Controllers\Resources->subjects('results', 'column-addition...', 'missing-number-...', 'multiplication-...', 'column-addition...', 'year-4-multi-ob...', 'addition-code-b...', 'year-5-multi-ob...', 'column-addition...', 'missing-number-...', 'missing-number-...', 'multiplication-...', 'year-4-multi-ob...', 'addition-code-b...', 'year-5-multi-ob...', 'ultimatedashmul...', 'addition-code-b...', 'missing-number-...', 'missing-number-...')
#6 /home/sites/2a/f/fae78d7b9a/ci4/system/CodeIgniter.php(400): CodeIgniter\CodeIgniter->runController(Object(App\Controllers\Resources))
#7 /home/sites/2a/f/fae78d7b9a/ci4/system/CodeIgniter.php(308): CodeIgniter\CodeIgniter->handleRequest(NULL, Object(Config\Cache), false)
#8 /home/sites/2a/f/fae78d7b9a/public_html/index.php(45): CodeIgniter\CodeIgniter->run()
#9 {main}
CRITICAL - 2022-04-01 09:18:16 --> Connection refused
#0 /home/sites/2a/f/fae78d7b9a/ci4/system/Database/BaseConnection.php(377): CodeIgniter\Database\MySQLi\Connection->connect(true)
#1 /home/sites/2a/f/fae78d7b9a/ci4/system/Database/BaseConnection.php(643): CodeIgniter\Database\BaseConnection->initialize()
#2 /home/sites/2a/f/fae78d7b9a/ci4/system/Database/BaseBuilder.php(1845): CodeIgniter\Database\BaseConnection->query('SELECT *\nFROM `...', Array, false)
#3 /home/sites/2a/f/fae78d7b9a/ci4/app/Models/ResourcesModel.php(76): CodeIgniter\Database\BaseBuilder->get()
#4 /home/sites/2a/f/fae78d7b9a/ci4/app/Controllers/Resources.php(61): App\Models\ResourcesModel->get_resources(12, 'column-addition...')
#5 /home/sites/2a/f/fae78d7b9a/ci4/system/CodeIgniter.php(914): App\Controllers\Resources->subjects('results', 'column-addition...', 'missing-number-...', 'multiplication-...', 'column-addition...', 'year-4-multi-ob...', 'addition-code-b...', 'year-5-multi-ob...', 'column-addition...', 'missing-number-...', 'missing-number-...', 'year-4-multi-ob...', 'addition-code-b...', 'missing-number-...', 'column-addition...', 'missing-number-...', 'year-5-multi-ob...', 'missing-number-...', 'missing-number-...')
#6 /home/sites/2a/f/fae78d7b9a/ci4/system/CodeIgniter.php(400): CodeIgniter\CodeIgniter->runController(Object(App\Controllers\Resources))
#7 /home/sites/2a/f/fae78d7b9a/ci4/system/CodeIgniter.php(308): CodeIgniter\CodeIgniter->handleRequest(NULL, Object(Config\Cache), false)
#8 /home/sites/2a/f/fae78d7b9a/public_html/index.php(45): CodeIgniter\CodeIgniter->run()
#9 {main}
