CRITICAL - 2023-08-16 08:22:27 --> 
#0 /Users/markpearson/Documents/Projects/My Websites/Teacherpedia - downloaded 15.8.23/ci4/system/View/View.php(228): CodeIgniter\Exceptions\FrameworkException::forInvalidFile('../../../resour...')
#1 /Users/markpearson/Documents/Projects/My Websites/Teacherpedia - downloaded 15.8.23/ci4/system/Common.php(1087): CodeIgniter\View\View->render('../../../resour...', Array, true)
#2 /Users/markpearson/Documents/Projects/My Websites/Teacherpedia - downloaded 15.8.23/ci4/app/Controllers/Resources.php(93): view('../../../resour...', Array)
#3 /Users/markpearson/Documents/Projects/My Websites/Teacherpedia - downloaded 15.8.23/ci4/system/CodeIgniter.php(914): App\Controllers\Resources->load()
#4 /Users/markpearson/Documents/Projects/My Websites/Teacherpedia - downloaded 15.8.23/ci4/system/CodeIgniter.php(400): CodeIgniter\CodeIgniter->runController(Object(App\Controllers\Resources))
#5 /Users/markpearson/Documents/Projects/My Websites/Teacherpedia - downloaded 15.8.23/ci4/system/CodeIgniter.php(308): CodeIgniter\CodeIgniter->handleRequest(NULL, Object(Config\Cache), false)
#6 /Users/markpearson/Documents/Projects/My Websites/Teacherpedia - downloaded 15.8.23/public_html/index.php(45): CodeIgniter\CodeIgniter->run()
#7 {main}
CRITICAL - 2023-08-16 08:23:11 --> 
#0 /Users/markpearson/Documents/Projects/My Websites/Teacherpedia - downloaded 15.8.23/ci4/system/View/View.php(228): CodeIgniter\Exceptions\FrameworkException::forInvalidFile('../../../resour...')
#1 /Users/markpearson/Documents/Projects/My Websites/Teacherpedia - downloaded 15.8.23/ci4/system/Common.php(1087): CodeIgniter\View\View->render('../../../resour...', Array, true)
#2 /Users/markpearson/Documents/Projects/My Websites/Teacherpedia - downloaded 15.8.23/ci4/app/Controllers/Resources.php(93): view('../../../resour...', Array)
#3 /Users/markpearson/Documents/Projects/My Websites/Teacherpedia - downloaded 15.8.23/ci4/system/CodeIgniter.php(914): App\Controllers\Resources->load()
#4 /Users/markpearson/Documents/Projects/My Websites/Teacherpedia - downloaded 15.8.23/ci4/system/CodeIgniter.php(400): CodeIgniter\CodeIgniter->runController(Object(App\Controllers\Resources))
#5 /Users/markpearson/Documents/Projects/My Websites/Teacherpedia - downloaded 15.8.23/ci4/system/CodeIgniter.php(308): CodeIgniter\CodeIgniter->handleRequest(NULL, Object(Config\Cache), false)
#6 /Users/markpearson/Documents/Projects/My Websites/Teacherpedia - downloaded 15.8.23/public_html/index.php(45): CodeIgniter\CodeIgniter->run()
#7 {main}
CRITICAL - 2023-08-16 08:23:14 --> Class 'App\Controllers\BaseController' not found
#0 /Users/markpearson/Documents/Projects/My Websites/Teacherpedia - downloaded 15.8.23/ci4/system/Router/Router.php(575): include_once()
#1 /Users/markpearson/Documents/Projects/My Websites/Teacherpedia - downloaded 15.8.23/ci4/system/Router/Router.php(192): CodeIgniter\Router\Router->autoRoute('home')
#2 /Users/markpearson/Documents/Projects/My Websites/Teacherpedia - downloaded 15.8.23/ci4/system/CodeIgniter.php(789): CodeIgniter\Router\Router->handle('home')
#3 /Users/markpearson/Documents/Projects/My Websites/Teacherpedia - downloaded 15.8.23/ci4/system/CodeIgniter.php(360): CodeIgniter\CodeIgniter->tryToRouteIt(Object(CodeIgniter\Router\RouteCollection))
#4 /Users/markpearson/Documents/Projects/My Websites/Teacherpedia - downloaded 15.8.23/ci4/system/CodeIgniter.php(308): CodeIgniter\CodeIgniter->handleRequest(NULL, Object(Config\Cache), false)
#5 /Users/markpearson/Documents/Projects/My Websites/Teacherpedia - downloaded 15.8.23/public_html/index.php(45): CodeIgniter\CodeIgniter->run()
#6 {main}
CRITICAL - 2023-08-16 08:23:15 --> Class 'App\Controllers\BaseController' not found
#0 /Users/markpearson/Documents/Projects/My Websites/Teacherpedia - downloaded 15.8.23/ci4/system/Autoloader/Autoloader.php(365): require_once()
#1 /Users/markpearson/Documents/Projects/My Websites/Teacherpedia - downloaded 15.8.23/ci4/system/Autoloader/Autoloader.php(296): CodeIgniter\Autoloader\Autoloader->requireFile('/Users/markpear...')
#2 /Users/markpearson/Documents/Projects/My Websites/Teacherpedia - downloaded 15.8.23/ci4/system/Autoloader/Autoloader.php(258): CodeIgniter\Autoloader\Autoloader->loadInNamespace('App\\Controllers...')
#3 [internal function]: CodeIgniter\Autoloader\Autoloader->loadClass('App\\Controllers...')
#4 [internal function]: spl_autoload_call('App\\Controllers...')
#5 /Users/markpearson/Documents/Projects/My Websites/Teacherpedia - downloaded 15.8.23/ci4/system/CodeIgniter.php(865): class_exists('\\App\\Controller...', true)
#6 /Users/markpearson/Documents/Projects/My Websites/Teacherpedia - downloaded 15.8.23/ci4/system/CodeIgniter.php(390): CodeIgniter\CodeIgniter->startController()
#7 /Users/markpearson/Documents/Projects/My Websites/Teacherpedia - downloaded 15.8.23/ci4/system/CodeIgniter.php(308): CodeIgniter\CodeIgniter->handleRequest(NULL, Object(Config\Cache), false)
#8 /Users/markpearson/Documents/Projects/My Websites/Teacherpedia - downloaded 15.8.23/public_html/index.php(45): CodeIgniter\CodeIgniter->run()
#9 {main}
CRITICAL - 2023-08-16 08:23:17 --> Class 'App\Controllers\BaseController' not found
#0 /Users/markpearson/Documents/Projects/My Websites/Teacherpedia - downloaded 15.8.23/ci4/system/Autoloader/Autoloader.php(365): require_once()
#1 /Users/markpearson/Documents/Projects/My Websites/Teacherpedia - downloaded 15.8.23/ci4/system/Autoloader/Autoloader.php(296): CodeIgniter\Autoloader\Autoloader->requireFile('/Users/markpear...')
#2 /Users/markpearson/Documents/Projects/My Websites/Teacherpedia - downloaded 15.8.23/ci4/system/Autoloader/Autoloader.php(258): CodeIgniter\Autoloader\Autoloader->loadInNamespace('App\\Controllers...')
#3 [internal function]: CodeIgniter\Autoloader\Autoloader->loadClass('App\\Controllers...')
#4 [internal function]: spl_autoload_call('App\\Controllers...')
#5 /Users/markpearson/Documents/Projects/My Websites/Teacherpedia - downloaded 15.8.23/ci4/system/CodeIgniter.php(865): class_exists('\\App\\Controller...', true)
#6 /Users/markpearson/Documents/Projects/My Websites/Teacherpedia - downloaded 15.8.23/ci4/system/CodeIgniter.php(390): CodeIgniter\CodeIgniter->startController()
#7 /Users/markpearson/Documents/Projects/My Websites/Teacherpedia - downloaded 15.8.23/ci4/system/CodeIgniter.php(308): CodeIgniter\CodeIgniter->handleRequest(NULL, Object(Config\Cache), false)
#8 /Users/markpearson/Documents/Projects/My Websites/Teacherpedia - downloaded 15.8.23/public_html/index.php(45): CodeIgniter\CodeIgniter->run()
#9 {main}
CRITICAL - 2023-08-16 08:23:23 --> Class 'App\Controllers\BaseController' not found
#0 /Users/markpearson/Documents/Projects/My Websites/Teacherpedia - downloaded 15.8.23/ci4/system/Autoloader/Autoloader.php(365): require_once()
#1 /Users/markpearson/Documents/Projects/My Websites/Teacherpedia - downloaded 15.8.23/ci4/system/Autoloader/Autoloader.php(296): CodeIgniter\Autoloader\Autoloader->requireFile('/Users/markpear...')
#2 /Users/markpearson/Documents/Projects/My Websites/Teacherpedia - downloaded 15.8.23/ci4/system/Autoloader/Autoloader.php(258): CodeIgniter\Autoloader\Autoloader->loadInNamespace('App\\Controllers...')
#3 [internal function]: CodeIgniter\Autoloader\Autoloader->loadClass('App\\Controllers...')
#4 [internal function]: spl_autoload_call('App\\Controllers...')
#5 /Users/markpearson/Documents/Projects/My Websites/Teacherpedia - downloaded 15.8.23/ci4/system/CodeIgniter.php(865): class_exists('\\App\\Controller...', true)
#6 /Users/markpearson/Documents/Projects/My Websites/Teacherpedia - downloaded 15.8.23/ci4/system/CodeIgniter.php(390): CodeIgniter\CodeIgniter->startController()
#7 /Users/markpearson/Documents/Projects/My Websites/Teacherpedia - downloaded 15.8.23/ci4/system/CodeIgniter.php(308): CodeIgniter\CodeIgniter->handleRequest(NULL, Object(Config\Cache), false)
#8 /Users/markpearson/Documents/Projects/My Websites/Teacherpedia - downloaded 15.8.23/public_html/index.php(45): CodeIgniter\CodeIgniter->run()
#9 {main}
CRITICAL - 2023-08-16 08:23:24 --> Class 'App\Controllers\BaseController' not found
#0 /Users/markpearson/Documents/Projects/My Websites/Teacherpedia - downloaded 15.8.23/ci4/system/Autoloader/Autoloader.php(365): require_once()
#1 /Users/markpearson/Documents/Projects/My Websites/Teacherpedia - downloaded 15.8.23/ci4/system/Autoloader/Autoloader.php(296): CodeIgniter\Autoloader\Autoloader->requireFile('/Users/markpear...')
#2 /Users/markpearson/Documents/Projects/My Websites/Teacherpedia - downloaded 15.8.23/ci4/system/Autoloader/Autoloader.php(258): CodeIgniter\Autoloader\Autoloader->loadInNamespace('App\\Controllers...')
#3 [internal function]: CodeIgniter\Autoloader\Autoloader->loadClass('App\\Controllers...')
#4 [internal function]: spl_autoload_call('App\\Controllers...')
#5 /Users/markpearson/Documents/Projects/My Websites/Teacherpedia - downloaded 15.8.23/ci4/system/CodeIgniter.php(865): class_exists('\\App\\Controller...', true)
#6 /Users/markpearson/Documents/Projects/My Websites/Teacherpedia - downloaded 15.8.23/ci4/system/CodeIgniter.php(390): CodeIgniter\CodeIgniter->startController()
#7 /Users/markpearson/Documents/Projects/My Websites/Teacherpedia - downloaded 15.8.23/ci4/system/CodeIgniter.php(308): CodeIgniter\CodeIgniter->handleRequest(NULL, Object(Config\Cache), false)
#8 /Users/markpearson/Documents/Projects/My Websites/Teacherpedia - downloaded 15.8.23/public_html/index.php(45): CodeIgniter\CodeIgniter->run()
#9 {main}
CRITICAL - 2023-08-16 08:23:27 --> Class 'App\Controllers\BaseController' not found
#0 /Users/markpearson/Documents/Projects/My Websites/Teacherpedia - downloaded 15.8.23/ci4/system/Autoloader/Autoloader.php(365): require_once()
#1 /Users/markpearson/Documents/Projects/My Websites/Teacherpedia - downloaded 15.8.23/ci4/system/Autoloader/Autoloader.php(296): CodeIgniter\Autoloader\Autoloader->requireFile('/Users/markpear...')
#2 /Users/markpearson/Documents/Projects/My Websites/Teacherpedia - downloaded 15.8.23/ci4/system/Autoloader/Autoloader.php(258): CodeIgniter\Autoloader\Autoloader->loadInNamespace('App\\Controllers...')
#3 [internal function]: CodeIgniter\Autoloader\Autoloader->loadClass('App\\Controllers...')
#4 [internal function]: spl_autoload_call('App\\Controllers...')
#5 /Users/markpearson/Documents/Projects/My Websites/Teacherpedia - downloaded 15.8.23/ci4/system/CodeIgniter.php(865): class_exists('\\App\\Controller...', true)
#6 /Users/markpearson/Documents/Projects/My Websites/Teacherpedia - downloaded 15.8.23/ci4/system/CodeIgniter.php(390): CodeIgniter\CodeIgniter->startController()
#7 /Users/markpearson/Documents/Projects/My Websites/Teacherpedia - downloaded 15.8.23/ci4/system/CodeIgniter.php(308): CodeIgniter\CodeIgniter->handleRequest(NULL, Object(Config\Cache), false)
#8 /Users/markpearson/Documents/Projects/My Websites/Teacherpedia - downloaded 15.8.23/public_html/index.php(45): CodeIgniter\CodeIgniter->run()
#9 {main}
CRITICAL - 2023-08-16 08:23:28 --> Class 'App\Controllers\BaseController' not found
#0 /Users/markpearson/Documents/Projects/My Websites/Teacherpedia - downloaded 15.8.23/ci4/system/Autoloader/Autoloader.php(365): require_once()
#1 /Users/markpearson/Documents/Projects/My Websites/Teacherpedia - downloaded 15.8.23/ci4/system/Autoloader/Autoloader.php(296): CodeIgniter\Autoloader\Autoloader->requireFile('/Users/markpear...')
#2 /Users/markpearson/Documents/Projects/My Websites/Teacherpedia - downloaded 15.8.23/ci4/system/Autoloader/Autoloader.php(258): CodeIgniter\Autoloader\Autoloader->loadInNamespace('App\\Controllers...')
#3 [internal function]: CodeIgniter\Autoloader\Autoloader->loadClass('App\\Controllers...')
#4 [internal function]: spl_autoload_call('App\\Controllers...')
#5 /Users/markpearson/Documents/Projects/My Websites/Teacherpedia - downloaded 15.8.23/ci4/system/CodeIgniter.php(865): class_exists('\\App\\Controller...', true)
#6 /Users/markpearson/Documents/Projects/My Websites/Teacherpedia - downloaded 15.8.23/ci4/system/CodeIgniter.php(390): CodeIgniter\CodeIgniter->startController()
#7 /Users/markpearson/Documents/Projects/My Websites/Teacherpedia - downloaded 15.8.23/ci4/system/CodeIgniter.php(308): CodeIgniter\CodeIgniter->handleRequest(NULL, Object(Config\Cache), false)
#8 /Users/markpearson/Documents/Projects/My Websites/Teacherpedia - downloaded 15.8.23/public_html/index.php(45): CodeIgniter\CodeIgniter->run()
#9 {main}
CRITICAL - 2023-08-16 08:23:29 --> Class 'App\Controllers\BaseController' not found
#0 /Users/markpearson/Documents/Projects/My Websites/Teacherpedia - downloaded 15.8.23/ci4/system/Autoloader/Autoloader.php(365): require_once()
#1 /Users/markpearson/Documents/Projects/My Websites/Teacherpedia - downloaded 15.8.23/ci4/system/Autoloader/Autoloader.php(296): CodeIgniter\Autoloader\Autoloader->requireFile('/Users/markpear...')
#2 /Users/markpearson/Documents/Projects/My Websites/Teacherpedia - downloaded 15.8.23/ci4/system/Autoloader/Autoloader.php(258): CodeIgniter\Autoloader\Autoloader->loadInNamespace('App\\Controllers...')
#3 [internal function]: CodeIgniter\Autoloader\Autoloader->loadClass('App\\Controllers...')
#4 [internal function]: spl_autoload_call('App\\Controllers...')
#5 /Users/markpearson/Documents/Projects/My Websites/Teacherpedia - downloaded 15.8.23/ci4/system/CodeIgniter.php(865): class_exists('\\App\\Controller...', true)
#6 /Users/markpearson/Documents/Projects/My Websites/Teacherpedia - downloaded 15.8.23/ci4/system/CodeIgniter.php(390): CodeIgniter\CodeIgniter->startController()
#7 /Users/markpearson/Documents/Projects/My Websites/Teacherpedia - downloaded 15.8.23/ci4/system/CodeIgniter.php(308): CodeIgniter\CodeIgniter->handleRequest(NULL, Object(Config\Cache), false)
#8 /Users/markpearson/Documents/Projects/My Websites/Teacherpedia - downloaded 15.8.23/public_html/index.php(45): CodeIgniter\CodeIgniter->run()
#9 {main}
CRITICAL - 2023-08-16 08:23:30 --> Class 'App\Controllers\BaseController' not found
#0 /Users/markpearson/Documents/Projects/My Websites/Teacherpedia - downloaded 15.8.23/ci4/system/Autoloader/Autoloader.php(365): require_once()
#1 /Users/markpearson/Documents/Projects/My Websites/Teacherpedia - downloaded 15.8.23/ci4/system/Autoloader/Autoloader.php(296): CodeIgniter\Autoloader\Autoloader->requireFile('/Users/markpear...')
#2 /Users/markpearson/Documents/Projects/My Websites/Teacherpedia - downloaded 15.8.23/ci4/system/Autoloader/Autoloader.php(258): CodeIgniter\Autoloader\Autoloader->loadInNamespace('App\\Controllers...')
#3 [internal function]: CodeIgniter\Autoloader\Autoloader->loadClass('App\\Controllers...')
#4 [internal function]: spl_autoload_call('App\\Controllers...')
#5 /Users/markpearson/Documents/Projects/My Websites/Teacherpedia - downloaded 15.8.23/ci4/system/CodeIgniter.php(865): class_exists('\\App\\Controller...', true)
#6 /Users/markpearson/Documents/Projects/My Websites/Teacherpedia - downloaded 15.8.23/ci4/system/CodeIgniter.php(390): CodeIgniter\CodeIgniter->startController()
#7 /Users/markpearson/Documents/Projects/My Websites/Teacherpedia - downloaded 15.8.23/ci4/system/CodeIgniter.php(308): CodeIgniter\CodeIgniter->handleRequest(NULL, Object(Config\Cache), false)
#8 /Users/markpearson/Documents/Projects/My Websites/Teacherpedia - downloaded 15.8.23/public_html/index.php(45): CodeIgniter\CodeIgniter->run()
#9 {main}
CRITICAL - 2023-08-16 08:23:31 --> Class 'App\Controllers\BaseController' not found
#0 /Users/markpearson/Documents/Projects/My Websites/Teacherpedia - downloaded 15.8.23/ci4/system/Autoloader/Autoloader.php(365): require_once()
#1 /Users/markpearson/Documents/Projects/My Websites/Teacherpedia - downloaded 15.8.23/ci4/system/Autoloader/Autoloader.php(296): CodeIgniter\Autoloader\Autoloader->requireFile('/Users/markpear...')
#2 /Users/markpearson/Documents/Projects/My Websites/Teacherpedia - downloaded 15.8.23/ci4/system/Autoloader/Autoloader.php(258): CodeIgniter\Autoloader\Autoloader->loadInNamespace('App\\Controllers...')
#3 [internal function]: CodeIgniter\Autoloader\Autoloader->loadClass('App\\Controllers...')
#4 [internal function]: spl_autoload_call('App\\Controllers...')
#5 /Users/markpearson/Documents/Projects/My Websites/Teacherpedia - downloaded 15.8.23/ci4/system/CodeIgniter.php(865): class_exists('\\App\\Controller...', true)
#6 /Users/markpearson/Documents/Projects/My Websites/Teacherpedia - downloaded 15.8.23/ci4/system/CodeIgniter.php(390): CodeIgniter\CodeIgniter->startController()
#7 /Users/markpearson/Documents/Projects/My Websites/Teacherpedia - downloaded 15.8.23/ci4/system/CodeIgniter.php(308): CodeIgniter\CodeIgniter->handleRequest(NULL, Object(Config\Cache), false)
#8 /Users/markpearson/Documents/Projects/My Websites/Teacherpedia - downloaded 15.8.23/public_html/index.php(45): CodeIgniter\CodeIgniter->run()
#9 {main}
CRITICAL - 2023-08-16 08:23:35 --> Class 'App\Controllers\BaseController' not found
#0 /Users/markpearson/Documents/Projects/My Websites/Teacherpedia - downloaded 15.8.23/ci4/system/Router/Router.php(575): include_once()
#1 /Users/markpearson/Documents/Projects/My Websites/Teacherpedia - downloaded 15.8.23/ci4/system/Router/Router.php(192): CodeIgniter\Router\Router->autoRoute('resources/loadS...')
#2 /Users/markpearson/Documents/Projects/My Websites/Teacherpedia - downloaded 15.8.23/ci4/system/CodeIgniter.php(789): CodeIgniter\Router\Router->handle('resources/loadS...')
#3 /Users/markpearson/Documents/Projects/My Websites/Teacherpedia - downloaded 15.8.23/ci4/system/CodeIgniter.php(360): CodeIgniter\CodeIgniter->tryToRouteIt(Object(CodeIgniter\Router\RouteCollection))
#4 /Users/markpearson/Documents/Projects/My Websites/Teacherpedia - downloaded 15.8.23/ci4/system/CodeIgniter.php(308): CodeIgniter\CodeIgniter->handleRequest(NULL, Object(Config\Cache), false)
#5 /Users/markpearson/Documents/Projects/My Websites/Teacherpedia - downloaded 15.8.23/public_html/index.php(45): CodeIgniter\CodeIgniter->run()
#6 {main}
CRITICAL - 2023-08-16 08:23:39 --> Class 'App\Controllers\BaseController' not found
#0 /Users/markpearson/Documents/Projects/My Websites/Teacherpedia - downloaded 15.8.23/ci4/system/Router/Router.php(575): include_once()
#1 /Users/markpearson/Documents/Projects/My Websites/Teacherpedia - downloaded 15.8.23/ci4/system/Router/Router.php(192): CodeIgniter\Router\Router->autoRoute('home')
#2 /Users/markpearson/Documents/Projects/My Websites/Teacherpedia - downloaded 15.8.23/ci4/system/CodeIgniter.php(789): CodeIgniter\Router\Router->handle('home')
#3 /Users/markpearson/Documents/Projects/My Websites/Teacherpedia - downloaded 15.8.23/ci4/system/CodeIgniter.php(360): CodeIgniter\CodeIgniter->tryToRouteIt(Object(CodeIgniter\Router\RouteCollection))
#4 /Users/markpearson/Documents/Projects/My Websites/Teacherpedia - downloaded 15.8.23/ci4/system/CodeIgniter.php(308): CodeIgniter\CodeIgniter->handleRequest(NULL, Object(Config\Cache), false)
#5 /Users/markpearson/Documents/Projects/My Websites/Teacherpedia - downloaded 15.8.23/public_html/index.php(45): CodeIgniter\CodeIgniter->run()
#6 {main}
CRITICAL - 2023-08-16 08:23:47 --> Class 'App\Controllers\BaseController' not found
#0 /Users/markpearson/Documents/Projects/My Websites/Teacherpedia - downloaded 15.8.23/ci4/system/Router/Router.php(575): include_once()
#1 /Users/markpearson/Documents/Projects/My Websites/Teacherpedia - downloaded 15.8.23/ci4/system/Router/Router.php(192): CodeIgniter\Router\Router->autoRoute('home')
#2 /Users/markpearson/Documents/Projects/My Websites/Teacherpedia - downloaded 15.8.23/ci4/system/CodeIgniter.php(789): CodeIgniter\Router\Router->handle('home')
#3 /Users/markpearson/Documents/Projects/My Websites/Teacherpedia - downloaded 15.8.23/ci4/system/CodeIgniter.php(360): CodeIgniter\CodeIgniter->tryToRouteIt(Object(CodeIgniter\Router\RouteCollection))
#4 /Users/markpearson/Documents/Projects/My Websites/Teacherpedia - downloaded 15.8.23/ci4/system/CodeIgniter.php(308): CodeIgniter\CodeIgniter->handleRequest(NULL, Object(Config\Cache), false)
#5 /Users/markpearson/Documents/Projects/My Websites/Teacherpedia - downloaded 15.8.23/public_html/index.php(45): CodeIgniter\CodeIgniter->run()
#6 {main}
CRITICAL - 2023-08-16 08:23:50 --> Class 'App\Controllers\BaseController' not found
#0 /Users/markpearson/Documents/Projects/My Websites/Teacherpedia - downloaded 15.8.23/ci4/system/Router/Router.php(575): include_once()
#1 /Users/markpearson/Documents/Projects/My Websites/Teacherpedia - downloaded 15.8.23/ci4/system/Router/Router.php(192): CodeIgniter\Router\Router->autoRoute('home')
#2 /Users/markpearson/Documents/Projects/My Websites/Teacherpedia - downloaded 15.8.23/ci4/system/CodeIgniter.php(789): CodeIgniter\Router\Router->handle('home')
#3 /Users/markpearson/Documents/Projects/My Websites/Teacherpedia - downloaded 15.8.23/ci4/system/CodeIgniter.php(360): CodeIgniter\CodeIgniter->tryToRouteIt(Object(CodeIgniter\Router\RouteCollection))
#4 /Users/markpearson/Documents/Projects/My Websites/Teacherpedia - downloaded 15.8.23/ci4/system/CodeIgniter.php(308): CodeIgniter\CodeIgniter->handleRequest(NULL, Object(Config\Cache), false)
#5 /Users/markpearson/Documents/Projects/My Websites/Teacherpedia - downloaded 15.8.23/public_html/index.php(45): CodeIgniter\CodeIgniter->run()
#6 {main}
CRITICAL - 2023-08-16 08:24:07 --> Class 'App\Controllers\BaseController' not found
#0 /Users/markpearson/Documents/Projects/My Websites/Teacherpedia - downloaded 15.8.23/ci4/system/Router/Router.php(575): include_once()
#1 /Users/markpearson/Documents/Projects/My Websites/Teacherpedia - downloaded 15.8.23/ci4/system/Router/Router.php(192): CodeIgniter\Router\Router->autoRoute('home')
#2 /Users/markpearson/Documents/Projects/My Websites/Teacherpedia - downloaded 15.8.23/ci4/system/CodeIgniter.php(789): CodeIgniter\Router\Router->handle('home')
#3 /Users/markpearson/Documents/Projects/My Websites/Teacherpedia - downloaded 15.8.23/ci4/system/CodeIgniter.php(360): CodeIgniter\CodeIgniter->tryToRouteIt(Object(CodeIgniter\Router\RouteCollection))
#4 /Users/markpearson/Documents/Projects/My Websites/Teacherpedia - downloaded 15.8.23/ci4/system/CodeIgniter.php(308): CodeIgniter\CodeIgniter->handleRequest(NULL, Object(Config\Cache), false)
#5 /Users/markpearson/Documents/Projects/My Websites/Teacherpedia - downloaded 15.8.23/public_html/index.php(45): CodeIgniter\CodeIgniter->run()
#6 {main}
CRITICAL - 2023-08-16 08:24:09 --> Class 'App\Controllers\BaseController' not found
#0 /Users/markpearson/Documents/Projects/My Websites/Teacherpedia - downloaded 15.8.23/ci4/system/Router/Router.php(575): include_once()
#1 /Users/markpearson/Documents/Projects/My Websites/Teacherpedia - downloaded 15.8.23/ci4/system/Router/Router.php(192): CodeIgniter\Router\Router->autoRoute('home')
#2 /Users/markpearson/Documents/Projects/My Websites/Teacherpedia - downloaded 15.8.23/ci4/system/CodeIgniter.php(789): CodeIgniter\Router\Router->handle('home')
#3 /Users/markpearson/Documents/Projects/My Websites/Teacherpedia - downloaded 15.8.23/ci4/system/CodeIgniter.php(360): CodeIgniter\CodeIgniter->tryToRouteIt(Object(CodeIgniter\Router\RouteCollection))
#4 /Users/markpearson/Documents/Projects/My Websites/Teacherpedia - downloaded 15.8.23/ci4/system/CodeIgniter.php(308): CodeIgniter\CodeIgniter->handleRequest(NULL, Object(Config\Cache), false)
#5 /Users/markpearson/Documents/Projects/My Websites/Teacherpedia - downloaded 15.8.23/public_html/index.php(45): CodeIgniter\CodeIgniter->run()
#6 {main}
CRITICAL - 2023-08-16 08:24:09 --> Class 'App\Controllers\BaseController' not found
#0 /Users/markpearson/Documents/Projects/My Websites/Teacherpedia - downloaded 15.8.23/ci4/system/Router/Router.php(575): include_once()
#1 /Users/markpearson/Documents/Projects/My Websites/Teacherpedia - downloaded 15.8.23/ci4/system/Router/Router.php(192): CodeIgniter\Router\Router->autoRoute('home')
#2 /Users/markpearson/Documents/Projects/My Websites/Teacherpedia - downloaded 15.8.23/ci4/system/CodeIgniter.php(789): CodeIgniter\Router\Router->handle('home')
#3 /Users/markpearson/Documents/Projects/My Websites/Teacherpedia - downloaded 15.8.23/ci4/system/CodeIgniter.php(360): CodeIgniter\CodeIgniter->tryToRouteIt(Object(CodeIgniter\Router\RouteCollection))
#4 /Users/markpearson/Documents/Projects/My Websites/Teacherpedia - downloaded 15.8.23/ci4/system/CodeIgniter.php(308): CodeIgniter\CodeIgniter->handleRequest(NULL, Object(Config\Cache), false)
#5 /Users/markpearson/Documents/Projects/My Websites/Teacherpedia - downloaded 15.8.23/public_html/index.php(45): CodeIgniter\CodeIgniter->run()
#6 {main}
CRITICAL - 2023-08-16 08:24:10 --> Class 'App\Controllers\BaseController' not found
#0 /Users/markpearson/Documents/Projects/My Websites/Teacherpedia - downloaded 15.8.23/ci4/system/Router/Router.php(575): include_once()
#1 /Users/markpearson/Documents/Projects/My Websites/Teacherpedia - downloaded 15.8.23/ci4/system/Router/Router.php(192): CodeIgniter\Router\Router->autoRoute('home')
#2 /Users/markpearson/Documents/Projects/My Websites/Teacherpedia - downloaded 15.8.23/ci4/system/CodeIgniter.php(789): CodeIgniter\Router\Router->handle('home')
#3 /Users/markpearson/Documents/Projects/My Websites/Teacherpedia - downloaded 15.8.23/ci4/system/CodeIgniter.php(360): CodeIgniter\CodeIgniter->tryToRouteIt(Object(CodeIgniter\Router\RouteCollection))
#4 /Users/markpearson/Documents/Projects/My Websites/Teacherpedia - downloaded 15.8.23/ci4/system/CodeIgniter.php(308): CodeIgniter\CodeIgniter->handleRequest(NULL, Object(Config\Cache), false)
#5 /Users/markpearson/Documents/Projects/My Websites/Teacherpedia - downloaded 15.8.23/public_html/index.php(45): CodeIgniter\CodeIgniter->run()
#6 {main}
CRITICAL - 2023-08-16 08:24:10 --> Class 'App\Controllers\BaseController' not found
#0 /Users/markpearson/Documents/Projects/My Websites/Teacherpedia - downloaded 15.8.23/ci4/system/Router/Router.php(575): include_once()
#1 /Users/markpearson/Documents/Projects/My Websites/Teacherpedia - downloaded 15.8.23/ci4/system/Router/Router.php(192): CodeIgniter\Router\Router->autoRoute('home')
#2 /Users/markpearson/Documents/Projects/My Websites/Teacherpedia - downloaded 15.8.23/ci4/system/CodeIgniter.php(789): CodeIgniter\Router\Router->handle('home')
#3 /Users/markpearson/Documents/Projects/My Websites/Teacherpedia - downloaded 15.8.23/ci4/system/CodeIgniter.php(360): CodeIgniter\CodeIgniter->tryToRouteIt(Object(CodeIgniter\Router\RouteCollection))
#4 /Users/markpearson/Documents/Projects/My Websites/Teacherpedia - downloaded 15.8.23/ci4/system/CodeIgniter.php(308): CodeIgniter\CodeIgniter->handleRequest(NULL, Object(Config\Cache), false)
#5 /Users/markpearson/Documents/Projects/My Websites/Teacherpedia - downloaded 15.8.23/public_html/index.php(45): CodeIgniter\CodeIgniter->run()
#6 {main}
CRITICAL - 2023-08-16 08:45:50 --> syntax error, unexpected 'public' (T_PUBLIC), expecting ';' or '{'
#0 /Users/markpearson/Documents/Projects/My Websites/Teacherpedia - downloaded 15.8.23/ci4/system/Router/Router.php(192): CodeIgniter\Router\Router->autoRoute('resources/loadS...')
#1 /Users/markpearson/Documents/Projects/My Websites/Teacherpedia - downloaded 15.8.23/ci4/system/CodeIgniter.php(789): CodeIgniter\Router\Router->handle('resources/loadS...')
#2 /Users/markpearson/Documents/Projects/My Websites/Teacherpedia - downloaded 15.8.23/ci4/system/CodeIgniter.php(360): CodeIgniter\CodeIgniter->tryToRouteIt(Object(CodeIgniter\Router\RouteCollection))
#3 /Users/markpearson/Documents/Projects/My Websites/Teacherpedia - downloaded 15.8.23/ci4/system/CodeIgniter.php(308): CodeIgniter\CodeIgniter->handleRequest(NULL, Object(Config\Cache), false)
#4 /Users/markpearson/Documents/Projects/My Websites/Teacherpedia - downloaded 15.8.23/public_html/index.php(45): CodeIgniter\CodeIgniter->run()
#5 {main}
CRITICAL - 2023-08-16 09:29:32 --> 
#0 /Users/markpearson/Documents/Projects/My Websites/Teacherpedia - downloaded 15.8.23/ci4/system/View/View.php(228): CodeIgniter\Exceptions\FrameworkException::forInvalidFile('../../../resour...')
#1 /Users/markpearson/Documents/Projects/My Websites/Teacherpedia - downloaded 15.8.23/ci4/system/Common.php(1087): CodeIgniter\View\View->render('../../../resour...', Array, true)
#2 /Users/markpearson/Documents/Projects/My Websites/Teacherpedia - downloaded 15.8.23/ci4/app/Controllers/Resources.php(93): view('../../../resour...', Array)
#3 /Users/markpearson/Documents/Projects/My Websites/Teacherpedia - downloaded 15.8.23/ci4/system/CodeIgniter.php(914): App\Controllers\Resources->load()
#4 /Users/markpearson/Documents/Projects/My Websites/Teacherpedia - downloaded 15.8.23/ci4/system/CodeIgniter.php(400): CodeIgniter\CodeIgniter->runController(Object(App\Controllers\Resources))
#5 /Users/markpearson/Documents/Projects/My Websites/Teacherpedia - downloaded 15.8.23/ci4/system/CodeIgniter.php(308): CodeIgniter\CodeIgniter->handleRequest(NULL, Object(Config\Cache), false)
#6 /Users/markpearson/Documents/Projects/My Websites/Teacherpedia - downloaded 15.8.23/public_html/index.php(45): CodeIgniter\CodeIgniter->run()
#7 {main}
CRITICAL - 2023-08-16 10:01:27 --> 
#0 /Users/markpearson/Documents/Projects/My Websites/Teacherpedia - downloaded 15.8.23/ci4/system/View/View.php(228): CodeIgniter\Exceptions\FrameworkException::forInvalidFile('ci4/app/Views/t...')
#1 /Users/markpearson/Documents/Projects/My Websites/Teacherpedia - downloaded 15.8.23/ci4/system/Common.php(1087): CodeIgniter\View\View->render('ci4/app/Views/t...', Array, true)
#2 /Users/markpearson/Documents/Projects/My Websites/Teacherpedia - downloaded 15.8.23/ci4/app/Controllers/Resources.php(108): view('ci4/app/Views/t...')
#3 /Users/markpearson/Documents/Projects/My Websites/Teacherpedia - downloaded 15.8.23/ci4/system/CodeIgniter.php(914): App\Controllers\Resources->loadSheet('63')
#4 /Users/markpearson/Documents/Projects/My Websites/Teacherpedia - downloaded 15.8.23/ci4/system/CodeIgniter.php(400): CodeIgniter\CodeIgniter->runController(Object(App\Controllers\Resources))
#5 /Users/markpearson/Documents/Projects/My Websites/Teacherpedia - downloaded 15.8.23/ci4/system/CodeIgniter.php(308): CodeIgniter\CodeIgniter->handleRequest(NULL, Object(Config\Cache), false)
#6 /Users/markpearson/Documents/Projects/My Websites/Teacherpedia - downloaded 15.8.23/public_html/index.php(45): CodeIgniter\CodeIgniter->run()
#7 {main}
CRITICAL - 2023-08-16 10:04:35 --> 
#0 /Users/markpearson/Documents/Projects/My Websites/Teacherpedia - downloaded 15.8.23/ci4/system/View/View.php(228): CodeIgniter\Exceptions\FrameworkException::forInvalidFile('../../../app/Vi...')
#1 /Users/markpearson/Documents/Projects/My Websites/Teacherpedia - downloaded 15.8.23/ci4/system/Common.php(1087): CodeIgniter\View\View->render('../../../app/Vi...', Array, true)
#2 /Users/markpearson/Documents/Projects/My Websites/Teacherpedia - downloaded 15.8.23/ci4/app/Controllers/Resources.php(108): view('../../../app/Vi...')
#3 /Users/markpearson/Documents/Projects/My Websites/Teacherpedia - downloaded 15.8.23/ci4/system/CodeIgniter.php(914): App\Controllers\Resources->loadSheet('63')
#4 /Users/markpearson/Documents/Projects/My Websites/Teacherpedia - downloaded 15.8.23/ci4/system/CodeIgniter.php(400): CodeIgniter\CodeIgniter->runController(Object(App\Controllers\Resources))
#5 /Users/markpearson/Documents/Projects/My Websites/Teacherpedia - downloaded 15.8.23/ci4/system/CodeIgniter.php(308): CodeIgniter\CodeIgniter->handleRequest(NULL, Object(Config\Cache), false)
#6 /Users/markpearson/Documents/Projects/My Websites/Teacherpedia - downloaded 15.8.23/public_html/index.php(45): CodeIgniter\CodeIgniter->run()
#7 {main}
CRITICAL - 2023-08-16 10:04:51 --> 
#0 /Users/markpearson/Documents/Projects/My Websites/Teacherpedia - downloaded 15.8.23/ci4/system/View/View.php(228): CodeIgniter\Exceptions\FrameworkException::forInvalidFile('../../../app/Vi...')
#1 /Users/markpearson/Documents/Projects/My Websites/Teacherpedia - downloaded 15.8.23/ci4/system/Common.php(1087): CodeIgniter\View\View->render('../../../app/Vi...', Array, true)
#2 /Users/markpearson/Documents/Projects/My Websites/Teacherpedia - downloaded 15.8.23/ci4/app/Controllers/Resources.php(108): view('../../../app/Vi...')
#3 /Users/markpearson/Documents/Projects/My Websites/Teacherpedia - downloaded 15.8.23/ci4/system/CodeIgniter.php(914): App\Controllers\Resources->loadSheet('63')
#4 /Users/markpearson/Documents/Projects/My Websites/Teacherpedia - downloaded 15.8.23/ci4/system/CodeIgniter.php(400): CodeIgniter\CodeIgniter->runController(Object(App\Controllers\Resources))
#5 /Users/markpearson/Documents/Projects/My Websites/Teacherpedia - downloaded 15.8.23/ci4/system/CodeIgniter.php(308): CodeIgniter\CodeIgniter->handleRequest(NULL, Object(Config\Cache), false)
#6 /Users/markpearson/Documents/Projects/My Websites/Teacherpedia - downloaded 15.8.23/public_html/index.php(45): CodeIgniter\CodeIgniter->run()
#7 {main}
CRITICAL - 2023-08-16 10:04:52 --> 
#0 /Users/markpearson/Documents/Projects/My Websites/Teacherpedia - downloaded 15.8.23/ci4/system/View/View.php(228): CodeIgniter\Exceptions\FrameworkException::forInvalidFile('../../../app/Vi...')
#1 /Users/markpearson/Documents/Projects/My Websites/Teacherpedia - downloaded 15.8.23/ci4/system/Common.php(1087): CodeIgniter\View\View->render('../../../app/Vi...', Array, true)
#2 /Users/markpearson/Documents/Projects/My Websites/Teacherpedia - downloaded 15.8.23/ci4/app/Controllers/Resources.php(108): view('../../../app/Vi...')
#3 /Users/markpearson/Documents/Projects/My Websites/Teacherpedia - downloaded 15.8.23/ci4/system/CodeIgniter.php(914): App\Controllers\Resources->loadSheet('63')
#4 /Users/markpearson/Documents/Projects/My Websites/Teacherpedia - downloaded 15.8.23/ci4/system/CodeIgniter.php(400): CodeIgniter\CodeIgniter->runController(Object(App\Controllers\Resources))
#5 /Users/markpearson/Documents/Projects/My Websites/Teacherpedia - downloaded 15.8.23/ci4/system/CodeIgniter.php(308): CodeIgniter\CodeIgniter->handleRequest(NULL, Object(Config\Cache), false)
#6 /Users/markpearson/Documents/Projects/My Websites/Teacherpedia - downloaded 15.8.23/public_html/index.php(45): CodeIgniter\CodeIgniter->run()
#7 {main}
CRITICAL - 2023-08-16 10:05:26 --> 
#0 /Users/markpearson/Documents/Projects/My Websites/Teacherpedia - downloaded 15.8.23/ci4/system/View/View.php(228): CodeIgniter\Exceptions\FrameworkException::forInvalidFile('../../../app/Vi...')
#1 /Users/markpearson/Documents/Projects/My Websites/Teacherpedia - downloaded 15.8.23/ci4/system/Common.php(1087): CodeIgniter\View\View->render('../../../app/Vi...', Array, true)
#2 /Users/markpearson/Documents/Projects/My Websites/Teacherpedia - downloaded 15.8.23/ci4/app/Controllers/Resources.php(108): view('../../../app/Vi...')
#3 /Users/markpearson/Documents/Projects/My Websites/Teacherpedia - downloaded 15.8.23/ci4/system/CodeIgniter.php(914): App\Controllers\Resources->loadSheet('63')
#4 /Users/markpearson/Documents/Projects/My Websites/Teacherpedia - downloaded 15.8.23/ci4/system/CodeIgniter.php(400): CodeIgniter\CodeIgniter->runController(Object(App\Controllers\Resources))
#5 /Users/markpearson/Documents/Projects/My Websites/Teacherpedia - downloaded 15.8.23/ci4/system/CodeIgniter.php(308): CodeIgniter\CodeIgniter->handleRequest(NULL, Object(Config\Cache), false)
#6 /Users/markpearson/Documents/Projects/My Websites/Teacherpedia - downloaded 15.8.23/public_html/index.php(45): CodeIgniter\CodeIgniter->run()
#7 {main}
CRITICAL - 2023-08-16 10:14:10 --> 
#0 /Users/markpearson/Documents/Projects/My Websites/Teacherpedia - downloaded 15.8.23/ci4/system/View/View.php(228): CodeIgniter\Exceptions\FrameworkException::forInvalidFile('../../../resour...')
#1 /Users/markpearson/Documents/Projects/My Websites/Teacherpedia - downloaded 15.8.23/ci4/system/Common.php(1087): CodeIgniter\View\View->render('../../../resour...', Array, true)
#2 /Users/markpearson/Documents/Projects/My Websites/Teacherpedia - downloaded 15.8.23/ci4/app/Controllers/Resources.php(93): view('../../../resour...', Array)
#3 /Users/markpearson/Documents/Projects/My Websites/Teacherpedia - downloaded 15.8.23/ci4/system/CodeIgniter.php(914): App\Controllers\Resources->load()
#4 /Users/markpearson/Documents/Projects/My Websites/Teacherpedia - downloaded 15.8.23/ci4/system/CodeIgniter.php(400): CodeIgniter\CodeIgniter->runController(Object(App\Controllers\Resources))
#5 /Users/markpearson/Documents/Projects/My Websites/Teacherpedia - downloaded 15.8.23/ci4/system/CodeIgniter.php(308): CodeIgniter\CodeIgniter->handleRequest(NULL, Object(Config\Cache), false)
#6 /Users/markpearson/Documents/Projects/My Websites/Teacherpedia - downloaded 15.8.23/public_html/index.php(45): CodeIgniter\CodeIgniter->run()
#7 {main}
CRITICAL - 2023-08-16 10:29:06 --> 
#0 /Users/markpearson/Documents/Projects/My Websites/Teacherpedia - downloaded 15.8.23/ci4/system/View/View.php(228): CodeIgniter\Exceptions\FrameworkException::forInvalidFile('../../..//.php')
#1 /Users/markpearson/Documents/Projects/My Websites/Teacherpedia - downloaded 15.8.23/ci4/system/Common.php(1087): CodeIgniter\View\View->render('../../..//', Array, true)
#2 /Users/markpearson/Documents/Projects/My Websites/Teacherpedia - downloaded 15.8.23/ci4/app/Controllers/Resources.php(111): view('../../..//', Array)
#3 /Users/markpearson/Documents/Projects/My Websites/Teacherpedia - downloaded 15.8.23/ci4/system/CodeIgniter.php(914): App\Controllers\Resources->loadSheet('2')
#4 /Users/markpearson/Documents/Projects/My Websites/Teacherpedia - downloaded 15.8.23/ci4/system/CodeIgniter.php(400): CodeIgniter\CodeIgniter->runController(Object(App\Controllers\Resources))
#5 /Users/markpearson/Documents/Projects/My Websites/Teacherpedia - downloaded 15.8.23/ci4/system/CodeIgniter.php(308): CodeIgniter\CodeIgniter->handleRequest(NULL, Object(Config\Cache), false)
#6 /Users/markpearson/Documents/Projects/My Websites/Teacherpedia - downloaded 15.8.23/public_html/index.php(45): CodeIgniter\CodeIgniter->run()
#7 {main}
CRITICAL - 2023-08-16 10:34:46 --> Argument 1 passed to view() must be of the type string, null given, called in /Users/markpearson/Documents/Projects/My Websites/Teacherpedia - downloaded 15.8.23/ci4/app/Controllers/Resources.php on line 113
#0 /Users/markpearson/Documents/Projects/My Websites/Teacherpedia - downloaded 15.8.23/ci4/app/Controllers/Resources.php(113): view(NULL, Array)
#1 /Users/markpearson/Documents/Projects/My Websites/Teacherpedia - downloaded 15.8.23/ci4/system/CodeIgniter.php(914): App\Controllers\Resources->loadSheet('2')
#2 /Users/markpearson/Documents/Projects/My Websites/Teacherpedia - downloaded 15.8.23/ci4/system/CodeIgniter.php(400): CodeIgniter\CodeIgniter->runController(Object(App\Controllers\Resources))
#3 /Users/markpearson/Documents/Projects/My Websites/Teacherpedia - downloaded 15.8.23/ci4/system/CodeIgniter.php(308): CodeIgniter\CodeIgniter->handleRequest(NULL, Object(Config\Cache), false)
#4 /Users/markpearson/Documents/Projects/My Websites/Teacherpedia - downloaded 15.8.23/public_html/index.php(45): CodeIgniter\CodeIgniter->run()
#5 {main}
CRITICAL - 2023-08-16 10:35:35 --> 
#0 /Users/markpearson/Documents/Projects/My Websites/Teacherpedia - downloaded 15.8.23/ci4/system/View/View.php(228): CodeIgniter\Exceptions\FrameworkException::forInvalidFile('../../..//.php')
#1 /Users/markpearson/Documents/Projects/My Websites/Teacherpedia - downloaded 15.8.23/ci4/system/Common.php(1087): CodeIgniter\View\View->render('../../..//', Array, true)
#2 /Users/markpearson/Documents/Projects/My Websites/Teacherpedia - downloaded 15.8.23/ci4/app/Controllers/Resources.php(113): view('../../..//', Array)
#3 /Users/markpearson/Documents/Projects/My Websites/Teacherpedia - downloaded 15.8.23/ci4/system/CodeIgniter.php(914): App\Controllers\Resources->loadSheet('2')
#4 /Users/markpearson/Documents/Projects/My Websites/Teacherpedia - downloaded 15.8.23/ci4/system/CodeIgniter.php(400): CodeIgniter\CodeIgniter->runController(Object(App\Controllers\Resources))
#5 /Users/markpearson/Documents/Projects/My Websites/Teacherpedia - downloaded 15.8.23/ci4/system/CodeIgniter.php(308): CodeIgniter\CodeIgniter->handleRequest(NULL, Object(Config\Cache), false)
#6 /Users/markpearson/Documents/Projects/My Websites/Teacherpedia - downloaded 15.8.23/public_html/index.php(45): CodeIgniter\CodeIgniter->run()
#7 {main}
CRITICAL - 2023-08-16 10:37:54 --> syntax error, unexpected 'return' (T_RETURN)
#0 /Users/markpearson/Documents/Projects/My Websites/Teacherpedia - downloaded 15.8.23/ci4/system/Router/Router.php(192): CodeIgniter\Router\Router->autoRoute('resources/loadS...')
#1 /Users/markpearson/Documents/Projects/My Websites/Teacherpedia - downloaded 15.8.23/ci4/system/CodeIgniter.php(789): CodeIgniter\Router\Router->handle('resources/loadS...')
#2 /Users/markpearson/Documents/Projects/My Websites/Teacherpedia - downloaded 15.8.23/ci4/system/CodeIgniter.php(360): CodeIgniter\CodeIgniter->tryToRouteIt(Object(CodeIgniter\Router\RouteCollection))
#3 /Users/markpearson/Documents/Projects/My Websites/Teacherpedia - downloaded 15.8.23/ci4/system/CodeIgniter.php(308): CodeIgniter\CodeIgniter->handleRequest(NULL, Object(Config\Cache), false)
#4 /Users/markpearson/Documents/Projects/My Websites/Teacherpedia - downloaded 15.8.23/public_html/index.php(45): CodeIgniter\CodeIgniter->run()
#5 {main}
CRITICAL - 2023-08-16 10:39:47 --> syntax error, unexpected 'return' (T_RETURN)
#0 /Users/markpearson/Documents/Projects/My Websites/Teacherpedia - downloaded 15.8.23/ci4/system/Autoloader/Autoloader.php(296): CodeIgniter\Autoloader\Autoloader->requireFile('/Users/markpear...')
#1 /Users/markpearson/Documents/Projects/My Websites/Teacherpedia - downloaded 15.8.23/ci4/system/Autoloader/Autoloader.php(258): CodeIgniter\Autoloader\Autoloader->loadInNamespace('App\\Controllers...')
#2 [internal function]: CodeIgniter\Autoloader\Autoloader->loadClass('App\\Controllers...')
#3 [internal function]: spl_autoload_call('App\\Controllers...')
#4 /Users/markpearson/Documents/Projects/My Websites/Teacherpedia - downloaded 15.8.23/ci4/system/CodeIgniter.php(865): class_exists('\\App\\Controller...', true)
#5 /Users/markpearson/Documents/Projects/My Websites/Teacherpedia - downloaded 15.8.23/ci4/system/CodeIgniter.php(390): CodeIgniter\CodeIgniter->startController()
#6 /Users/markpearson/Documents/Projects/My Websites/Teacherpedia - downloaded 15.8.23/ci4/system/CodeIgniter.php(308): CodeIgniter\CodeIgniter->handleRequest(NULL, Object(Config\Cache), false)
#7 /Users/markpearson/Documents/Projects/My Websites/Teacherpedia - downloaded 15.8.23/public_html/index.php(45): CodeIgniter\CodeIgniter->run()
#8 {main}
CRITICAL - 2023-08-16 10:39:51 --> syntax error, unexpected 'return' (T_RETURN)
#0 /Users/markpearson/Documents/Projects/My Websites/Teacherpedia - downloaded 15.8.23/ci4/system/Autoloader/Autoloader.php(296): CodeIgniter\Autoloader\Autoloader->requireFile('/Users/markpear...')
#1 /Users/markpearson/Documents/Projects/My Websites/Teacherpedia - downloaded 15.8.23/ci4/system/Autoloader/Autoloader.php(258): CodeIgniter\Autoloader\Autoloader->loadInNamespace('App\\Controllers...')
#2 [internal function]: CodeIgniter\Autoloader\Autoloader->loadClass('App\\Controllers...')
#3 [internal function]: spl_autoload_call('App\\Controllers...')
#4 /Users/markpearson/Documents/Projects/My Websites/Teacherpedia - downloaded 15.8.23/ci4/system/CodeIgniter.php(865): class_exists('\\App\\Controller...', true)
#5 /Users/markpearson/Documents/Projects/My Websites/Teacherpedia - downloaded 15.8.23/ci4/system/CodeIgniter.php(390): CodeIgniter\CodeIgniter->startController()
#6 /Users/markpearson/Documents/Projects/My Websites/Teacherpedia - downloaded 15.8.23/ci4/system/CodeIgniter.php(308): CodeIgniter\CodeIgniter->handleRequest(NULL, Object(Config\Cache), false)
#7 /Users/markpearson/Documents/Projects/My Websites/Teacherpedia - downloaded 15.8.23/public_html/index.php(45): CodeIgniter\CodeIgniter->run()
#8 {main}
CRITICAL - 2023-08-16 10:46:00 --> syntax error, unexpected 'return' (T_RETURN)
#0 /Users/markpearson/Documents/Projects/My Websites/Teacherpedia - downloaded 15.8.23/ci4/system/Autoloader/Autoloader.php(296): CodeIgniter\Autoloader\Autoloader->requireFile('/Users/markpear...')
#1 /Users/markpearson/Documents/Projects/My Websites/Teacherpedia - downloaded 15.8.23/ci4/system/Autoloader/Autoloader.php(258): CodeIgniter\Autoloader\Autoloader->loadInNamespace('App\\Controllers...')
#2 [internal function]: CodeIgniter\Autoloader\Autoloader->loadClass('App\\Controllers...')
#3 [internal function]: spl_autoload_call('App\\Controllers...')
#4 /Users/markpearson/Documents/Projects/My Websites/Teacherpedia - downloaded 15.8.23/ci4/system/CodeIgniter.php(865): class_exists('\\App\\Controller...', true)
#5 /Users/markpearson/Documents/Projects/My Websites/Teacherpedia - downloaded 15.8.23/ci4/system/CodeIgniter.php(390): CodeIgniter\CodeIgniter->startController()
#6 /Users/markpearson/Documents/Projects/My Websites/Teacherpedia - downloaded 15.8.23/ci4/system/CodeIgniter.php(308): CodeIgniter\CodeIgniter->handleRequest(NULL, Object(Config\Cache), false)
#7 /Users/markpearson/Documents/Projects/My Websites/Teacherpedia - downloaded 15.8.23/public_html/index.php(45): CodeIgniter\CodeIgniter->run()
#8 {main}
CRITICAL - 2023-08-16 10:46:15 --> syntax error, unexpected 'return' (T_RETURN)
#0 /Users/markpearson/Documents/Projects/My Websites/Teacherpedia - downloaded 15.8.23/ci4/system/Autoloader/Autoloader.php(296): CodeIgniter\Autoloader\Autoloader->requireFile('/Users/markpear...')
#1 /Users/markpearson/Documents/Projects/My Websites/Teacherpedia - downloaded 15.8.23/ci4/system/Autoloader/Autoloader.php(258): CodeIgniter\Autoloader\Autoloader->loadInNamespace('App\\Controllers...')
#2 [internal function]: CodeIgniter\Autoloader\Autoloader->loadClass('App\\Controllers...')
#3 [internal function]: spl_autoload_call('App\\Controllers...')
#4 /Users/markpearson/Documents/Projects/My Websites/Teacherpedia - downloaded 15.8.23/ci4/system/CodeIgniter.php(865): class_exists('\\App\\Controller...', true)
#5 /Users/markpearson/Documents/Projects/My Websites/Teacherpedia - downloaded 15.8.23/ci4/system/CodeIgniter.php(390): CodeIgniter\CodeIgniter->startController()
#6 /Users/markpearson/Documents/Projects/My Websites/Teacherpedia - downloaded 15.8.23/ci4/system/CodeIgniter.php(308): CodeIgniter\CodeIgniter->handleRequest(NULL, Object(Config\Cache), false)
#7 /Users/markpearson/Documents/Projects/My Websites/Teacherpedia - downloaded 15.8.23/public_html/index.php(45): CodeIgniter\CodeIgniter->run()
#8 {main}
CRITICAL - 2023-08-16 10:46:16 --> syntax error, unexpected 'return' (T_RETURN)
#0 /Users/markpearson/Documents/Projects/My Websites/Teacherpedia - downloaded 15.8.23/ci4/system/Autoloader/Autoloader.php(296): CodeIgniter\Autoloader\Autoloader->requireFile('/Users/markpear...')
#1 /Users/markpearson/Documents/Projects/My Websites/Teacherpedia - downloaded 15.8.23/ci4/system/Autoloader/Autoloader.php(258): CodeIgniter\Autoloader\Autoloader->loadInNamespace('App\\Controllers...')
#2 [internal function]: CodeIgniter\Autoloader\Autoloader->loadClass('App\\Controllers...')
#3 [internal function]: spl_autoload_call('App\\Controllers...')
#4 /Users/markpearson/Documents/Projects/My Websites/Teacherpedia - downloaded 15.8.23/ci4/system/CodeIgniter.php(865): class_exists('\\App\\Controller...', true)
#5 /Users/markpearson/Documents/Projects/My Websites/Teacherpedia - downloaded 15.8.23/ci4/system/CodeIgniter.php(390): CodeIgniter\CodeIgniter->startController()
#6 /Users/markpearson/Documents/Projects/My Websites/Teacherpedia - downloaded 15.8.23/ci4/system/CodeIgniter.php(308): CodeIgniter\CodeIgniter->handleRequest(NULL, Object(Config\Cache), false)
#7 /Users/markpearson/Documents/Projects/My Websites/Teacherpedia - downloaded 15.8.23/public_html/index.php(45): CodeIgniter\CodeIgniter->run()
#8 {main}
CRITICAL - 2023-08-16 10:48:08 --> Argument 1 passed to view() must be of the type string, array given, called in /Users/markpearson/Documents/Projects/My Websites/Teacherpedia - downloaded 15.8.23/ci4/app/Controllers/Resources.php on line 113
#0 /Users/markpearson/Documents/Projects/My Websites/Teacherpedia - downloaded 15.8.23/ci4/app/Controllers/Resources.php(113): view(Array)
#1 /Users/markpearson/Documents/Projects/My Websites/Teacherpedia - downloaded 15.8.23/ci4/system/CodeIgniter.php(914): App\Controllers\Resources->loadSheet('2')
#2 /Users/markpearson/Documents/Projects/My Websites/Teacherpedia - downloaded 15.8.23/ci4/system/CodeIgniter.php(400): CodeIgniter\CodeIgniter->runController(Object(App\Controllers\Resources))
#3 /Users/markpearson/Documents/Projects/My Websites/Teacherpedia - downloaded 15.8.23/ci4/system/CodeIgniter.php(308): CodeIgniter\CodeIgniter->handleRequest(NULL, Object(Config\Cache), false)
#4 /Users/markpearson/Documents/Projects/My Websites/Teacherpedia - downloaded 15.8.23/public_html/index.php(45): CodeIgniter\CodeIgniter->run()
#5 {main}
CRITICAL - 2023-08-16 10:48:26 --> Argument 1 passed to view() must be of the type string, array given, called in /Users/markpearson/Documents/Projects/My Websites/Teacherpedia - downloaded 15.8.23/ci4/app/Controllers/Resources.php on line 113
#0 /Users/markpearson/Documents/Projects/My Websites/Teacherpedia - downloaded 15.8.23/ci4/app/Controllers/Resources.php(113): view(Array, '../../../resour...')
#1 /Users/markpearson/Documents/Projects/My Websites/Teacherpedia - downloaded 15.8.23/ci4/system/CodeIgniter.php(914): App\Controllers\Resources->loadSheet('2')
#2 /Users/markpearson/Documents/Projects/My Websites/Teacherpedia - downloaded 15.8.23/ci4/system/CodeIgniter.php(400): CodeIgniter\CodeIgniter->runController(Object(App\Controllers\Resources))
#3 /Users/markpearson/Documents/Projects/My Websites/Teacherpedia - downloaded 15.8.23/ci4/system/CodeIgniter.php(308): CodeIgniter\CodeIgniter->handleRequest(NULL, Object(Config\Cache), false)
#4 /Users/markpearson/Documents/Projects/My Websites/Teacherpedia - downloaded 15.8.23/public_html/index.php(45): CodeIgniter\CodeIgniter->run()
#5 {main}
CRITICAL - 2023-08-16 10:48:30 --> Argument 1 passed to view() must be of the type string, array given, called in /Users/markpearson/Documents/Projects/My Websites/Teacherpedia - downloaded 15.8.23/ci4/app/Controllers/Resources.php on line 113
#0 /Users/markpearson/Documents/Projects/My Websites/Teacherpedia - downloaded 15.8.23/ci4/app/Controllers/Resources.php(113): view(Array, '../../../resour...')
#1 /Users/markpearson/Documents/Projects/My Websites/Teacherpedia - downloaded 15.8.23/ci4/system/CodeIgniter.php(914): App\Controllers\Resources->loadSheet('2')
#2 /Users/markpearson/Documents/Projects/My Websites/Teacherpedia - downloaded 15.8.23/ci4/system/CodeIgniter.php(400): CodeIgniter\CodeIgniter->runController(Object(App\Controllers\Resources))
#3 /Users/markpearson/Documents/Projects/My Websites/Teacherpedia - downloaded 15.8.23/ci4/system/CodeIgniter.php(308): CodeIgniter\CodeIgniter->handleRequest(NULL, Object(Config\Cache), false)
#4 /Users/markpearson/Documents/Projects/My Websites/Teacherpedia - downloaded 15.8.23/public_html/index.php(45): CodeIgniter\CodeIgniter->run()
#5 {main}
CRITICAL - 2023-08-16 10:48:33 --> Argument 1 passed to view() must be of the type string, array given, called in /Users/markpearson/Documents/Projects/My Websites/Teacherpedia - downloaded 15.8.23/ci4/app/Controllers/Resources.php on line 113
#0 /Users/markpearson/Documents/Projects/My Websites/Teacherpedia - downloaded 15.8.23/ci4/app/Controllers/Resources.php(113): view(Array, '../../../resour...')
#1 /Users/markpearson/Documents/Projects/My Websites/Teacherpedia - downloaded 15.8.23/ci4/system/CodeIgniter.php(914): App\Controllers\Resources->loadSheet('2')
#2 /Users/markpearson/Documents/Projects/My Websites/Teacherpedia - downloaded 15.8.23/ci4/system/CodeIgniter.php(400): CodeIgniter\CodeIgniter->runController(Object(App\Controllers\Resources))
#3 /Users/markpearson/Documents/Projects/My Websites/Teacherpedia - downloaded 15.8.23/ci4/system/CodeIgniter.php(308): CodeIgniter\CodeIgniter->handleRequest(NULL, Object(Config\Cache), false)
#4 /Users/markpearson/Documents/Projects/My Websites/Teacherpedia - downloaded 15.8.23/public_html/index.php(45): CodeIgniter\CodeIgniter->run()
#5 {main}
CRITICAL - 2023-08-16 10:48:35 --> Argument 1 passed to view() must be of the type string, array given, called in /Users/markpearson/Documents/Projects/My Websites/Teacherpedia - downloaded 15.8.23/ci4/app/Controllers/Resources.php on line 113
#0 /Users/markpearson/Documents/Projects/My Websites/Teacherpedia - downloaded 15.8.23/ci4/app/Controllers/Resources.php(113): view(Array, '../../../resour...')
#1 /Users/markpearson/Documents/Projects/My Websites/Teacherpedia - downloaded 15.8.23/ci4/system/CodeIgniter.php(914): App\Controllers\Resources->loadSheet('2')
#2 /Users/markpearson/Documents/Projects/My Websites/Teacherpedia - downloaded 15.8.23/ci4/system/CodeIgniter.php(400): CodeIgniter\CodeIgniter->runController(Object(App\Controllers\Resources))
#3 /Users/markpearson/Documents/Projects/My Websites/Teacherpedia - downloaded 15.8.23/ci4/system/CodeIgniter.php(308): CodeIgniter\CodeIgniter->handleRequest(NULL, Object(Config\Cache), false)
#4 /Users/markpearson/Documents/Projects/My Websites/Teacherpedia - downloaded 15.8.23/public_html/index.php(45): CodeIgniter\CodeIgniter->run()
#5 {main}
CRITICAL - 2023-08-16 10:49:03 --> Argument 1 passed to view() must be of the type string, array given, called in /Users/markpearson/Documents/Projects/My Websites/Teacherpedia - downloaded 15.8.23/ci4/app/Controllers/Resources.php on line 113
#0 /Users/markpearson/Documents/Projects/My Websites/Teacherpedia - downloaded 15.8.23/ci4/app/Controllers/Resources.php(113): view(Array, '../../../resour...')
#1 /Users/markpearson/Documents/Projects/My Websites/Teacherpedia - downloaded 15.8.23/ci4/system/CodeIgniter.php(914): App\Controllers\Resources->loadSheet('2')
#2 /Users/markpearson/Documents/Projects/My Websites/Teacherpedia - downloaded 15.8.23/ci4/system/CodeIgniter.php(400): CodeIgniter\CodeIgniter->runController(Object(App\Controllers\Resources))
#3 /Users/markpearson/Documents/Projects/My Websites/Teacherpedia - downloaded 15.8.23/ci4/system/CodeIgniter.php(308): CodeIgniter\CodeIgniter->handleRequest(NULL, Object(Config\Cache), false)
#4 /Users/markpearson/Documents/Projects/My Websites/Teacherpedia - downloaded 15.8.23/public_html/index.php(45): CodeIgniter\CodeIgniter->run()
#5 {main}
CRITICAL - 2023-08-16 11:02:52 --> Cannot redeclare createNumberString() (previously declared in /Users/markpearson/Documents/Projects/My Websites/Teacherpedia - downloaded 15.8.23/resources/2020/24-03/09-45-04-000/generator.php:17)
#0 [internal function]: CodeIgniter\Debug\Exceptions->shutdownHandler()
#1 {main}
CRITICAL - 2023-08-16 11:03:09 --> Cannot redeclare createNumberString() (previously declared in /Users/markpearson/Documents/Projects/My Websites/Teacherpedia - downloaded 15.8.23/resources/2020/24-03/09-45-04-000/generator.php:17)
#0 [internal function]: CodeIgniter\Debug\Exceptions->shutdownHandler()
#1 {main}
CRITICAL - 2023-08-16 11:03:10 --> Cannot redeclare createNumberString() (previously declared in /Users/markpearson/Documents/Projects/My Websites/Teacherpedia - downloaded 15.8.23/resources/2020/24-03/09-45-04-000/generator.php:17)
#0 [internal function]: CodeIgniter\Debug\Exceptions->shutdownHandler()
#1 {main}
CRITICAL - 2023-08-16 11:03:20 --> Cannot redeclare createNumberString() (previously declared in /Users/markpearson/Documents/Projects/My Websites/Teacherpedia - downloaded 15.8.23/resources/2020/24-03/09-45-04-000/generator.php:17)
#0 [internal function]: CodeIgniter\Debug\Exceptions->shutdownHandler()
#1 {main}
CRITICAL - 2023-08-16 11:03:23 --> Cannot redeclare createNumberString() (previously declared in /Users/markpearson/Documents/Projects/My Websites/Teacherpedia - downloaded 15.8.23/resources/2020/24-03/09-45-04-000/generator.php:17)
#0 [internal function]: CodeIgniter\Debug\Exceptions->shutdownHandler()
#1 {main}
CRITICAL - 2023-08-16 12:19:02 --> Cannot redeclare App\Controllers\Resources::view()
#0 [internal function]: CodeIgniter\Debug\Exceptions->shutdownHandler()
#1 {main}
CRITICAL - 2023-08-16 12:19:11 --> Cannot redeclare App\Controllers\Resources::view()
#0 [internal function]: CodeIgniter\Debug\Exceptions->shutdownHandler()
#1 {main}
