CRITICAL - 2020-11-19 07:48:48 --> Class 'App\Libraries\Words' not found
#0 /home/sites/2a/f/fae78d7b9a/ci4/app/Libraries/Number.php(2634): App\Libraries\Number->write_numerals_words_exceeding()
#1 /home/sites/2a/f/fae78d7b9a/resources/2020/20-03/07-10-51-000/generator.php(46): App\Libraries\Number->rand_write_exceeding()
#2 /home/sites/2a/f/fae78d7b9a/ci4/system/View/View.php(246): include('/home/sites/2a/...')
#3 /home/sites/2a/f/fae78d7b9a/ci4/system/Common.php(1087): CodeIgniter\View\View->render('../../../resour...', Array, true)
#4 /home/sites/2a/f/fae78d7b9a/ci4/app/Controllers/Resources.php(112): view('../../../resour...', Array)
#5 /home/sites/2a/f/fae78d7b9a/ci4/system/CodeIgniter.php(914): App\Controllers\Resources->loadSheet('1')
#6 /home/sites/2a/f/fae78d7b9a/ci4/system/CodeIgniter.php(400): CodeIgniter\CodeIgniter->runController(Object(App\Controllers\Resources))
#7 /home/sites/2a/f/fae78d7b9a/ci4/system/CodeIgniter.php(308): CodeIgniter\CodeIgniter->handleRequest(NULL, Object(Config\Cache), false)
#8 /home/sites/2a/f/fae78d7b9a/public_html/index.php(45): CodeIgniter\CodeIgniter->run()
#9 {main}
CRITICAL - 2020-11-19 07:49:07 --> Class 'App\Libraries\Words' not found
#0 /home/sites/2a/f/fae78d7b9a/ci4/app/Libraries/Number.php(2634): App\Libraries\Number->write_numerals_words_exceeding()
#1 /home/sites/2a/f/fae78d7b9a/resources/2020/20-03/07-10-51-000/generator.php(46): App\Libraries\Number->rand_write_exceeding()
#2 /home/sites/2a/f/fae78d7b9a/ci4/system/View/View.php(246): include('/home/sites/2a/...')
#3 /home/sites/2a/f/fae78d7b9a/ci4/system/Common.php(1087): CodeIgniter\View\View->render('../../../resour...', Array, true)
#4 /home/sites/2a/f/fae78d7b9a/ci4/app/Controllers/Resources.php(112): view('../../../resour...', Array)
#5 /home/sites/2a/f/fae78d7b9a/ci4/system/CodeIgniter.php(914): App\Controllers\Resources->loadSheet('1')
#6 /home/sites/2a/f/fae78d7b9a/ci4/system/CodeIgniter.php(400): CodeIgniter\CodeIgniter->runController(Object(App\Controllers\Resources))
#7 /home/sites/2a/f/fae78d7b9a/ci4/system/CodeIgniter.php(308): CodeIgniter\CodeIgniter->handleRequest(NULL, Object(Config\Cache), false)
#8 /home/sites/2a/f/fae78d7b9a/public_html/index.php(45): CodeIgniter\CodeIgniter->run()
#9 {main}
