CRITICAL - 2020-09-05 02:48:36 --> Argument 2 passed to CodeIgniter\Database\BaseBuilder::like() must be of the type string, null given, called in /home/sites/2a/f/fae78d7b9a/ci4/system/Model.php on line 1716
#0 /home/sites/2a/f/fae78d7b9a/ci4/system/Model.php(1716): CodeIgniter\Database\BaseBuilder->like('resource_name', NULL)
#1 /home/sites/2a/f/fae78d7b9a/ci4/app/Controllers/Resources.php(35): CodeIgniter\Model->__call('like', Array)
#2 /home/sites/2a/f/fae78d7b9a/ci4/system/CodeIgniter.php(914): App\Controllers\Resources->search('search_results')
#3 /home/sites/2a/f/fae78d7b9a/ci4/system/CodeIgniter.php(400): CodeIgniter\CodeIgniter->runController(Object(App\Controllers\Resources))
#4 /home/sites/2a/f/fae78d7b9a/ci4/system/CodeIgniter.php(308): CodeIgniter\CodeIgniter->handleRequest(NULL, Object(Config\Cache), false)
#5 /home/sites/2a/f/fae78d7b9a/public_html/index.php(45): CodeIgniter\CodeIgniter->run()
#6 {main}
CRITICAL - 2020-09-05 02:49:37 --> Argument 2 passed to CodeIgniter\Database\BaseBuilder::like() must be of the type string, null given, called in /home/sites/2a/f/fae78d7b9a/ci4/system/Model.php on line 1716
#0 /home/sites/2a/f/fae78d7b9a/ci4/system/Model.php(1716): CodeIgniter\Database\BaseBuilder->like('resource_name', NULL)
#1 /home/sites/2a/f/fae78d7b9a/ci4/app/Controllers/Resources.php(35): CodeIgniter\Model->__call('like', Array)
#2 /home/sites/2a/f/fae78d7b9a/ci4/system/CodeIgniter.php(914): App\Controllers\Resources->search('search_results')
#3 /home/sites/2a/f/fae78d7b9a/ci4/system/CodeIgniter.php(400): CodeIgniter\CodeIgniter->runController(Object(App\Controllers\Resources))
#4 /home/sites/2a/f/fae78d7b9a/ci4/system/CodeIgniter.php(308): CodeIgniter\CodeIgniter->handleRequest(NULL, Object(Config\Cache), false)
#5 /home/sites/2a/f/fae78d7b9a/public_html/index.php(45): CodeIgniter\CodeIgniter->run()
#6 {main}
CRITICAL - 2020-09-05 02:50:38 --> Argument 2 passed to CodeIgniter\Database\BaseBuilder::like() must be of the type string, null given, called in /home/sites/2a/f/fae78d7b9a/ci4/system/Model.php on line 1716
#0 /home/sites/2a/f/fae78d7b9a/ci4/system/Model.php(1716): CodeIgniter\Database\BaseBuilder->like('resource_name', NULL)
#1 /home/sites/2a/f/fae78d7b9a/ci4/app/Controllers/Resources.php(35): CodeIgniter\Model->__call('like', Array)
#2 /home/sites/2a/f/fae78d7b9a/ci4/system/CodeIgniter.php(914): App\Controllers\Resources->search('search_results')
#3 /home/sites/2a/f/fae78d7b9a/ci4/system/CodeIgniter.php(400): CodeIgniter\CodeIgniter->runController(Object(App\Controllers\Resources))
#4 /home/sites/2a/f/fae78d7b9a/ci4/system/CodeIgniter.php(308): CodeIgniter\CodeIgniter->handleRequest(NULL, Object(Config\Cache), false)
#5 /home/sites/2a/f/fae78d7b9a/public_html/index.php(45): CodeIgniter\CodeIgniter->run()
#6 {main}
CRITICAL - 2020-09-05 02:51:38 --> Argument 2 passed to CodeIgniter\Database\BaseBuilder::like() must be of the type string, null given, called in /home/sites/2a/f/fae78d7b9a/ci4/system/Model.php on line 1716
#0 /home/sites/2a/f/fae78d7b9a/ci4/system/Model.php(1716): CodeIgniter\Database\BaseBuilder->like('resource_name', NULL)
#1 /home/sites/2a/f/fae78d7b9a/ci4/app/Controllers/Resources.php(35): CodeIgniter\Model->__call('like', Array)
#2 /home/sites/2a/f/fae78d7b9a/ci4/system/CodeIgniter.php(914): App\Controllers\Resources->search('search_results')
#3 /home/sites/2a/f/fae78d7b9a/ci4/system/CodeIgniter.php(400): CodeIgniter\CodeIgniter->runController(Object(App\Controllers\Resources))
#4 /home/sites/2a/f/fae78d7b9a/ci4/system/CodeIgniter.php(308): CodeIgniter\CodeIgniter->handleRequest(NULL, Object(Config\Cache), false)
#5 /home/sites/2a/f/fae78d7b9a/public_html/index.php(45): CodeIgniter\CodeIgniter->run()
#6 {main}
CRITICAL - 2020-09-05 03:39:34 --> Table 'teacherpedia-36393d77.admin_users' doesn't exist
#0 /home/sites/2a/f/fae78d7b9a/ci4/system/Database/MySQLi/Connection.php(331): mysqli->query('SELECT *\nFROM `...')
#1 /home/sites/2a/f/fae78d7b9a/ci4/system/Database/BaseConnection.php(738): CodeIgniter\Database\MySQLi\Connection->execute('SELECT *\nFROM `...')
#2 /home/sites/2a/f/fae78d7b9a/ci4/system/Database/BaseConnection.php(666): CodeIgniter\Database\BaseConnection->simpleQuery('SELECT *\nFROM `...')
#3 /home/sites/2a/f/fae78d7b9a/ci4/system/Database/BaseBuilder.php(1845): CodeIgniter\Database\BaseConnection->query('SELECT *\nFROM `...', Array, false)
#4 /home/sites/2a/f/fae78d7b9a/ci4/system/Model.php(489): CodeIgniter\Database\BaseBuilder->get()
#5 /home/sites/2a/f/fae78d7b9a/ci4/app/Controllers/Admin/Admin_users.php(36): CodeIgniter\Model->first()
#6 /home/sites/2a/f/fae78d7b9a/ci4/system/CodeIgniter.php(914): App\Controllers\Admin\Admin_users->index()
#7 /home/sites/2a/f/fae78d7b9a/ci4/system/CodeIgniter.php(400): CodeIgniter\CodeIgniter->runController(Object(App\Controllers\Admin\Admin_users))
#8 /home/sites/2a/f/fae78d7b9a/ci4/system/CodeIgniter.php(308): CodeIgniter\CodeIgniter->handleRequest(NULL, Object(Config\Cache), false)
#9 /home/sites/2a/f/fae78d7b9a/public_html/index.php(45): CodeIgniter\CodeIgniter->run()
#10 {main}
CRITICAL - 2020-09-05 03:40:35 --> Table 'teacherpedia-36393d77.admin_users' doesn't exist
#0 /home/sites/2a/f/fae78d7b9a/ci4/system/Database/MySQLi/Connection.php(331): mysqli->query('SELECT *\nFROM `...')
#1 /home/sites/2a/f/fae78d7b9a/ci4/system/Database/BaseConnection.php(738): CodeIgniter\Database\MySQLi\Connection->execute('SELECT *\nFROM `...')
#2 /home/sites/2a/f/fae78d7b9a/ci4/system/Database/BaseConnection.php(666): CodeIgniter\Database\BaseConnection->simpleQuery('SELECT *\nFROM `...')
#3 /home/sites/2a/f/fae78d7b9a/ci4/system/Database/BaseBuilder.php(1845): CodeIgniter\Database\BaseConnection->query('SELECT *\nFROM `...', Array, false)
#4 /home/sites/2a/f/fae78d7b9a/ci4/system/Model.php(489): CodeIgniter\Database\BaseBuilder->get()
#5 /home/sites/2a/f/fae78d7b9a/ci4/app/Controllers/Admin/Admin_users.php(36): CodeIgniter\Model->first()
#6 /home/sites/2a/f/fae78d7b9a/ci4/system/CodeIgniter.php(914): App\Controllers\Admin\Admin_users->index()
#7 /home/sites/2a/f/fae78d7b9a/ci4/system/CodeIgniter.php(400): CodeIgniter\CodeIgniter->runController(Object(App\Controllers\Admin\Admin_users))
#8 /home/sites/2a/f/fae78d7b9a/ci4/system/CodeIgniter.php(308): CodeIgniter\CodeIgniter->handleRequest(NULL, Object(Config\Cache), false)
#9 /home/sites/2a/f/fae78d7b9a/public_html/index.php(45): CodeIgniter\CodeIgniter->run()
#10 {main}
CRITICAL - 2020-09-05 03:42:55 --> Table 'teacherpedia-36393d77.admin_users' doesn't exist
#0 /home/sites/2a/f/fae78d7b9a/ci4/system/Database/MySQLi/Connection.php(331): mysqli->query('SELECT 1\nFROM `...')
#1 /home/sites/2a/f/fae78d7b9a/ci4/system/Database/BaseConnection.php(738): CodeIgniter\Database\MySQLi\Connection->execute('SELECT 1\nFROM `...')
#2 /home/sites/2a/f/fae78d7b9a/ci4/system/Database/BaseConnection.php(666): CodeIgniter\Database\BaseConnection->simpleQuery('SELECT 1\nFROM `...')
#3 /home/sites/2a/f/fae78d7b9a/ci4/system/Database/BaseBuilder.php(1845): CodeIgniter\Database\BaseConnection->query('SELECT 1\nFROM `...', Array, false)
#4 /home/sites/2a/f/fae78d7b9a/ci4/system/Validation/Rules.php(234): CodeIgniter\Database\BaseBuilder->get()
#5 /home/sites/2a/f/fae78d7b9a/ci4/system/Validation/Validation.php(294): CodeIgniter\Validation\Rules->is_unique('mark', 'username', Array, NULL)
#6 /home/sites/2a/f/fae78d7b9a/ci4/system/Validation/Validation.php(189): CodeIgniter\Validation\Validation->processRules('user_name', 'user_name', 'mark', Array, Array)
#7 /home/sites/2a/f/fae78d7b9a/ci4/system/Controller.php(219): CodeIgniter\Validation\Validation->run()
#8 /home/sites/2a/f/fae78d7b9a/ci4/app/Controllers/Admin/Admin_users.php(86): CodeIgniter\Controller->validate(Array)
#9 /home/sites/2a/f/fae78d7b9a/ci4/system/CodeIgniter.php(914): App\Controllers\Admin\Admin_users->register()
#10 /home/sites/2a/f/fae78d7b9a/ci4/system/CodeIgniter.php(400): CodeIgniter\CodeIgniter->runController(Object(App\Controllers\Admin\Admin_users))
#11 /home/sites/2a/f/fae78d7b9a/ci4/system/CodeIgniter.php(308): CodeIgniter\CodeIgniter->handleRequest(NULL, Object(Config\Cache), false)
#12 /home/sites/2a/f/fae78d7b9a/public_html/index.php(45): CodeIgniter\CodeIgniter->run()
#13 {main}
CRITICAL - 2020-09-05 04:20:56 --> Unknown column 'username' in 'where clause'
#0 /home/sites/2a/f/fae78d7b9a/ci4/system/Database/MySQLi/Connection.php(331): mysqli->query('SELECT 1\nFROM `...')
#1 /home/sites/2a/f/fae78d7b9a/ci4/system/Database/BaseConnection.php(738): CodeIgniter\Database\MySQLi\Connection->execute('SELECT 1\nFROM `...')
#2 /home/sites/2a/f/fae78d7b9a/ci4/system/Database/BaseConnection.php(666): CodeIgniter\Database\BaseConnection->simpleQuery('SELECT 1\nFROM `...')
#3 /home/sites/2a/f/fae78d7b9a/ci4/system/Database/BaseBuilder.php(1845): CodeIgniter\Database\BaseConnection->query('SELECT 1\nFROM `...', Array, false)
#4 /home/sites/2a/f/fae78d7b9a/ci4/system/Validation/Rules.php(234): CodeIgniter\Database\BaseBuilder->get()
#5 /home/sites/2a/f/fae78d7b9a/ci4/system/Validation/Validation.php(294): CodeIgniter\Validation\Rules->is_unique('mark', 'username', Array, NULL)
#6 /home/sites/2a/f/fae78d7b9a/ci4/system/Validation/Validation.php(189): CodeIgniter\Validation\Validation->processRules('user_name', 'user_name', 'mark', Array, Array)
#7 /home/sites/2a/f/fae78d7b9a/ci4/system/Controller.php(219): CodeIgniter\Validation\Validation->run()
#8 /home/sites/2a/f/fae78d7b9a/ci4/app/Controllers/Admin/Admin_users.php(86): CodeIgniter\Controller->validate(Array)
#9 /home/sites/2a/f/fae78d7b9a/ci4/system/CodeIgniter.php(914): App\Controllers\Admin\Admin_users->register()
#10 /home/sites/2a/f/fae78d7b9a/ci4/system/CodeIgniter.php(400): CodeIgniter\CodeIgniter->runController(Object(App\Controllers\Admin\Admin_users))
#11 /home/sites/2a/f/fae78d7b9a/ci4/system/CodeIgniter.php(308): CodeIgniter\CodeIgniter->handleRequest(NULL, Object(Config\Cache), false)
#12 /home/sites/2a/f/fae78d7b9a/public_html/index.php(45): CodeIgniter\CodeIgniter->run()
#13 {main}
CRITICAL - 2020-09-05 04:35:08 --> Class 'App\Controllers\admin\Admin_Controller' not found
#0 /home/sites/2a/f/fae78d7b9a/ci4/system/Autoloader/Autoloader.php(365): require_once()
#1 /home/sites/2a/f/fae78d7b9a/ci4/system/Autoloader/Autoloader.php(296): CodeIgniter\Autoloader\Autoloader->requireFile('/home/sites/2a/...')
#2 /home/sites/2a/f/fae78d7b9a/ci4/system/Autoloader/Autoloader.php(258): CodeIgniter\Autoloader\Autoloader->loadInNamespace('App\\Controllers...')
#3 [internal function]: CodeIgniter\Autoloader\Autoloader->loadClass('App\\Controllers...')
#4 [internal function]: spl_autoload_call('App\\Controllers...')
#5 /home/sites/2a/f/fae78d7b9a/ci4/system/CodeIgniter.php(865): class_exists('\\App\\Controller...', true)
#6 /home/sites/2a/f/fae78d7b9a/ci4/system/CodeIgniter.php(390): CodeIgniter\CodeIgniter->startController()
#7 /home/sites/2a/f/fae78d7b9a/ci4/system/CodeIgniter.php(308): CodeIgniter\CodeIgniter->handleRequest(NULL, Object(Config\Cache), false)
#8 /home/sites/2a/f/fae78d7b9a/public_html/index.php(45): CodeIgniter\CodeIgniter->run()
#9 {main}
CRITICAL - 2020-09-05 04:56:18 --> Class 'App\Controllers\admin\Admin_Controller' not found
#0 /home/sites/2a/f/fae78d7b9a/ci4/system/Autoloader/Autoloader.php(365): require_once()
#1 /home/sites/2a/f/fae78d7b9a/ci4/system/Autoloader/Autoloader.php(296): CodeIgniter\Autoloader\Autoloader->requireFile('/home/sites/2a/...')
#2 /home/sites/2a/f/fae78d7b9a/ci4/system/Autoloader/Autoloader.php(258): CodeIgniter\Autoloader\Autoloader->loadInNamespace('App\\Controllers...')
#3 [internal function]: CodeIgniter\Autoloader\Autoloader->loadClass('App\\Controllers...')
#4 [internal function]: spl_autoload_call('App\\Controllers...')
#5 /home/sites/2a/f/fae78d7b9a/ci4/system/CodeIgniter.php(865): class_exists('\\App\\Controller...', true)
#6 /home/sites/2a/f/fae78d7b9a/ci4/system/CodeIgniter.php(390): CodeIgniter\CodeIgniter->startController()
#7 /home/sites/2a/f/fae78d7b9a/ci4/system/CodeIgniter.php(308): CodeIgniter\CodeIgniter->handleRequest(NULL, Object(Config\Cache), false)
#8 /home/sites/2a/f/fae78d7b9a/public_html/index.php(45): CodeIgniter\CodeIgniter->run()
#9 {main}
CRITICAL - 2020-09-05 13:46:19 --> Argument 1 passed to url_title() must be of the type string, null given, called in /home/sites/2a/f/fae78d7b9a/ci4/app/Controllers/Admin/Resources.php on line 257
#0 /home/sites/2a/f/fae78d7b9a/ci4/app/Controllers/Admin/Resources.php(257): url_title(NULL, 'dash', true)
#1 /home/sites/2a/f/fae78d7b9a/ci4/system/CodeIgniter.php(914): App\Controllers\Admin\Resources->do_uploads()
#2 /home/sites/2a/f/fae78d7b9a/ci4/system/CodeIgniter.php(400): CodeIgniter\CodeIgniter->runController(Object(App\Controllers\Admin\Resources))
#3 /home/sites/2a/f/fae78d7b9a/ci4/system/CodeIgniter.php(308): CodeIgniter\CodeIgniter->handleRequest(NULL, Object(Config\Cache), false)
#4 /home/sites/2a/f/fae78d7b9a/public_html/index.php(45): CodeIgniter\CodeIgniter->run()
#5 {main}
CRITICAL - 2020-09-05 14:28:38 --> Argument 1 passed to url_title() must be of the type string, null given, called in /home/sites/2a/f/fae78d7b9a/ci4/app/Controllers/Admin/Resources.php on line 257
#0 /home/sites/2a/f/fae78d7b9a/ci4/app/Controllers/Admin/Resources.php(257): url_title(NULL, 'dash', true)
#1 /home/sites/2a/f/fae78d7b9a/ci4/system/CodeIgniter.php(914): App\Controllers\Admin\Resources->do_uploads()
#2 /home/sites/2a/f/fae78d7b9a/ci4/system/CodeIgniter.php(400): CodeIgniter\CodeIgniter->runController(Object(App\Controllers\Admin\Resources))
#3 /home/sites/2a/f/fae78d7b9a/ci4/system/CodeIgniter.php(308): CodeIgniter\CodeIgniter->handleRequest(NULL, Object(Config\Cache), false)
#4 /home/sites/2a/f/fae78d7b9a/public_html/index.php(45): CodeIgniter\CodeIgniter->run()
#5 {main}
CRITICAL - 2020-09-05 14:30:39 --> 
#0 /home/sites/2a/f/fae78d7b9a/ci4/system/View/View.php(228): CodeIgniter\Exceptions\FrameworkException::forInvalidFile('../../..//index...')
#1 /home/sites/2a/f/fae78d7b9a/ci4/system/Common.php(1087): CodeIgniter\View\View->render('../../..//index', Array, true)
#2 /home/sites/2a/f/fae78d7b9a/ci4/app/Controllers/Resources.php(93): view('../../..//index', Array)
#3 /home/sites/2a/f/fae78d7b9a/ci4/system/CodeIgniter.php(914): App\Controllers\Resources->load()
#4 /home/sites/2a/f/fae78d7b9a/ci4/system/CodeIgniter.php(400): CodeIgniter\CodeIgniter->runController(Object(App\Controllers\Resources))
#5 /home/sites/2a/f/fae78d7b9a/ci4/system/CodeIgniter.php(308): CodeIgniter\CodeIgniter->handleRequest(NULL, Object(Config\Cache), false)
#6 /home/sites/2a/f/fae78d7b9a/public_html/index.php(45): CodeIgniter\CodeIgniter->run()
#7 {main}
CRITICAL - 2020-09-05 14:40:05 --> Argument 1 passed to url_title() must be of the type string, null given, called in /home/sites/2a/f/fae78d7b9a/ci4/app/Controllers/Admin/Resources.php on line 257
#0 /home/sites/2a/f/fae78d7b9a/ci4/app/Controllers/Admin/Resources.php(257): url_title(NULL, 'dash', true)
#1 /home/sites/2a/f/fae78d7b9a/ci4/system/CodeIgniter.php(914): App\Controllers\Admin\Resources->do_uploads()
#2 /home/sites/2a/f/fae78d7b9a/ci4/system/CodeIgniter.php(400): CodeIgniter\CodeIgniter->runController(Object(App\Controllers\Admin\Resources))
#3 /home/sites/2a/f/fae78d7b9a/ci4/system/CodeIgniter.php(308): CodeIgniter\CodeIgniter->handleRequest(NULL, Object(Config\Cache), false)
#4 /home/sites/2a/f/fae78d7b9a/public_html/index.php(45): CodeIgniter\CodeIgniter->run()
#5 {main}
CRITICAL - 2020-09-05 14:40:45 --> Call to a member function post() on null
#0 /home/sites/2a/f/fae78d7b9a/ci4/system/View/View.php(246): include()
#1 /home/sites/2a/f/fae78d7b9a/ci4/system/Common.php(1087): CodeIgniter\View\View->render('../../../resour...', Array, true)
#2 /home/sites/2a/f/fae78d7b9a/ci4/app/Controllers/Resources.php(112): view('../../../resour...', Array)
#3 /home/sites/2a/f/fae78d7b9a/ci4/system/CodeIgniter.php(914): App\Controllers\Resources->loadSheet('62')
#4 /home/sites/2a/f/fae78d7b9a/ci4/system/CodeIgniter.php(400): CodeIgniter\CodeIgniter->runController(Object(App\Controllers\Resources))
#5 /home/sites/2a/f/fae78d7b9a/ci4/system/CodeIgniter.php(308): CodeIgniter\CodeIgniter->handleRequest(NULL, Object(Config\Cache), false)
#6 /home/sites/2a/f/fae78d7b9a/public_html/index.php(45): CodeIgniter\CodeIgniter->run()
#7 {main}
CRITICAL - 2020-09-05 14:57:10 --> 
#0 /home/sites/2a/f/fae78d7b9a/ci4/system/View/View.php(228): CodeIgniter\Exceptions\FrameworkException::forInvalidFile('../../..//index...')
#1 /home/sites/2a/f/fae78d7b9a/ci4/system/Common.php(1087): CodeIgniter\View\View->render('../../..//index', Array, true)
#2 /home/sites/2a/f/fae78d7b9a/ci4/app/Controllers/Resources.php(93): view('../../..//index', Array)
#3 /home/sites/2a/f/fae78d7b9a/ci4/system/CodeIgniter.php(914): App\Controllers\Resources->load()
#4 /home/sites/2a/f/fae78d7b9a/ci4/system/CodeIgniter.php(400): CodeIgniter\CodeIgniter->runController(Object(App\Controllers\Resources))
#5 /home/sites/2a/f/fae78d7b9a/ci4/system/CodeIgniter.php(308): CodeIgniter\CodeIgniter->handleRequest(NULL, Object(Config\Cache), false)
#6 /home/sites/2a/f/fae78d7b9a/public_html/index.php(45): CodeIgniter\CodeIgniter->run()
#7 {main}
CRITICAL - 2020-09-05 15:11:24 --> Argument 2 passed to CodeIgniter\Database\BaseBuilder::like() must be of the type string, null given, called in /home/sites/2a/f/fae78d7b9a/ci4/system/Model.php on line 1716
#0 /home/sites/2a/f/fae78d7b9a/ci4/system/Model.php(1716): CodeIgniter\Database\BaseBuilder->like('resource_name', NULL)
#1 /home/sites/2a/f/fae78d7b9a/ci4/app/Controllers/Resources.php(35): CodeIgniter\Model->__call('like', Array)
#2 /home/sites/2a/f/fae78d7b9a/ci4/system/CodeIgniter.php(914): App\Controllers\Resources->search('search_results')
#3 /home/sites/2a/f/fae78d7b9a/ci4/system/CodeIgniter.php(400): CodeIgniter\CodeIgniter->runController(Object(App\Controllers\Resources))
#4 /home/sites/2a/f/fae78d7b9a/ci4/system/CodeIgniter.php(308): CodeIgniter\CodeIgniter->handleRequest(NULL, Object(Config\Cache), false)
#5 /home/sites/2a/f/fae78d7b9a/public_html/index.php(45): CodeIgniter\CodeIgniter->run()
#6 {main}
CRITICAL - 2020-09-05 15:12:24 --> Argument 2 passed to CodeIgniter\Database\BaseBuilder::like() must be of the type string, null given, called in /home/sites/2a/f/fae78d7b9a/ci4/system/Model.php on line 1716
#0 /home/sites/2a/f/fae78d7b9a/ci4/system/Model.php(1716): CodeIgniter\Database\BaseBuilder->like('resource_name', NULL)
#1 /home/sites/2a/f/fae78d7b9a/ci4/app/Controllers/Resources.php(35): CodeIgniter\Model->__call('like', Array)
#2 /home/sites/2a/f/fae78d7b9a/ci4/system/CodeIgniter.php(914): App\Controllers\Resources->search('search_results')
#3 /home/sites/2a/f/fae78d7b9a/ci4/system/CodeIgniter.php(400): CodeIgniter\CodeIgniter->runController(Object(App\Controllers\Resources))
#4 /home/sites/2a/f/fae78d7b9a/ci4/system/CodeIgniter.php(308): CodeIgniter\CodeIgniter->handleRequest(NULL, Object(Config\Cache), false)
#5 /home/sites/2a/f/fae78d7b9a/public_html/index.php(45): CodeIgniter\CodeIgniter->run()
#6 {main}
CRITICAL - 2020-09-05 15:13:25 --> Argument 2 passed to CodeIgniter\Database\BaseBuilder::like() must be of the type string, null given, called in /home/sites/2a/f/fae78d7b9a/ci4/system/Model.php on line 1716
#0 /home/sites/2a/f/fae78d7b9a/ci4/system/Model.php(1716): CodeIgniter\Database\BaseBuilder->like('resource_name', NULL)
#1 /home/sites/2a/f/fae78d7b9a/ci4/app/Controllers/Resources.php(35): CodeIgniter\Model->__call('like', Array)
#2 /home/sites/2a/f/fae78d7b9a/ci4/system/CodeIgniter.php(914): App\Controllers\Resources->search('search_results')
#3 /home/sites/2a/f/fae78d7b9a/ci4/system/CodeIgniter.php(400): CodeIgniter\CodeIgniter->runController(Object(App\Controllers\Resources))
#4 /home/sites/2a/f/fae78d7b9a/ci4/system/CodeIgniter.php(308): CodeIgniter\CodeIgniter->handleRequest(NULL, Object(Config\Cache), false)
#5 /home/sites/2a/f/fae78d7b9a/public_html/index.php(45): CodeIgniter\CodeIgniter->run()
#6 {main}
CRITICAL - 2020-09-05 15:14:26 --> Argument 2 passed to CodeIgniter\Database\BaseBuilder::like() must be of the type string, null given, called in /home/sites/2a/f/fae78d7b9a/ci4/system/Model.php on line 1716
#0 /home/sites/2a/f/fae78d7b9a/ci4/system/Model.php(1716): CodeIgniter\Database\BaseBuilder->like('resource_name', NULL)
#1 /home/sites/2a/f/fae78d7b9a/ci4/app/Controllers/Resources.php(35): CodeIgniter\Model->__call('like', Array)
#2 /home/sites/2a/f/fae78d7b9a/ci4/system/CodeIgniter.php(914): App\Controllers\Resources->search('search_results')
#3 /home/sites/2a/f/fae78d7b9a/ci4/system/CodeIgniter.php(400): CodeIgniter\CodeIgniter->runController(Object(App\Controllers\Resources))
#4 /home/sites/2a/f/fae78d7b9a/ci4/system/CodeIgniter.php(308): CodeIgniter\CodeIgniter->handleRequest(NULL, Object(Config\Cache), false)
#5 /home/sites/2a/f/fae78d7b9a/public_html/index.php(45): CodeIgniter\CodeIgniter->run()
#6 {main}
CRITICAL - 2020-09-05 22:46:51 --> Argument 2 passed to CodeIgniter\Database\BaseBuilder::like() must be of the type string, null given, called in /home/sites/2a/f/fae78d7b9a/ci4/system/Model.php on line 1716
#0 /home/sites/2a/f/fae78d7b9a/ci4/system/Model.php(1716): CodeIgniter\Database\BaseBuilder->like('resource_name', NULL)
#1 /home/sites/2a/f/fae78d7b9a/ci4/app/Controllers/Resources.php(35): CodeIgniter\Model->__call('like', Array)
#2 /home/sites/2a/f/fae78d7b9a/ci4/system/CodeIgniter.php(914): App\Controllers\Resources->search('search_results')
#3 /home/sites/2a/f/fae78d7b9a/ci4/system/CodeIgniter.php(400): CodeIgniter\CodeIgniter->runController(Object(App\Controllers\Resources))
#4 /home/sites/2a/f/fae78d7b9a/ci4/system/CodeIgniter.php(308): CodeIgniter\CodeIgniter->handleRequest(NULL, Object(Config\Cache), false)
#5 /home/sites/2a/f/fae78d7b9a/public_html/index.php(45): CodeIgniter\CodeIgniter->run()
#6 {main}
CRITICAL - 2020-09-05 22:47:51 --> Argument 2 passed to CodeIgniter\Database\BaseBuilder::like() must be of the type string, null given, called in /home/sites/2a/f/fae78d7b9a/ci4/system/Model.php on line 1716
#0 /home/sites/2a/f/fae78d7b9a/ci4/system/Model.php(1716): CodeIgniter\Database\BaseBuilder->like('resource_name', NULL)
#1 /home/sites/2a/f/fae78d7b9a/ci4/app/Controllers/Resources.php(35): CodeIgniter\Model->__call('like', Array)
#2 /home/sites/2a/f/fae78d7b9a/ci4/system/CodeIgniter.php(914): App\Controllers\Resources->search('search_results')
#3 /home/sites/2a/f/fae78d7b9a/ci4/system/CodeIgniter.php(400): CodeIgniter\CodeIgniter->runController(Object(App\Controllers\Resources))
#4 /home/sites/2a/f/fae78d7b9a/ci4/system/CodeIgniter.php(308): CodeIgniter\CodeIgniter->handleRequest(NULL, Object(Config\Cache), false)
#5 /home/sites/2a/f/fae78d7b9a/public_html/index.php(45): CodeIgniter\CodeIgniter->run()
#6 {main}
CRITICAL - 2020-09-05 22:48:52 --> Argument 2 passed to CodeIgniter\Database\BaseBuilder::like() must be of the type string, null given, called in /home/sites/2a/f/fae78d7b9a/ci4/system/Model.php on line 1716
#0 /home/sites/2a/f/fae78d7b9a/ci4/system/Model.php(1716): CodeIgniter\Database\BaseBuilder->like('resource_name', NULL)
#1 /home/sites/2a/f/fae78d7b9a/ci4/app/Controllers/Resources.php(35): CodeIgniter\Model->__call('like', Array)
#2 /home/sites/2a/f/fae78d7b9a/ci4/system/CodeIgniter.php(914): App\Controllers\Resources->search('search_results')
#3 /home/sites/2a/f/fae78d7b9a/ci4/system/CodeIgniter.php(400): CodeIgniter\CodeIgniter->runController(Object(App\Controllers\Resources))
#4 /home/sites/2a/f/fae78d7b9a/ci4/system/CodeIgniter.php(308): CodeIgniter\CodeIgniter->handleRequest(NULL, Object(Config\Cache), false)
#5 /home/sites/2a/f/fae78d7b9a/public_html/index.php(45): CodeIgniter\CodeIgniter->run()
#6 {main}
CRITICAL - 2020-09-05 22:49:52 --> Argument 2 passed to CodeIgniter\Database\BaseBuilder::like() must be of the type string, null given, called in /home/sites/2a/f/fae78d7b9a/ci4/system/Model.php on line 1716
#0 /home/sites/2a/f/fae78d7b9a/ci4/system/Model.php(1716): CodeIgniter\Database\BaseBuilder->like('resource_name', NULL)
#1 /home/sites/2a/f/fae78d7b9a/ci4/app/Controllers/Resources.php(35): CodeIgniter\Model->__call('like', Array)
#2 /home/sites/2a/f/fae78d7b9a/ci4/system/CodeIgniter.php(914): App\Controllers\Resources->search('search_results')
#3 /home/sites/2a/f/fae78d7b9a/ci4/system/CodeIgniter.php(400): CodeIgniter\CodeIgniter->runController(Object(App\Controllers\Resources))
#4 /home/sites/2a/f/fae78d7b9a/ci4/system/CodeIgniter.php(308): CodeIgniter\CodeIgniter->handleRequest(NULL, Object(Config\Cache), false)
#5 /home/sites/2a/f/fae78d7b9a/public_html/index.php(45): CodeIgniter\CodeIgniter->run()
#6 {main}
