CRITICAL - 2022-05-18 03:31:53 --> No route to host
#0 /home/sites/2a/f/fae78d7b9a/ci4/system/Database/BaseConnection.php(377): CodeIgniter\Database\MySQLi\Connection->connect(true)
#1 /home/sites/2a/f/fae78d7b9a/ci4/system/Database/BaseConnection.php(643): CodeIgniter\Database\BaseConnection->initialize()
#2 /home/sites/2a/f/fae78d7b9a/ci4/system/Database/BaseBuilder.php(1845): CodeIgniter\Database\BaseConnection->query('SELECT *\nFROM `...', Array, false)
#3 /home/sites/2a/f/fae78d7b9a/ci4/app/Models/ResourcesModel.php(76): CodeIgniter\Database\BaseBuilder->get()
#4 /home/sites/2a/f/fae78d7b9a/ci4/app/Controllers/Resources.php(61): App\Models\ResourcesModel->get_resources(12, 'missing-number-...')
#5 /home/sites/2a/f/fae78d7b9a/ci4/system/CodeIgniter.php(914): App\Controllers\Resources->subjects('results', 'missing-number-...', 'ultimatedashmul...', 'year-3-multi-ob...', 'column-addition...', 'column-addition...', 'column-addition...', 'year-5-multi-ob...', 'multiplication-...', 'addition-code-b...', 'year-4-multi-ob...', 'missing-number-...', 'missing-number-...', 'missing-number-...', 'column-addition...', 'multiplication-...', 'addition-code-b...', 'ultimatedashmul...', 'year-4-multi-ob...', 'year-4-multi-ob...')
#6 /home/sites/2a/f/fae78d7b9a/ci4/system/CodeIgniter.php(400): CodeIgniter\CodeIgniter->runController(Object(App\Controllers\Resources))
#7 /home/sites/2a/f/fae78d7b9a/ci4/system/CodeIgniter.php(308): CodeIgniter\CodeIgniter->handleRequest(NULL, Object(Config\Cache), false)
#8 /home/sites/2a/f/fae78d7b9a/public_html/index.php(45): CodeIgniter\CodeIgniter->run()
#9 {main}
CRITICAL - 2022-05-18 12:02:03 --> MySQL server has gone away
#0 /home/sites/2a/f/fae78d7b9a/ci4/system/Database/MySQLi/Connection.php(331): mysqli->query('SELECT *\nFROM `...')
#1 /home/sites/2a/f/fae78d7b9a/ci4/system/Database/BaseConnection.php(738): CodeIgniter\Database\MySQLi\Connection->execute('SELECT *\nFROM `...')
#2 /home/sites/2a/f/fae78d7b9a/ci4/system/Database/BaseConnection.php(666): CodeIgniter\Database\BaseConnection->simpleQuery('SELECT *\nFROM `...')
#3 /home/sites/2a/f/fae78d7b9a/ci4/system/Database/BaseBuilder.php(2004): CodeIgniter\Database\BaseConnection->query('SELECT *\nFROM `...', Array, false)
#4 /home/sites/2a/f/fae78d7b9a/ci4/app/Models/ResourcesModel.php(36): CodeIgniter\Database\BaseBuilder->getWhere(Array)
#5 /home/sites/2a/f/fae78d7b9a/ci4/app/Controllers/Resources.php(84): App\Models\ResourcesModel->load_resource('missing-number-...')
#6 /home/sites/2a/f/fae78d7b9a/ci4/system/CodeIgniter.php(914): App\Controllers\Resources->load()
#7 /home/sites/2a/f/fae78d7b9a/ci4/system/CodeIgniter.php(400): CodeIgniter\CodeIgniter->runController(Object(App\Controllers\Resources))
#8 /home/sites/2a/f/fae78d7b9a/ci4/system/CodeIgniter.php(308): CodeIgniter\CodeIgniter->handleRequest(NULL, Object(Config\Cache), false)
#9 /home/sites/2a/f/fae78d7b9a/public_html/index.php(45): CodeIgniter\CodeIgniter->run()
#10 {main}
CRITICAL - 2022-05-18 14:54:34 --> Connection refused
#0 /home/sites/2a/f/fae78d7b9a/ci4/system/Database/BaseConnection.php(377): CodeIgniter\Database\MySQLi\Connection->connect(true)
#1 /home/sites/2a/f/fae78d7b9a/ci4/system/Database/BaseConnection.php(643): CodeIgniter\Database\BaseConnection->initialize()
#2 /home/sites/2a/f/fae78d7b9a/ci4/system/Database/BaseBuilder.php(1845): CodeIgniter\Database\BaseConnection->query('SELECT *\nFROM `...', Array, false)
#3 /home/sites/2a/f/fae78d7b9a/ci4/app/Models/ResourcesModel.php(76): CodeIgniter\Database\BaseBuilder->get()
#4 /home/sites/2a/f/fae78d7b9a/ci4/app/Controllers/Resources.php(61): App\Models\ResourcesModel->get_resources(12, 'missing-number-...')
#5 /home/sites/2a/f/fae78d7b9a/ci4/system/CodeIgniter.php(914): App\Controllers\Resources->subjects('results', 'missing-number-...', 'ultimatedashmul...', 'year-3-multi-ob...', 'column-addition...', 'column-addition...', 'column-addition...', 'year-5-multi-ob...', 'addition-code-b...', 'missing-number-...', 'missing-number-...', 'missing-number-...', 'year-3-multi-ob...', 'multiplication-...')
#6 /home/sites/2a/f/fae78d7b9a/ci4/system/CodeIgniter.php(400): CodeIgniter\CodeIgniter->runController(Object(App\Controllers\Resources))
#7 /home/sites/2a/f/fae78d7b9a/ci4/system/CodeIgniter.php(308): CodeIgniter\CodeIgniter->handleRequest(NULL, Object(Config\Cache), false)
#8 /home/sites/2a/f/fae78d7b9a/public_html/index.php(45): CodeIgniter\CodeIgniter->run()
#9 {main}
CRITICAL - 2022-05-18 20:37:33 --> Connection refused
#0 /home/sites/2a/f/fae78d7b9a/ci4/system/Database/BaseConnection.php(377): CodeIgniter\Database\MySQLi\Connection->connect(true)
#1 /home/sites/2a/f/fae78d7b9a/ci4/system/Database/BaseConnection.php(643): CodeIgniter\Database\BaseConnection->initialize()
#2 /home/sites/2a/f/fae78d7b9a/ci4/system/Database/BaseBuilder.php(1845): CodeIgniter\Database\BaseConnection->query('SELECT *\nFROM `...', Array, false)
#3 /home/sites/2a/f/fae78d7b9a/ci4/system/Model.php(489): CodeIgniter\Database\BaseBuilder->get()
#4 /home/sites/2a/f/fae78d7b9a/ci4/app/Validation/UserRules.php(14): CodeIgniter\Model->first()
#5 /home/sites/2a/f/fae78d7b9a/ci4/system/Validation/Validation.php(294): App\Validation\UserRules->validateUser('teacherpedia201...', 'user_email, use...', Array, NULL)
#6 /home/sites/2a/f/fae78d7b9a/ci4/system/Validation/Validation.php(189): CodeIgniter\Validation\Validation->processRules('user_password', 'user_password', 'teacherpedia201...', Array, Array)
#7 /home/sites/2a/f/fae78d7b9a/ci4/system/Controller.php(219): CodeIgniter\Validation\Validation->run()
#8 /home/sites/2a/f/fae78d7b9a/ci4/app/Controllers/Admin/Admin_users.php(30): CodeIgniter\Controller->validate(Array)
#9 /home/sites/2a/f/fae78d7b9a/ci4/system/CodeIgniter.php(914): App\Controllers\Admin\Admin_users->index()
#10 /home/sites/2a/f/fae78d7b9a/ci4/system/CodeIgniter.php(400): CodeIgniter\CodeIgniter->runController(Object(App\Controllers\Admin\Admin_users))
#11 /home/sites/2a/f/fae78d7b9a/ci4/system/CodeIgniter.php(308): CodeIgniter\CodeIgniter->handleRequest(NULL, Object(Config\Cache), false)
#12 /home/sites/2a/f/fae78d7b9a/public_html/index.php(45): CodeIgniter\CodeIgniter->run()
#13 {main}
CRITICAL - 2022-05-18 20:49:13 --> Connection refused
#0 /home/sites/2a/f/fae78d7b9a/ci4/system/Database/BaseConnection.php(377): CodeIgniter\Database\MySQLi\Connection->connect(true)
#1 /home/sites/2a/f/fae78d7b9a/ci4/system/Database/BaseConnection.php(643): CodeIgniter\Database\BaseConnection->initialize()
#2 /home/sites/2a/f/fae78d7b9a/ci4/system/Database/BaseBuilder.php(1845): CodeIgniter\Database\BaseConnection->query('SELECT *\nFROM `...', Array, false)
#3 /home/sites/2a/f/fae78d7b9a/ci4/app/Models/ResourcesModel.php(17): CodeIgniter\Database\BaseBuilder->get(10)
#4 /home/sites/2a/f/fae78d7b9a/ci4/app/Controllers/Home.php(28): App\Models\ResourcesModel->load_latest_resources()
#5 /home/sites/2a/f/fae78d7b9a/ci4/system/CodeIgniter.php(914): App\Controllers\Home->index()
#6 /home/sites/2a/f/fae78d7b9a/ci4/system/CodeIgniter.php(400): CodeIgniter\CodeIgniter->runController(Object(App\Controllers\Home))
#7 /home/sites/2a/f/fae78d7b9a/ci4/system/CodeIgniter.php(308): CodeIgniter\CodeIgniter->handleRequest(NULL, Object(Config\Cache), false)
#8 /home/sites/2a/f/fae78d7b9a/public_html/index.php(45): CodeIgniter\CodeIgniter->run()
#9 {main}
