CRITICAL - 2023-05-30 05:30:39 --> No route to host
#0 /home/sites/2a/f/fae78d7b9a/ci4/system/Database/BaseConnection.php(377): CodeIgniter\Database\MySQLi\Connection->connect(true)
#1 /home/sites/2a/f/fae78d7b9a/ci4/system/Database/BaseConnection.php(643): CodeIgniter\Database\BaseConnection->initialize()
#2 /home/sites/2a/f/fae78d7b9a/ci4/system/Database/BaseBuilder.php(1845): CodeIgniter\Database\BaseConnection->query('SELECT *\nFROM `...', Array, false)
#3 /home/sites/2a/f/fae78d7b9a/ci4/app/Models/ResourcesModel.php(76): CodeIgniter\Database\BaseBuilder->get()
#4 /home/sites/2a/f/fae78d7b9a/ci4/app/Controllers/Resources.php(61): App\Models\ResourcesModel->get_resources(12, 'year-5-multi-ob...')
#5 /home/sites/2a/f/fae78d7b9a/ci4/system/CodeIgniter.php(914): App\Controllers\Resources->subjects('results', 'year-5-multi-ob...', 'multiplication-...', 'year-3-multi-ob...', 'column-addition...', 'missing-number-...', 'missing-number-...', 'year-4-multi-ob...', 'ultimatedashmul...', 'ultimatedashmul...')
#6 /home/sites/2a/f/fae78d7b9a/ci4/system/CodeIgniter.php(400): CodeIgniter\CodeIgniter->runController(Object(App\Controllers\Resources))
#7 /home/sites/2a/f/fae78d7b9a/ci4/system/CodeIgniter.php(308): CodeIgniter\CodeIgniter->handleRequest(NULL, Object(Config\Cache), false)
#8 /home/sites/2a/f/fae78d7b9a/public_html/index.php(45): CodeIgniter\CodeIgniter->run()
#9 {main}
CRITICAL - 2023-05-30 05:36:28 --> No route to host
#0 /home/sites/2a/f/fae78d7b9a/ci4/system/Database/BaseConnection.php(377): CodeIgniter\Database\MySQLi\Connection->connect(true)
#1 /home/sites/2a/f/fae78d7b9a/ci4/system/Database/BaseConnection.php(643): CodeIgniter\Database\BaseConnection->initialize()
#2 /home/sites/2a/f/fae78d7b9a/ci4/system/Database/BaseBuilder.php(1845): CodeIgniter\Database\BaseConnection->query('SELECT *\nFROM `...', Array, false)
#3 /home/sites/2a/f/fae78d7b9a/ci4/app/Models/ResourcesModel.php(76): CodeIgniter\Database\BaseBuilder->get()
#4 /home/sites/2a/f/fae78d7b9a/ci4/app/Controllers/Resources.php(61): App\Models\ResourcesModel->get_resources(12, 'column-addition...')
#5 /home/sites/2a/f/fae78d7b9a/ci4/system/CodeIgniter.php(914): App\Controllers\Resources->subjects('results', 'column-addition...', 'missing-number-...', 'multiplication-...', 'column-addition...', 'year-4-multi-ob...', 'multiplication-...', 'year-5-multi-ob...', 'year-3-multi-ob...', 'missing-number-...', 'missing-number-...')
#6 /home/sites/2a/f/fae78d7b9a/ci4/system/CodeIgniter.php(400): CodeIgniter\CodeIgniter->runController(Object(App\Controllers\Resources))
#7 /home/sites/2a/f/fae78d7b9a/ci4/system/CodeIgniter.php(308): CodeIgniter\CodeIgniter->handleRequest(NULL, Object(Config\Cache), false)
#8 /home/sites/2a/f/fae78d7b9a/public_html/index.php(45): CodeIgniter\CodeIgniter->run()
#9 {main}
CRITICAL - 2023-05-30 05:36:31 --> No route to host
#0 /home/sites/2a/f/fae78d7b9a/ci4/system/Database/BaseConnection.php(377): CodeIgniter\Database\MySQLi\Connection->connect(true)
#1 /home/sites/2a/f/fae78d7b9a/ci4/system/Database/BaseConnection.php(643): CodeIgniter\Database\BaseConnection->initialize()
#2 /home/sites/2a/f/fae78d7b9a/ci4/system/Database/BaseBuilder.php(1845): CodeIgniter\Database\BaseConnection->query('SELECT *\nFROM `...', Array, false)
#3 /home/sites/2a/f/fae78d7b9a/ci4/app/Models/ResourcesModel.php(76): CodeIgniter\Database\BaseBuilder->get()
#4 /home/sites/2a/f/fae78d7b9a/ci4/app/Controllers/Resources.php(61): App\Models\ResourcesModel->get_resources(12, 'multiplication-...')
#5 /home/sites/2a/f/fae78d7b9a/ci4/system/CodeIgniter.php(914): App\Controllers\Resources->subjects('results', 'multiplication-...', 'year-5-multi-ob...', 'column-addition...', 'year-4-multi-ob...', 'year-3-multi-ob...', 'missing-number-...', 'missing-number-...')
#6 /home/sites/2a/f/fae78d7b9a/ci4/system/CodeIgniter.php(400): CodeIgniter\CodeIgniter->runController(Object(App\Controllers\Resources))
#7 /home/sites/2a/f/fae78d7b9a/ci4/system/CodeIgniter.php(308): CodeIgniter\CodeIgniter->handleRequest(NULL, Object(Config\Cache), false)
#8 /home/sites/2a/f/fae78d7b9a/public_html/index.php(45): CodeIgniter\CodeIgniter->run()
#9 {main}
CRITICAL - 2023-05-30 05:37:21 --> No route to host
#0 /home/sites/2a/f/fae78d7b9a/ci4/system/Database/BaseConnection.php(377): CodeIgniter\Database\MySQLi\Connection->connect(true)
#1 /home/sites/2a/f/fae78d7b9a/ci4/system/Database/BaseConnection.php(643): CodeIgniter\Database\BaseConnection->initialize()
#2 /home/sites/2a/f/fae78d7b9a/ci4/system/Database/BaseBuilder.php(1845): CodeIgniter\Database\BaseConnection->query('SELECT *\nFROM `...', Array, false)
#3 /home/sites/2a/f/fae78d7b9a/ci4/app/Models/ResourcesModel.php(76): CodeIgniter\Database\BaseBuilder->get()
#4 /home/sites/2a/f/fae78d7b9a/ci4/app/Controllers/Resources.php(61): App\Models\ResourcesModel->get_resources(12, 'missing-number-...')
#5 /home/sites/2a/f/fae78d7b9a/ci4/system/CodeIgniter.php(914): App\Controllers\Resources->subjects('results', 'missing-number-...', 'column-addition...', 'addition-code-b...', 'year-4-multi-ob...', 'year-5-multi-ob...', 'multiplication-...')
#6 /home/sites/2a/f/fae78d7b9a/ci4/system/CodeIgniter.php(400): CodeIgniter\CodeIgniter->runController(Object(App\Controllers\Resources))
#7 /home/sites/2a/f/fae78d7b9a/ci4/system/CodeIgniter.php(308): CodeIgniter\CodeIgniter->handleRequest(NULL, Object(Config\Cache), false)
#8 /home/sites/2a/f/fae78d7b9a/public_html/index.php(45): CodeIgniter\CodeIgniter->run()
#9 {main}
CRITICAL - 2023-05-30 05:41:30 --> No route to host
#0 /home/sites/2a/f/fae78d7b9a/ci4/system/Database/BaseConnection.php(377): CodeIgniter\Database\MySQLi\Connection->connect(true)
#1 /home/sites/2a/f/fae78d7b9a/ci4/system/Database/BaseConnection.php(643): CodeIgniter\Database\BaseConnection->initialize()
#2 /home/sites/2a/f/fae78d7b9a/ci4/system/Database/BaseBuilder.php(1845): CodeIgniter\Database\BaseConnection->query('SELECT *\nFROM `...', Array, false)
#3 /home/sites/2a/f/fae78d7b9a/ci4/app/Models/ResourcesModel.php(76): CodeIgniter\Database\BaseBuilder->get()
#4 /home/sites/2a/f/fae78d7b9a/ci4/app/Controllers/Resources.php(61): App\Models\ResourcesModel->get_resources(12, 'multiplication-...')
#5 /home/sites/2a/f/fae78d7b9a/ci4/system/CodeIgniter.php(914): App\Controllers\Resources->subjects('results', 'multiplication-...', 'column-addition...', 'year-5-multi-ob...', 'year-3-multi-ob...', 'missing-number-...', 'ultimatedashmul...', 'ultimatedashmul...')
#6 /home/sites/2a/f/fae78d7b9a/ci4/system/CodeIgniter.php(400): CodeIgniter\CodeIgniter->runController(Object(App\Controllers\Resources))
#7 /home/sites/2a/f/fae78d7b9a/ci4/system/CodeIgniter.php(308): CodeIgniter\CodeIgniter->handleRequest(NULL, Object(Config\Cache), false)
#8 /home/sites/2a/f/fae78d7b9a/public_html/index.php(45): CodeIgniter\CodeIgniter->run()
#9 {main}
CRITICAL - 2023-05-30 05:43:51 --> No route to host
#0 /home/sites/2a/f/fae78d7b9a/ci4/system/Database/BaseConnection.php(377): CodeIgniter\Database\MySQLi\Connection->connect(true)
#1 /home/sites/2a/f/fae78d7b9a/ci4/system/Database/BaseConnection.php(643): CodeIgniter\Database\BaseConnection->initialize()
#2 /home/sites/2a/f/fae78d7b9a/ci4/system/Database/BaseBuilder.php(1845): CodeIgniter\Database\BaseConnection->query('SELECT *\nFROM `...', Array, false)
#3 /home/sites/2a/f/fae78d7b9a/ci4/app/Models/ResourcesModel.php(76): CodeIgniter\Database\BaseBuilder->get()
#4 /home/sites/2a/f/fae78d7b9a/ci4/app/Controllers/Resources.php(61): App\Models\ResourcesModel->get_resources(12, 'year-4-multi-ob...')
#5 /home/sites/2a/f/fae78d7b9a/ci4/system/CodeIgniter.php(914): App\Controllers\Resources->subjects('results', 'year-4-multi-ob...', 'year-5-multi-ob...', 'column-addition...', 'multiplication-...', 'ultimatedashmul...', 'missing-number-...', 'missing-number-...')
#6 /home/sites/2a/f/fae78d7b9a/ci4/system/CodeIgniter.php(400): CodeIgniter\CodeIgniter->runController(Object(App\Controllers\Resources))
#7 /home/sites/2a/f/fae78d7b9a/ci4/system/CodeIgniter.php(308): CodeIgniter\CodeIgniter->handleRequest(NULL, Object(Config\Cache), false)
#8 /home/sites/2a/f/fae78d7b9a/public_html/index.php(45): CodeIgniter\CodeIgniter->run()
#9 {main}
CRITICAL - 2023-05-30 05:45:07 --> No route to host
#0 /home/sites/2a/f/fae78d7b9a/ci4/system/Database/BaseConnection.php(377): CodeIgniter\Database\MySQLi\Connection->connect(true)
#1 /home/sites/2a/f/fae78d7b9a/ci4/system/Database/BaseConnection.php(643): CodeIgniter\Database\BaseConnection->initialize()
#2 /home/sites/2a/f/fae78d7b9a/ci4/system/Database/BaseBuilder.php(1845): CodeIgniter\Database\BaseConnection->query('SELECT *\nFROM `...', Array, false)
#3 /home/sites/2a/f/fae78d7b9a/ci4/app/Models/ResourcesModel.php(76): CodeIgniter\Database\BaseBuilder->get()
#4 /home/sites/2a/f/fae78d7b9a/ci4/app/Controllers/Resources.php(61): App\Models\ResourcesModel->get_resources(12, 'missing-number-...')
#5 /home/sites/2a/f/fae78d7b9a/ci4/system/CodeIgniter.php(914): App\Controllers\Resources->subjects('results', 'missing-number-...', 'year-5-multi-ob...', 'year-4-multi-ob...', 'addition-code-b...')
#6 /home/sites/2a/f/fae78d7b9a/ci4/system/CodeIgniter.php(400): CodeIgniter\CodeIgniter->runController(Object(App\Controllers\Resources))
#7 /home/sites/2a/f/fae78d7b9a/ci4/system/CodeIgniter.php(308): CodeIgniter\CodeIgniter->handleRequest(NULL, Object(Config\Cache), false)
#8 /home/sites/2a/f/fae78d7b9a/public_html/index.php(45): CodeIgniter\CodeIgniter->run()
#9 {main}
CRITICAL - 2023-05-30 05:46:39 --> No route to host
#0 /home/sites/2a/f/fae78d7b9a/ci4/system/Database/BaseConnection.php(377): CodeIgniter\Database\MySQLi\Connection->connect(true)
#1 /home/sites/2a/f/fae78d7b9a/ci4/system/Database/BaseConnection.php(643): CodeIgniter\Database\BaseConnection->initialize()
#2 /home/sites/2a/f/fae78d7b9a/ci4/system/Database/BaseBuilder.php(1845): CodeIgniter\Database\BaseConnection->query('SELECT *\nFROM `...', Array, false)
#3 /home/sites/2a/f/fae78d7b9a/ci4/app/Models/ResourcesModel.php(76): CodeIgniter\Database\BaseBuilder->get()
#4 /home/sites/2a/f/fae78d7b9a/ci4/app/Controllers/Resources.php(61): App\Models\ResourcesModel->get_resources(12, 'ultimatedashmul...')
#5 /home/sites/2a/f/fae78d7b9a/ci4/system/CodeIgniter.php(914): App\Controllers\Resources->subjects('results', 'ultimatedashmul...', 'missing-number-...', 'column-addition...', 'year-3-multi-ob...')
#6 /home/sites/2a/f/fae78d7b9a/ci4/system/CodeIgniter.php(400): CodeIgniter\CodeIgniter->runController(Object(App\Controllers\Resources))
#7 /home/sites/2a/f/fae78d7b9a/ci4/system/CodeIgniter.php(308): CodeIgniter\CodeIgniter->handleRequest(NULL, Object(Config\Cache), false)
#8 /home/sites/2a/f/fae78d7b9a/public_html/index.php(45): CodeIgniter\CodeIgniter->run()
#9 {main}
CRITICAL - 2023-05-30 05:49:09 --> No route to host
#0 /home/sites/2a/f/fae78d7b9a/ci4/system/Database/BaseConnection.php(377): CodeIgniter\Database\MySQLi\Connection->connect(true)
#1 /home/sites/2a/f/fae78d7b9a/ci4/system/Database/BaseConnection.php(643): CodeIgniter\Database\BaseConnection->initialize()
#2 /home/sites/2a/f/fae78d7b9a/ci4/system/Database/BaseBuilder.php(1845): CodeIgniter\Database\BaseConnection->query('SELECT *\nFROM `...', Array, false)
#3 /home/sites/2a/f/fae78d7b9a/ci4/app/Models/ResourcesModel.php(76): CodeIgniter\Database\BaseBuilder->get()
#4 /home/sites/2a/f/fae78d7b9a/ci4/app/Controllers/Resources.php(61): App\Models\ResourcesModel->get_resources(12, 'year-3-multi-ob...')
#5 /home/sites/2a/f/fae78d7b9a/ci4/system/CodeIgniter.php(914): App\Controllers\Resources->subjects('results', 'year-3-multi-ob...', 'multiplication-...', 'year-4-multi-ob...', 'missing-number-...', 'year-5-multi-ob...', 'year-5-multi-ob...')
#6 /home/sites/2a/f/fae78d7b9a/ci4/system/CodeIgniter.php(400): CodeIgniter\CodeIgniter->runController(Object(App\Controllers\Resources))
#7 /home/sites/2a/f/fae78d7b9a/ci4/system/CodeIgniter.php(308): CodeIgniter\CodeIgniter->handleRequest(NULL, Object(Config\Cache), false)
#8 /home/sites/2a/f/fae78d7b9a/public_html/index.php(45): CodeIgniter\CodeIgniter->run()
#9 {main}
CRITICAL - 2023-05-30 05:49:29 --> No route to host
#0 /home/sites/2a/f/fae78d7b9a/ci4/system/Database/BaseConnection.php(377): CodeIgniter\Database\MySQLi\Connection->connect(true)
#1 /home/sites/2a/f/fae78d7b9a/ci4/system/Database/BaseConnection.php(643): CodeIgniter\Database\BaseConnection->initialize()
#2 /home/sites/2a/f/fae78d7b9a/ci4/system/Database/BaseBuilder.php(1845): CodeIgniter\Database\BaseConnection->query('SELECT *\nFROM `...', Array, false)
#3 /home/sites/2a/f/fae78d7b9a/ci4/app/Models/ResourcesModel.php(76): CodeIgniter\Database\BaseBuilder->get()
#4 /home/sites/2a/f/fae78d7b9a/ci4/app/Controllers/Resources.php(61): App\Models\ResourcesModel->get_resources(12, 'column-addition...')
#5 /home/sites/2a/f/fae78d7b9a/ci4/system/CodeIgniter.php(914): App\Controllers\Resources->subjects('results', 'column-addition...', 'missing-number-...', 'year-5-multi-ob...', 'column-addition...', 'multiplication-...', 'year-4-multi-ob...', 'missing-number-...', 'missing-number-...', 'year-3-multi-ob...', 'year-3-multi-ob...')
#6 /home/sites/2a/f/fae78d7b9a/ci4/system/CodeIgniter.php(400): CodeIgniter\CodeIgniter->runController(Object(App\Controllers\Resources))
#7 /home/sites/2a/f/fae78d7b9a/ci4/system/CodeIgniter.php(308): CodeIgniter\CodeIgniter->handleRequest(NULL, Object(Config\Cache), false)
#8 /home/sites/2a/f/fae78d7b9a/public_html/index.php(45): CodeIgniter\CodeIgniter->run()
#9 {main}
CRITICAL - 2023-05-30 05:49:32 --> No route to host
#0 /home/sites/2a/f/fae78d7b9a/ci4/system/Database/BaseConnection.php(377): CodeIgniter\Database\MySQLi\Connection->connect(true)
#1 /home/sites/2a/f/fae78d7b9a/ci4/system/Database/BaseConnection.php(643): CodeIgniter\Database\BaseConnection->initialize()
#2 /home/sites/2a/f/fae78d7b9a/ci4/system/Database/BaseBuilder.php(1845): CodeIgniter\Database\BaseConnection->query('SELECT *\nFROM `...', Array, false)
#3 /home/sites/2a/f/fae78d7b9a/ci4/app/Models/ResourcesModel.php(76): CodeIgniter\Database\BaseBuilder->get()
#4 /home/sites/2a/f/fae78d7b9a/ci4/app/Controllers/Resources.php(61): App\Models\ResourcesModel->get_resources(12, 'column-addition...')
#5 /home/sites/2a/f/fae78d7b9a/ci4/system/CodeIgniter.php(914): App\Controllers\Resources->subjects('results', 'column-addition...', 'missing-number-...', 'multiplication-...', 'column-addition...', 'addition-code-b...', 'year-5-multi-ob...', 'year-4-multi-ob...', 'ultimatedashmul...', 'year-3-multi-ob...', 'year-3-multi-ob...')
#6 /home/sites/2a/f/fae78d7b9a/ci4/system/CodeIgniter.php(400): CodeIgniter\CodeIgniter->runController(Object(App\Controllers\Resources))
#7 /home/sites/2a/f/fae78d7b9a/ci4/system/CodeIgniter.php(308): CodeIgniter\CodeIgniter->handleRequest(NULL, Object(Config\Cache), false)
#8 /home/sites/2a/f/fae78d7b9a/public_html/index.php(45): CodeIgniter\CodeIgniter->run()
#9 {main}
CRITICAL - 2023-05-30 05:51:29 --> No route to host
#0 /home/sites/2a/f/fae78d7b9a/ci4/system/Database/BaseConnection.php(377): CodeIgniter\Database\MySQLi\Connection->connect(true)
#1 /home/sites/2a/f/fae78d7b9a/ci4/system/Database/BaseConnection.php(643): CodeIgniter\Database\BaseConnection->initialize()
#2 /home/sites/2a/f/fae78d7b9a/ci4/system/Database/BaseBuilder.php(1845): CodeIgniter\Database\BaseConnection->query('SELECT *\nFROM `...', Array, false)
#3 /home/sites/2a/f/fae78d7b9a/ci4/app/Models/ResourcesModel.php(76): CodeIgniter\Database\BaseBuilder->get()
#4 /home/sites/2a/f/fae78d7b9a/ci4/app/Controllers/Resources.php(61): App\Models\ResourcesModel->get_resources(12, 'year-4-multi-ob...')
#5 /home/sites/2a/f/fae78d7b9a/ci4/system/CodeIgniter.php(914): App\Controllers\Resources->subjects('results', 'year-4-multi-ob...', 'column-addition...', 'addition-code-b...', 'year-3-multi-ob...', 'year-5-multi-ob...', 'missing-number-...', 'missing-number-...')
#6 /home/sites/2a/f/fae78d7b9a/ci4/system/CodeIgniter.php(400): CodeIgniter\CodeIgniter->runController(Object(App\Controllers\Resources))
#7 /home/sites/2a/f/fae78d7b9a/ci4/system/CodeIgniter.php(308): CodeIgniter\CodeIgniter->handleRequest(NULL, Object(Config\Cache), false)
#8 /home/sites/2a/f/fae78d7b9a/public_html/index.php(45): CodeIgniter\CodeIgniter->run()
#9 {main}
CRITICAL - 2023-05-30 05:52:10 --> No route to host
#0 /home/sites/2a/f/fae78d7b9a/ci4/system/Database/BaseConnection.php(377): CodeIgniter\Database\MySQLi\Connection->connect(true)
#1 /home/sites/2a/f/fae78d7b9a/ci4/system/Database/BaseConnection.php(643): CodeIgniter\Database\BaseConnection->initialize()
#2 /home/sites/2a/f/fae78d7b9a/ci4/system/Database/BaseBuilder.php(1845): CodeIgniter\Database\BaseConnection->query('SELECT *\nFROM `...', Array, false)
#3 /home/sites/2a/f/fae78d7b9a/ci4/app/Models/ResourcesModel.php(76): CodeIgniter\Database\BaseBuilder->get()
#4 /home/sites/2a/f/fae78d7b9a/ci4/app/Controllers/Resources.php(61): App\Models\ResourcesModel->get_resources(12, 'year-4-multi-ob...')
#5 /home/sites/2a/f/fae78d7b9a/ci4/system/CodeIgniter.php(914): App\Controllers\Resources->subjects('results', 'year-4-multi-ob...', 'column-addition...', 'year-5-multi-ob...', 'addition-code-b...', 'missing-number-...', 'missing-number-...', 'missing-number-...', 'multiplication-...', 'multiplication-...')
#6 /home/sites/2a/f/fae78d7b9a/ci4/system/CodeIgniter.php(400): CodeIgniter\CodeIgniter->runController(Object(App\Controllers\Resources))
#7 /home/sites/2a/f/fae78d7b9a/ci4/system/CodeIgniter.php(308): CodeIgniter\CodeIgniter->handleRequest(NULL, Object(Config\Cache), false)
#8 /home/sites/2a/f/fae78d7b9a/public_html/index.php(45): CodeIgniter\CodeIgniter->run()
#9 {main}
CRITICAL - 2023-05-30 05:52:13 --> No route to host
#0 /home/sites/2a/f/fae78d7b9a/ci4/system/Database/BaseConnection.php(377): CodeIgniter\Database\MySQLi\Connection->connect(true)
#1 /home/sites/2a/f/fae78d7b9a/ci4/system/Database/BaseConnection.php(643): CodeIgniter\Database\BaseConnection->initialize()
#2 /home/sites/2a/f/fae78d7b9a/ci4/system/Database/BaseBuilder.php(1845): CodeIgniter\Database\BaseConnection->query('SELECT *\nFROM `...', Array, false)
#3 /home/sites/2a/f/fae78d7b9a/ci4/app/Models/ResourcesModel.php(76): CodeIgniter\Database\BaseBuilder->get()
#4 /home/sites/2a/f/fae78d7b9a/ci4/app/Controllers/Resources.php(61): App\Models\ResourcesModel->get_resources(12, 'column-addition...')
#5 /home/sites/2a/f/fae78d7b9a/ci4/system/CodeIgniter.php(914): App\Controllers\Resources->subjects('results', 'column-addition...', 'missing-number-...', 'multiplication-...', 'addition-code-b...', 'missing-number-...', 'multiplication-...', 'missing-number-...', 'year-3-multi-ob...', 'year-3-multi-ob...')
#6 /home/sites/2a/f/fae78d7b9a/ci4/system/CodeIgniter.php(400): CodeIgniter\CodeIgniter->runController(Object(App\Controllers\Resources))
#7 /home/sites/2a/f/fae78d7b9a/ci4/system/CodeIgniter.php(308): CodeIgniter\CodeIgniter->handleRequest(NULL, Object(Config\Cache), false)
#8 /home/sites/2a/f/fae78d7b9a/public_html/index.php(45): CodeIgniter\CodeIgniter->run()
#9 {main}
CRITICAL - 2023-05-30 05:57:33 --> No route to host
#0 /home/sites/2a/f/fae78d7b9a/ci4/system/Database/BaseConnection.php(377): CodeIgniter\Database\MySQLi\Connection->connect(true)
#1 /home/sites/2a/f/fae78d7b9a/ci4/system/Database/BaseConnection.php(643): CodeIgniter\Database\BaseConnection->initialize()
#2 /home/sites/2a/f/fae78d7b9a/ci4/system/Database/BaseBuilder.php(1845): CodeIgniter\Database\BaseConnection->query('SELECT *\nFROM `...', Array, false)
#3 /home/sites/2a/f/fae78d7b9a/ci4/app/Models/ResourcesModel.php(76): CodeIgniter\Database\BaseBuilder->get()
#4 /home/sites/2a/f/fae78d7b9a/ci4/app/Controllers/Resources.php(61): App\Models\ResourcesModel->get_resources(12, 'year-3-multi-ob...')
#5 /home/sites/2a/f/fae78d7b9a/ci4/system/CodeIgniter.php(914): App\Controllers\Resources->subjects('results', 'year-3-multi-ob...', 'column-addition...', 'year-5-multi-ob...', 'multiplication-...', 'missing-number-...', 'missing-number-...')
#6 /home/sites/2a/f/fae78d7b9a/ci4/system/CodeIgniter.php(400): CodeIgniter\CodeIgniter->runController(Object(App\Controllers\Resources))
#7 /home/sites/2a/f/fae78d7b9a/ci4/system/CodeIgniter.php(308): CodeIgniter\CodeIgniter->handleRequest(NULL, Object(Config\Cache), false)
#8 /home/sites/2a/f/fae78d7b9a/public_html/index.php(45): CodeIgniter\CodeIgniter->run()
#9 {main}
CRITICAL - 2023-05-30 06:00:17 --> No route to host
#0 /home/sites/2a/f/fae78d7b9a/ci4/system/Database/BaseConnection.php(377): CodeIgniter\Database\MySQLi\Connection->connect(true)
#1 /home/sites/2a/f/fae78d7b9a/ci4/system/Database/BaseConnection.php(643): CodeIgniter\Database\BaseConnection->initialize()
#2 /home/sites/2a/f/fae78d7b9a/ci4/system/Database/BaseBuilder.php(1845): CodeIgniter\Database\BaseConnection->query('SELECT *\nFROM `...', Array, false)
#3 /home/sites/2a/f/fae78d7b9a/ci4/app/Models/ResourcesModel.php(76): CodeIgniter\Database\BaseBuilder->get()
#4 /home/sites/2a/f/fae78d7b9a/ci4/app/Controllers/Resources.php(61): App\Models\ResourcesModel->get_resources(12, 'missing-number-...')
#5 /home/sites/2a/f/fae78d7b9a/ci4/system/CodeIgniter.php(914): App\Controllers\Resources->subjects('results', 'missing-number-...', 'ultimatedashmul...', 'year-3-multi-ob...', 'column-addition...', 'column-addition...', 'year-5-multi-ob...', 'column-addition...', 'multiplication-...', 'missing-number-...', 'missing-number-...', 'addition-code-b...', 'column-addition...', 'ultimatedashmul...', 'year-5-multi-ob...', 'year-5-multi-ob...')
#6 /home/sites/2a/f/fae78d7b9a/ci4/system/CodeIgniter.php(400): CodeIgniter\CodeIgniter->runController(Object(App\Controllers\Resources))
#7 /home/sites/2a/f/fae78d7b9a/ci4/system/CodeIgniter.php(308): CodeIgniter\CodeIgniter->handleRequest(NULL, Object(Config\Cache), false)
#8 /home/sites/2a/f/fae78d7b9a/public_html/index.php(45): CodeIgniter\CodeIgniter->run()
#9 {main}
CRITICAL - 2023-05-30 06:00:20 --> No route to host
#0 /home/sites/2a/f/fae78d7b9a/ci4/system/Database/BaseConnection.php(377): CodeIgniter\Database\MySQLi\Connection->connect(true)
#1 /home/sites/2a/f/fae78d7b9a/ci4/system/Database/BaseConnection.php(643): CodeIgniter\Database\BaseConnection->initialize()
#2 /home/sites/2a/f/fae78d7b9a/ci4/system/Database/BaseBuilder.php(1845): CodeIgniter\Database\BaseConnection->query('SELECT *\nFROM `...', Array, false)
#3 /home/sites/2a/f/fae78d7b9a/ci4/app/Models/ResourcesModel.php(76): CodeIgniter\Database\BaseBuilder->get()
#4 /home/sites/2a/f/fae78d7b9a/ci4/app/Controllers/Resources.php(61): App\Models\ResourcesModel->get_resources(12, 'missing-number-...')
#5 /home/sites/2a/f/fae78d7b9a/ci4/system/CodeIgniter.php(914): App\Controllers\Resources->subjects('results', 'missing-number-...', 'missing-number-...', 'year-4-multi-ob...')
#6 /home/sites/2a/f/fae78d7b9a/ci4/system/CodeIgniter.php(400): CodeIgniter\CodeIgniter->runController(Object(App\Controllers\Resources))
#7 /home/sites/2a/f/fae78d7b9a/ci4/system/CodeIgniter.php(308): CodeIgniter\CodeIgniter->handleRequest(NULL, Object(Config\Cache), false)
#8 /home/sites/2a/f/fae78d7b9a/public_html/index.php(45): CodeIgniter\CodeIgniter->run()
#9 {main}
CRITICAL - 2023-05-30 06:00:50 --> No route to host
#0 /home/sites/2a/f/fae78d7b9a/ci4/system/Database/BaseConnection.php(377): CodeIgniter\Database\MySQLi\Connection->connect(true)
#1 /home/sites/2a/f/fae78d7b9a/ci4/system/Database/BaseConnection.php(643): CodeIgniter\Database\BaseConnection->initialize()
#2 /home/sites/2a/f/fae78d7b9a/ci4/system/Database/BaseBuilder.php(1845): CodeIgniter\Database\BaseConnection->query('SELECT *\nFROM `...', Array, false)
#3 /home/sites/2a/f/fae78d7b9a/ci4/app/Models/ResourcesModel.php(76): CodeIgniter\Database\BaseBuilder->get()
#4 /home/sites/2a/f/fae78d7b9a/ci4/app/Controllers/Resources.php(61): App\Models\ResourcesModel->get_resources(12, 'column-addition...')
#5 /home/sites/2a/f/fae78d7b9a/ci4/system/CodeIgniter.php(914): App\Controllers\Resources->subjects('results', 'column-addition...', 'missing-number-...', 'addition-code-b...', 'column-addition...', 'column-addition...', 'ultimatedashmul...', 'year-5-multi-ob...', 'year-3-multi-ob...', 'column-addition...', 'missing-number-...', 'year-4-multi-ob...', 'addition-code-b...', 'year-5-multi-ob...', 'ultimatedashmul...', 'missing-number-...', 'missing-number-...', 'column-addition...', 'year-3-multi-ob...', 'addition-code-b...', 'addition-code-b...')
#6 /home/sites/2a/f/fae78d7b9a/ci4/system/CodeIgniter.php(400): CodeIgniter\CodeIgniter->runController(Object(App\Controllers\Resources))
#7 /home/sites/2a/f/fae78d7b9a/ci4/system/CodeIgniter.php(308): CodeIgniter\CodeIgniter->handleRequest(NULL, Object(Config\Cache), false)
#8 /home/sites/2a/f/fae78d7b9a/public_html/index.php(45): CodeIgniter\CodeIgniter->run()
#9 {main}
CRITICAL - 2023-05-30 06:02:09 --> No route to host
#0 /home/sites/2a/f/fae78d7b9a/ci4/system/Database/BaseConnection.php(377): CodeIgniter\Database\MySQLi\Connection->connect(true)
#1 /home/sites/2a/f/fae78d7b9a/ci4/system/Database/BaseConnection.php(643): CodeIgniter\Database\BaseConnection->initialize()
#2 /home/sites/2a/f/fae78d7b9a/ci4/system/Database/BaseBuilder.php(1845): CodeIgniter\Database\BaseConnection->query('SELECT *\nFROM `...', Array, false)
#3 /home/sites/2a/f/fae78d7b9a/ci4/app/Models/ResourcesModel.php(76): CodeIgniter\Database\BaseBuilder->get()
#4 /home/sites/2a/f/fae78d7b9a/ci4/app/Controllers/Resources.php(61): App\Models\ResourcesModel->get_resources(12, 'multiplication-...')
#5 /home/sites/2a/f/fae78d7b9a/ci4/system/CodeIgniter.php(914): App\Controllers\Resources->subjects('results', 'multiplication-...', 'column-addition...', 'missing-number-...', 'year-4-multi-ob...')
#6 /home/sites/2a/f/fae78d7b9a/ci4/system/CodeIgniter.php(400): CodeIgniter\CodeIgniter->runController(Object(App\Controllers\Resources))
#7 /home/sites/2a/f/fae78d7b9a/ci4/system/CodeIgniter.php(308): CodeIgniter\CodeIgniter->handleRequest(NULL, Object(Config\Cache), false)
#8 /home/sites/2a/f/fae78d7b9a/public_html/index.php(45): CodeIgniter\CodeIgniter->run()
#9 {main}
CRITICAL - 2023-05-30 06:02:37 --> No route to host
#0 /home/sites/2a/f/fae78d7b9a/ci4/system/Database/BaseConnection.php(377): CodeIgniter\Database\MySQLi\Connection->connect(true)
#1 /home/sites/2a/f/fae78d7b9a/ci4/system/Database/BaseConnection.php(643): CodeIgniter\Database\BaseConnection->initialize()
#2 /home/sites/2a/f/fae78d7b9a/ci4/system/Database/BaseBuilder.php(1845): CodeIgniter\Database\BaseConnection->query('SELECT *\nFROM `...', Array, false)
#3 /home/sites/2a/f/fae78d7b9a/ci4/app/Models/ResourcesModel.php(76): CodeIgniter\Database\BaseBuilder->get()
#4 /home/sites/2a/f/fae78d7b9a/ci4/app/Controllers/Resources.php(61): App\Models\ResourcesModel->get_resources(12, 'column-addition...')
#5 /home/sites/2a/f/fae78d7b9a/ci4/system/CodeIgniter.php(914): App\Controllers\Resources->subjects('results', 'column-addition...', 'missing-number-...', 'multiplication-...', 'multiplication-...', 'year-4-multi-ob...', 'ultimatedashmul...', 'missing-number-...', 'column-addition...', 'addition-code-b...', 'missing-number-...', 'missing-number-...', 'year-3-multi-ob...', 'year-3-multi-ob...')
#6 /home/sites/2a/f/fae78d7b9a/ci4/system/CodeIgniter.php(400): CodeIgniter\CodeIgniter->runController(Object(App\Controllers\Resources))
#7 /home/sites/2a/f/fae78d7b9a/ci4/system/CodeIgniter.php(308): CodeIgniter\CodeIgniter->handleRequest(NULL, Object(Config\Cache), false)
#8 /home/sites/2a/f/fae78d7b9a/public_html/index.php(45): CodeIgniter\CodeIgniter->run()
#9 {main}
