CRITICAL - 2023-08-17 13:49:08 --> Unknown column 'HELLO' in 'field list'
#0 /Users/markpearson/Documents/Projects/My Websites/Teacherpedia - downloaded 15.8.23/ci4/system/Database/MySQLi/Connection.php(331): mysqli->query('UPDATE `resourc...')
#1 /Users/markpearson/Documents/Projects/My Websites/Teacherpedia - downloaded 15.8.23/ci4/system/Database/BaseConnection.php(738): CodeIgniter\Database\MySQLi\Connection->execute('UPDATE `resourc...')
#2 /Users/markpearson/Documents/Projects/My Websites/Teacherpedia - downloaded 15.8.23/ci4/system/Database/BaseConnection.php(666): CodeIgniter\Database\BaseConnection->simpleQuery('UPDATE `resourc...')
#3 /Users/markpearson/Documents/Projects/My Websites/Teacherpedia - downloaded 15.8.23/ci4/system/Database/BaseBuilder.php(2441): CodeIgniter\Database\BaseConnection->query('UPDATE `resourc...', Array, false)
#4 /Users/markpearson/Documents/Projects/My Websites/Teacherpedia - downloaded 15.8.23/ci4/app/Models/ResourcesModel.php(145): CodeIgniter\Database\BaseBuilder->update(Array, Array)
#5 /Users/markpearson/Documents/Projects/My Websites/Teacherpedia - downloaded 15.8.23/ci4/app/Controllers/Admin/Resources.php(559): App\Models\ResourcesModel->update_resource(Array, '1')
#6 /Users/markpearson/Documents/Projects/My Websites/Teacherpedia - downloaded 15.8.23/ci4/system/CodeIgniter.php(914): App\Controllers\Admin\Resources->update_resource('1')
#7 /Users/markpearson/Documents/Projects/My Websites/Teacherpedia - downloaded 15.8.23/ci4/system/CodeIgniter.php(400): CodeIgniter\CodeIgniter->runController(Object(App\Controllers\Admin\Resources))
#8 /Users/markpearson/Documents/Projects/My Websites/Teacherpedia - downloaded 15.8.23/ci4/system/CodeIgniter.php(308): CodeIgniter\CodeIgniter->handleRequest(NULL, Object(Config\Cache), false)
#9 /Users/markpearson/Documents/Projects/My Websites/Teacherpedia - downloaded 15.8.23/public_html/index.php(45): CodeIgniter\CodeIgniter->run()
#10 {main}
CRITICAL - 2023-08-17 14:00:42 --> syntax error, unexpected 'report' (T_STRING)
#0 /Users/markpearson/Documents/Projects/My Websites/Teacherpedia - downloaded 15.8.23/ci4/system/Router/Router.php(192): CodeIgniter\Router\Router->autoRoute('admin/resources...')
#1 /Users/markpearson/Documents/Projects/My Websites/Teacherpedia - downloaded 15.8.23/ci4/system/CodeIgniter.php(789): CodeIgniter\Router\Router->handle('admin/resources...')
#2 /Users/markpearson/Documents/Projects/My Websites/Teacherpedia - downloaded 15.8.23/ci4/system/CodeIgniter.php(360): CodeIgniter\CodeIgniter->tryToRouteIt(Object(CodeIgniter\Router\RouteCollection))
#3 /Users/markpearson/Documents/Projects/My Websites/Teacherpedia - downloaded 15.8.23/ci4/system/CodeIgniter.php(308): CodeIgniter\CodeIgniter->handleRequest(NULL, Object(Config\Cache), false)
#4 /Users/markpearson/Documents/Projects/My Websites/Teacherpedia - downloaded 15.8.23/public_html/index.php(45): CodeIgniter\CodeIgniter->run()
#5 {main}
CRITICAL - 2023-08-17 14:04:58 --> Argument 1 passed to url_title() must be of the type string, null given, called in /Users/markpearson/Documents/Projects/My Websites/Teacherpedia - downloaded 15.8.23/ci4/app/Controllers/Admin/Resources.php on line 258
#0 /Users/markpearson/Documents/Projects/My Websites/Teacherpedia - downloaded 15.8.23/ci4/app/Controllers/Admin/Resources.php(258): url_title(NULL, 'dash', true)
#1 /Users/markpearson/Documents/Projects/My Websites/Teacherpedia - downloaded 15.8.23/ci4/system/CodeIgniter.php(914): App\Controllers\Admin\Resources->do_uploads()
#2 /Users/markpearson/Documents/Projects/My Websites/Teacherpedia - downloaded 15.8.23/ci4/system/CodeIgniter.php(400): CodeIgniter\CodeIgniter->runController(Object(App\Controllers\Admin\Resources))
#3 /Users/markpearson/Documents/Projects/My Websites/Teacherpedia - downloaded 15.8.23/ci4/system/CodeIgniter.php(308): CodeIgniter\CodeIgniter->handleRequest(NULL, Object(Config\Cache), false)
#4 /Users/markpearson/Documents/Projects/My Websites/Teacherpedia - downloaded 15.8.23/public_html/index.php(45): CodeIgniter\CodeIgniter->run()
#5 {main}
CRITICAL - 2023-08-17 14:06:49 --> Argument 1 passed to url_title() must be of the type string, null given, called in /Users/markpearson/Documents/Projects/My Websites/Teacherpedia - downloaded 15.8.23/ci4/app/Controllers/Admin/Resources.php on line 258
#0 /Users/markpearson/Documents/Projects/My Websites/Teacherpedia - downloaded 15.8.23/ci4/app/Controllers/Admin/Resources.php(258): url_title(NULL, 'dash', true)
#1 /Users/markpearson/Documents/Projects/My Websites/Teacherpedia - downloaded 15.8.23/ci4/system/CodeIgniter.php(914): App\Controllers\Admin\Resources->do_uploads()
#2 /Users/markpearson/Documents/Projects/My Websites/Teacherpedia - downloaded 15.8.23/ci4/system/CodeIgniter.php(400): CodeIgniter\CodeIgniter->runController(Object(App\Controllers\Admin\Resources))
#3 /Users/markpearson/Documents/Projects/My Websites/Teacherpedia - downloaded 15.8.23/ci4/system/CodeIgniter.php(308): CodeIgniter\CodeIgniter->handleRequest(NULL, Object(Config\Cache), false)
#4 /Users/markpearson/Documents/Projects/My Websites/Teacherpedia - downloaded 15.8.23/public_html/index.php(45): CodeIgniter\CodeIgniter->run()
#5 {main}
CRITICAL - 2023-08-17 14:09:39 --> Argument 1 passed to url_title() must be of the type string, null given, called in /Users/markpearson/Documents/Projects/My Websites/Teacherpedia - downloaded 15.8.23/ci4/app/Controllers/Admin/Resources.php on line 258
#0 /Users/markpearson/Documents/Projects/My Websites/Teacherpedia - downloaded 15.8.23/ci4/app/Controllers/Admin/Resources.php(258): url_title(NULL, 'dash', true)
#1 /Users/markpearson/Documents/Projects/My Websites/Teacherpedia - downloaded 15.8.23/ci4/system/CodeIgniter.php(914): App\Controllers\Admin\Resources->do_uploads()
#2 /Users/markpearson/Documents/Projects/My Websites/Teacherpedia - downloaded 15.8.23/ci4/system/CodeIgniter.php(400): CodeIgniter\CodeIgniter->runController(Object(App\Controllers\Admin\Resources))
#3 /Users/markpearson/Documents/Projects/My Websites/Teacherpedia - downloaded 15.8.23/ci4/system/CodeIgniter.php(308): CodeIgniter\CodeIgniter->handleRequest(NULL, Object(Config\Cache), false)
#4 /Users/markpearson/Documents/Projects/My Websites/Teacherpedia - downloaded 15.8.23/public_html/index.php(45): CodeIgniter\CodeIgniter->run()
#5 {main}
CRITICAL - 2023-08-17 14:09:55 --> Argument 1 passed to url_title() must be of the type string, null given, called in /Users/markpearson/Documents/Projects/My Websites/Teacherpedia - downloaded 15.8.23/ci4/app/Controllers/Admin/Resources.php on line 258
#0 /Users/markpearson/Documents/Projects/My Websites/Teacherpedia - downloaded 15.8.23/ci4/app/Controllers/Admin/Resources.php(258): url_title(NULL, 'dash', true)
#1 /Users/markpearson/Documents/Projects/My Websites/Teacherpedia - downloaded 15.8.23/ci4/system/CodeIgniter.php(914): App\Controllers\Admin\Resources->do_uploads()
#2 /Users/markpearson/Documents/Projects/My Websites/Teacherpedia - downloaded 15.8.23/ci4/system/CodeIgniter.php(400): CodeIgniter\CodeIgniter->runController(Object(App\Controllers\Admin\Resources))
#3 /Users/markpearson/Documents/Projects/My Websites/Teacherpedia - downloaded 15.8.23/ci4/system/CodeIgniter.php(308): CodeIgniter\CodeIgniter->handleRequest(NULL, Object(Config\Cache), false)
#4 /Users/markpearson/Documents/Projects/My Websites/Teacherpedia - downloaded 15.8.23/public_html/index.php(45): CodeIgniter\CodeIgniter->run()
#5 {main}
CRITICAL - 2023-08-17 14:10:02 --> Call to a member function isValid() on null
#0 /Users/markpearson/Documents/Projects/My Websites/Teacherpedia - downloaded 15.8.23/ci4/system/CodeIgniter.php(914): App\Controllers\Admin\Resources->do_uploads()
#1 /Users/markpearson/Documents/Projects/My Websites/Teacherpedia - downloaded 15.8.23/ci4/system/CodeIgniter.php(400): CodeIgniter\CodeIgniter->runController(Object(App\Controllers\Admin\Resources))
#2 /Users/markpearson/Documents/Projects/My Websites/Teacherpedia - downloaded 15.8.23/ci4/system/CodeIgniter.php(308): CodeIgniter\CodeIgniter->handleRequest(NULL, Object(Config\Cache), false)
#3 /Users/markpearson/Documents/Projects/My Websites/Teacherpedia - downloaded 15.8.23/public_html/index.php(45): CodeIgniter\CodeIgniter->run()
#4 {main}
CRITICAL - 2023-08-17 14:13:34 --> Call to a member function isValid() on null
#0 /Users/markpearson/Documents/Projects/My Websites/Teacherpedia - downloaded 15.8.23/ci4/system/CodeIgniter.php(914): App\Controllers\Admin\Resources->do_uploads()
#1 /Users/markpearson/Documents/Projects/My Websites/Teacherpedia - downloaded 15.8.23/ci4/system/CodeIgniter.php(400): CodeIgniter\CodeIgniter->runController(Object(App\Controllers\Admin\Resources))
#2 /Users/markpearson/Documents/Projects/My Websites/Teacherpedia - downloaded 15.8.23/ci4/system/CodeIgniter.php(308): CodeIgniter\CodeIgniter->handleRequest(NULL, Object(Config\Cache), false)
#3 /Users/markpearson/Documents/Projects/My Websites/Teacherpedia - downloaded 15.8.23/public_html/index.php(45): CodeIgniter\CodeIgniter->run()
#4 {main}
CRITICAL - 2023-08-17 14:13:36 --> Call to a member function isValid() on null
#0 /Users/markpearson/Documents/Projects/My Websites/Teacherpedia - downloaded 15.8.23/ci4/system/CodeIgniter.php(914): App\Controllers\Admin\Resources->do_uploads()
#1 /Users/markpearson/Documents/Projects/My Websites/Teacherpedia - downloaded 15.8.23/ci4/system/CodeIgniter.php(400): CodeIgniter\CodeIgniter->runController(Object(App\Controllers\Admin\Resources))
#2 /Users/markpearson/Documents/Projects/My Websites/Teacherpedia - downloaded 15.8.23/ci4/system/CodeIgniter.php(308): CodeIgniter\CodeIgniter->handleRequest(NULL, Object(Config\Cache), false)
#3 /Users/markpearson/Documents/Projects/My Websites/Teacherpedia - downloaded 15.8.23/public_html/index.php(45): CodeIgniter\CodeIgniter->run()
#4 {main}
CRITICAL - 2023-08-17 14:13:43 --> Call to a member function isValid() on null
#0 /Users/markpearson/Documents/Projects/My Websites/Teacherpedia - downloaded 15.8.23/ci4/system/CodeIgniter.php(914): App\Controllers\Admin\Resources->do_uploads()
#1 /Users/markpearson/Documents/Projects/My Websites/Teacherpedia - downloaded 15.8.23/ci4/system/CodeIgniter.php(400): CodeIgniter\CodeIgniter->runController(Object(App\Controllers\Admin\Resources))
#2 /Users/markpearson/Documents/Projects/My Websites/Teacherpedia - downloaded 15.8.23/ci4/system/CodeIgniter.php(308): CodeIgniter\CodeIgniter->handleRequest(NULL, Object(Config\Cache), false)
#3 /Users/markpearson/Documents/Projects/My Websites/Teacherpedia - downloaded 15.8.23/public_html/index.php(45): CodeIgniter\CodeIgniter->run()
#4 {main}
CRITICAL - 2023-08-17 14:14:10 --> Call to a member function isValid() on null
#0 /Users/markpearson/Documents/Projects/My Websites/Teacherpedia - downloaded 15.8.23/ci4/system/CodeIgniter.php(914): App\Controllers\Admin\Resources->do_uploads()
#1 /Users/markpearson/Documents/Projects/My Websites/Teacherpedia - downloaded 15.8.23/ci4/system/CodeIgniter.php(400): CodeIgniter\CodeIgniter->runController(Object(App\Controllers\Admin\Resources))
#2 /Users/markpearson/Documents/Projects/My Websites/Teacherpedia - downloaded 15.8.23/ci4/system/CodeIgniter.php(308): CodeIgniter\CodeIgniter->handleRequest(NULL, Object(Config\Cache), false)
#3 /Users/markpearson/Documents/Projects/My Websites/Teacherpedia - downloaded 15.8.23/public_html/index.php(45): CodeIgniter\CodeIgniter->run()
#4 {main}
CRITICAL - 2023-08-17 14:16:09 --> Argument 1 passed to url_title() must be of the type string, null given, called in /Users/markpearson/Documents/Projects/My Websites/Teacherpedia - downloaded 15.8.23/ci4/app/Controllers/Admin/Resources.php on line 478
#0 /Users/markpearson/Documents/Projects/My Websites/Teacherpedia - downloaded 15.8.23/ci4/app/Controllers/Admin/Resources.php(478): url_title(NULL, '-', true)
#1 /Users/markpearson/Documents/Projects/My Websites/Teacherpedia - downloaded 15.8.23/ci4/system/CodeIgniter.php(914): App\Controllers\Admin\Resources->do_uploads()
#2 /Users/markpearson/Documents/Projects/My Websites/Teacherpedia - downloaded 15.8.23/ci4/system/CodeIgniter.php(400): CodeIgniter\CodeIgniter->runController(Object(App\Controllers\Admin\Resources))
#3 /Users/markpearson/Documents/Projects/My Websites/Teacherpedia - downloaded 15.8.23/ci4/system/CodeIgniter.php(308): CodeIgniter\CodeIgniter->handleRequest(NULL, Object(Config\Cache), false)
#4 /Users/markpearson/Documents/Projects/My Websites/Teacherpedia - downloaded 15.8.23/public_html/index.php(45): CodeIgniter\CodeIgniter->run()
#5 {main}
CRITICAL - 2023-08-17 14:16:09 --> Argument 1 passed to url_title() must be of the type string, null given, called in /Users/markpearson/Documents/Projects/My Websites/Teacherpedia - downloaded 15.8.23/ci4/app/Controllers/Admin/Resources.php on line 478
#0 /Users/markpearson/Documents/Projects/My Websites/Teacherpedia - downloaded 15.8.23/ci4/app/Controllers/Admin/Resources.php(478): url_title(NULL, '-', true)
#1 /Users/markpearson/Documents/Projects/My Websites/Teacherpedia - downloaded 15.8.23/ci4/system/CodeIgniter.php(914): App\Controllers\Admin\Resources->do_uploads()
#2 /Users/markpearson/Documents/Projects/My Websites/Teacherpedia - downloaded 15.8.23/ci4/system/CodeIgniter.php(400): CodeIgniter\CodeIgniter->runController(Object(App\Controllers\Admin\Resources))
#3 /Users/markpearson/Documents/Projects/My Websites/Teacherpedia - downloaded 15.8.23/ci4/system/CodeIgniter.php(308): CodeIgniter\CodeIgniter->handleRequest(NULL, Object(Config\Cache), false)
#4 /Users/markpearson/Documents/Projects/My Websites/Teacherpedia - downloaded 15.8.23/public_html/index.php(45): CodeIgniter\CodeIgniter->run()
#5 {main}
CRITICAL - 2023-08-17 14:18:06 --> Call to a member function isValid() on null
#0 /Users/markpearson/Documents/Projects/My Websites/Teacherpedia - downloaded 15.8.23/ci4/system/CodeIgniter.php(914): App\Controllers\Admin\Resources->do_uploads()
#1 /Users/markpearson/Documents/Projects/My Websites/Teacherpedia - downloaded 15.8.23/ci4/system/CodeIgniter.php(400): CodeIgniter\CodeIgniter->runController(Object(App\Controllers\Admin\Resources))
#2 /Users/markpearson/Documents/Projects/My Websites/Teacherpedia - downloaded 15.8.23/ci4/system/CodeIgniter.php(308): CodeIgniter\CodeIgniter->handleRequest(NULL, Object(Config\Cache), false)
#3 /Users/markpearson/Documents/Projects/My Websites/Teacherpedia - downloaded 15.8.23/public_html/index.php(45): CodeIgniter\CodeIgniter->run()
#4 {main}
CRITICAL - 2023-08-17 14:22:09 --> Call to a member function isValid() on null
#0 /Users/markpearson/Documents/Projects/My Websites/Teacherpedia - downloaded 15.8.23/ci4/system/CodeIgniter.php(914): App\Controllers\Admin\Resources->do_uploads()
#1 /Users/markpearson/Documents/Projects/My Websites/Teacherpedia - downloaded 15.8.23/ci4/system/CodeIgniter.php(400): CodeIgniter\CodeIgniter->runController(Object(App\Controllers\Admin\Resources))
#2 /Users/markpearson/Documents/Projects/My Websites/Teacherpedia - downloaded 15.8.23/ci4/system/CodeIgniter.php(308): CodeIgniter\CodeIgniter->handleRequest(NULL, Object(Config\Cache), false)
#3 /Users/markpearson/Documents/Projects/My Websites/Teacherpedia - downloaded 15.8.23/public_html/index.php(45): CodeIgniter\CodeIgniter->run()
#4 {main}
CRITICAL - 2023-08-17 14:24:07 --> Call to a member function isValid() on null
#0 /Users/markpearson/Documents/Projects/My Websites/Teacherpedia - downloaded 15.8.23/ci4/system/CodeIgniter.php(914): App\Controllers\Admin\Resources->do_uploads()
#1 /Users/markpearson/Documents/Projects/My Websites/Teacherpedia - downloaded 15.8.23/ci4/system/CodeIgniter.php(400): CodeIgniter\CodeIgniter->runController(Object(App\Controllers\Admin\Resources))
#2 /Users/markpearson/Documents/Projects/My Websites/Teacherpedia - downloaded 15.8.23/ci4/system/CodeIgniter.php(308): CodeIgniter\CodeIgniter->handleRequest(NULL, Object(Config\Cache), false)
#3 /Users/markpearson/Documents/Projects/My Websites/Teacherpedia - downloaded 15.8.23/public_html/index.php(45): CodeIgniter\CodeIgniter->run()
#4 {main}
CRITICAL - 2023-08-17 14:28:17 --> Class 'Laminas\Escaper\Exception\RuntimeException' not found
#0 /Users/markpearson/Documents/Projects/My Websites/Teacherpedia - downloaded 15.8.23/ci4/system/CodeIgniter.php(914): App\Controllers\Admin\Resources->do_uploads()
#1 /Users/markpearson/Documents/Projects/My Websites/Teacherpedia - downloaded 15.8.23/ci4/system/CodeIgniter.php(400): CodeIgniter\CodeIgniter->runController(Object(App\Controllers\Admin\Resources))
#2 /Users/markpearson/Documents/Projects/My Websites/Teacherpedia - downloaded 15.8.23/ci4/system/CodeIgniter.php(308): CodeIgniter\CodeIgniter->handleRequest(NULL, Object(Config\Cache), false)
#3 /Users/markpearson/Documents/Projects/My Websites/Teacherpedia - downloaded 15.8.23/public_html/index.php(45): CodeIgniter\CodeIgniter->run()
#4 {main}
CRITICAL - 2023-08-17 14:30:38 --> Class 'Laminas\Escaper\Exception\RuntimeException' not found
#0 /Users/markpearson/Documents/Projects/My Websites/Teacherpedia - downloaded 15.8.23/ci4/system/CodeIgniter.php(914): App\Controllers\Admin\Resources->do_uploads()
#1 /Users/markpearson/Documents/Projects/My Websites/Teacherpedia - downloaded 15.8.23/ci4/system/CodeIgniter.php(400): CodeIgniter\CodeIgniter->runController(Object(App\Controllers\Admin\Resources))
#2 /Users/markpearson/Documents/Projects/My Websites/Teacherpedia - downloaded 15.8.23/ci4/system/CodeIgniter.php(308): CodeIgniter\CodeIgniter->handleRequest(NULL, Object(Config\Cache), false)
#3 /Users/markpearson/Documents/Projects/My Websites/Teacherpedia - downloaded 15.8.23/public_html/index.php(45): CodeIgniter\CodeIgniter->run()
#4 {main}
CRITICAL - 2023-08-17 14:30:39 --> Class 'Laminas\Escaper\Exception\RuntimeException' not found
#0 /Users/markpearson/Documents/Projects/My Websites/Teacherpedia - downloaded 15.8.23/ci4/system/CodeIgniter.php(914): App\Controllers\Admin\Resources->do_uploads()
#1 /Users/markpearson/Documents/Projects/My Websites/Teacherpedia - downloaded 15.8.23/ci4/system/CodeIgniter.php(400): CodeIgniter\CodeIgniter->runController(Object(App\Controllers\Admin\Resources))
#2 /Users/markpearson/Documents/Projects/My Websites/Teacherpedia - downloaded 15.8.23/ci4/system/CodeIgniter.php(308): CodeIgniter\CodeIgniter->handleRequest(NULL, Object(Config\Cache), false)
#3 /Users/markpearson/Documents/Projects/My Websites/Teacherpedia - downloaded 15.8.23/public_html/index.php(45): CodeIgniter\CodeIgniter->run()
#4 {main}
CRITICAL - 2023-08-17 14:30:42 --> Call to a member function isValid() on null
#0 /Users/markpearson/Documents/Projects/My Websites/Teacherpedia - downloaded 15.8.23/ci4/system/CodeIgniter.php(914): App\Controllers\Admin\Resources->do_uploads()
#1 /Users/markpearson/Documents/Projects/My Websites/Teacherpedia - downloaded 15.8.23/ci4/system/CodeIgniter.php(400): CodeIgniter\CodeIgniter->runController(Object(App\Controllers\Admin\Resources))
#2 /Users/markpearson/Documents/Projects/My Websites/Teacherpedia - downloaded 15.8.23/ci4/system/CodeIgniter.php(308): CodeIgniter\CodeIgniter->handleRequest(NULL, Object(Config\Cache), false)
#3 /Users/markpearson/Documents/Projects/My Websites/Teacherpedia - downloaded 15.8.23/public_html/index.php(45): CodeIgniter\CodeIgniter->run()
#4 {main}
CRITICAL - 2023-08-17 14:33:20 --> syntax error, unexpected '{'
#0 /Users/markpearson/Documents/Projects/My Websites/Teacherpedia - downloaded 15.8.23/ci4/system/Router/Router.php(192): CodeIgniter\Router\Router->autoRoute('admin/resources...')
#1 /Users/markpearson/Documents/Projects/My Websites/Teacherpedia - downloaded 15.8.23/ci4/system/CodeIgniter.php(789): CodeIgniter\Router\Router->handle('admin/resources...')
#2 /Users/markpearson/Documents/Projects/My Websites/Teacherpedia - downloaded 15.8.23/ci4/system/CodeIgniter.php(360): CodeIgniter\CodeIgniter->tryToRouteIt(Object(CodeIgniter\Router\RouteCollection))
#3 /Users/markpearson/Documents/Projects/My Websites/Teacherpedia - downloaded 15.8.23/ci4/system/CodeIgniter.php(308): CodeIgniter\CodeIgniter->handleRequest(NULL, Object(Config\Cache), false)
#4 /Users/markpearson/Documents/Projects/My Websites/Teacherpedia - downloaded 15.8.23/public_html/index.php(45): CodeIgniter\CodeIgniter->run()
#5 {main}
CRITICAL - 2023-08-17 14:33:31 --> Class 'Laminas\Escaper\Exception\RuntimeException' not found
#0 /Users/markpearson/Documents/Projects/My Websites/Teacherpedia - downloaded 15.8.23/ci4/system/CodeIgniter.php(914): App\Controllers\Admin\Resources->do_uploads()
#1 /Users/markpearson/Documents/Projects/My Websites/Teacherpedia - downloaded 15.8.23/ci4/system/CodeIgniter.php(400): CodeIgniter\CodeIgniter->runController(Object(App\Controllers\Admin\Resources))
#2 /Users/markpearson/Documents/Projects/My Websites/Teacherpedia - downloaded 15.8.23/ci4/system/CodeIgniter.php(308): CodeIgniter\CodeIgniter->handleRequest(NULL, Object(Config\Cache), false)
#3 /Users/markpearson/Documents/Projects/My Websites/Teacherpedia - downloaded 15.8.23/public_html/index.php(45): CodeIgniter\CodeIgniter->run()
#4 {main}
CRITICAL - 2023-08-17 14:33:59 --> Class 'Laminas\Escaper\Exception\RuntimeException' not found
#0 /Users/markpearson/Documents/Projects/My Websites/Teacherpedia - downloaded 15.8.23/ci4/system/CodeIgniter.php(914): App\Controllers\Admin\Resources->do_uploads()
#1 /Users/markpearson/Documents/Projects/My Websites/Teacherpedia - downloaded 15.8.23/ci4/system/CodeIgniter.php(400): CodeIgniter\CodeIgniter->runController(Object(App\Controllers\Admin\Resources))
#2 /Users/markpearson/Documents/Projects/My Websites/Teacherpedia - downloaded 15.8.23/ci4/system/CodeIgniter.php(308): CodeIgniter\CodeIgniter->handleRequest(NULL, Object(Config\Cache), false)
#3 /Users/markpearson/Documents/Projects/My Websites/Teacherpedia - downloaded 15.8.23/public_html/index.php(45): CodeIgniter\CodeIgniter->run()
#4 {main}
CRITICAL - 2023-08-17 14:36:45 --> Call to a member function isValid() on null
#0 /Users/markpearson/Documents/Projects/My Websites/Teacherpedia - downloaded 15.8.23/ci4/system/CodeIgniter.php(914): App\Controllers\Admin\Resources->do_uploads()
#1 /Users/markpearson/Documents/Projects/My Websites/Teacherpedia - downloaded 15.8.23/ci4/system/CodeIgniter.php(400): CodeIgniter\CodeIgniter->runController(Object(App\Controllers\Admin\Resources))
#2 /Users/markpearson/Documents/Projects/My Websites/Teacherpedia - downloaded 15.8.23/ci4/system/CodeIgniter.php(308): CodeIgniter\CodeIgniter->handleRequest(NULL, Object(Config\Cache), false)
#3 /Users/markpearson/Documents/Projects/My Websites/Teacherpedia - downloaded 15.8.23/public_html/index.php(45): CodeIgniter\CodeIgniter->run()
#4 {main}
CRITICAL - 2023-08-17 14:38:35 --> Call to a member function isValid() on null
#0 /Users/markpearson/Documents/Projects/My Websites/Teacherpedia - downloaded 15.8.23/ci4/system/CodeIgniter.php(914): App\Controllers\Admin\Resources->do_uploads()
#1 /Users/markpearson/Documents/Projects/My Websites/Teacherpedia - downloaded 15.8.23/ci4/system/CodeIgniter.php(400): CodeIgniter\CodeIgniter->runController(Object(App\Controllers\Admin\Resources))
#2 /Users/markpearson/Documents/Projects/My Websites/Teacherpedia - downloaded 15.8.23/ci4/system/CodeIgniter.php(308): CodeIgniter\CodeIgniter->handleRequest(NULL, Object(Config\Cache), false)
#3 /Users/markpearson/Documents/Projects/My Websites/Teacherpedia - downloaded 15.8.23/public_html/index.php(45): CodeIgniter\CodeIgniter->run()
#4 {main}
CRITICAL - 2023-08-17 14:38:47 --> syntax error, unexpected '/', expecting function (T_FUNCTION) or const (T_CONST)
#0 /Users/markpearson/Documents/Projects/My Websites/Teacherpedia - downloaded 15.8.23/ci4/system/Autoloader/Autoloader.php(296): CodeIgniter\Autoloader\Autoloader->requireFile('/Users/markpear...')
#1 /Users/markpearson/Documents/Projects/My Websites/Teacherpedia - downloaded 15.8.23/ci4/system/Autoloader/Autoloader.php(258): CodeIgniter\Autoloader\Autoloader->loadInNamespace('Config\\Validati...')
#2 [internal function]: CodeIgniter\Autoloader\Autoloader->loadClass('Config\\Validati...')
#3 /Users/markpearson/Documents/Projects/My Websites/Teacherpedia - downloaded 15.8.23/ci4/system/Config/Config.php(157): spl_autoload_call('Config\\Validati...')
#4 /Users/markpearson/Documents/Projects/My Websites/Teacherpedia - downloaded 15.8.23/ci4/system/Config/Config.php(83): CodeIgniter\Config\Config::createClass('Config\\Validati...')
#5 /Users/markpearson/Documents/Projects/My Websites/Teacherpedia - downloaded 15.8.23/ci4/system/Common.php(127): CodeIgniter\Config\Config::get('Validation', true)
#6 /Users/markpearson/Documents/Projects/My Websites/Teacherpedia - downloaded 15.8.23/ci4/system/Config/Services.php(881): config('Validation')
#7 /Users/markpearson/Documents/Projects/My Websites/Teacherpedia - downloaded 15.8.23/ci4/system/Model.php(344): CodeIgniter\Config\Services::validation(NULL, false)
#8 /Users/markpearson/Documents/Projects/My Websites/Teacherpedia - downloaded 15.8.23/ci4/app/Controllers/Admin/Resources.php(270): CodeIgniter\Model->__construct()
#9 /Users/markpearson/Documents/Projects/My Websites/Teacherpedia - downloaded 15.8.23/ci4/system/CodeIgniter.php(914): App\Controllers\Admin\Resources->do_uploads()
#10 /Users/markpearson/Documents/Projects/My Websites/Teacherpedia - downloaded 15.8.23/ci4/system/CodeIgniter.php(400): CodeIgniter\CodeIgniter->runController(Object(App\Controllers\Admin\Resources))
#11 /Users/markpearson/Documents/Projects/My Websites/Teacherpedia - downloaded 15.8.23/ci4/system/CodeIgniter.php(308): CodeIgniter\CodeIgniter->handleRequest(NULL, Object(Config\Cache), false)
#12 /Users/markpearson/Documents/Projects/My Websites/Teacherpedia - downloaded 15.8.23/public_html/index.php(45): CodeIgniter\CodeIgniter->run()
#13 {main}
CRITICAL - 2023-08-17 14:38:58 --> Call to a member function isValid() on null
#0 /Users/markpearson/Documents/Projects/My Websites/Teacherpedia - downloaded 15.8.23/ci4/system/CodeIgniter.php(914): App\Controllers\Admin\Resources->do_uploads()
#1 /Users/markpearson/Documents/Projects/My Websites/Teacherpedia - downloaded 15.8.23/ci4/system/CodeIgniter.php(400): CodeIgniter\CodeIgniter->runController(Object(App\Controllers\Admin\Resources))
#2 /Users/markpearson/Documents/Projects/My Websites/Teacherpedia - downloaded 15.8.23/ci4/system/CodeIgniter.php(308): CodeIgniter\CodeIgniter->handleRequest(NULL, Object(Config\Cache), false)
#3 /Users/markpearson/Documents/Projects/My Websites/Teacherpedia - downloaded 15.8.23/public_html/index.php(45): CodeIgniter\CodeIgniter->run()
#4 {main}
CRITICAL - 2023-08-17 14:39:27 --> Call to a member function isValid() on null
#0 /Users/markpearson/Documents/Projects/My Websites/Teacherpedia - downloaded 15.8.23/ci4/system/CodeIgniter.php(914): App\Controllers\Admin\Resources->do_uploads()
#1 /Users/markpearson/Documents/Projects/My Websites/Teacherpedia - downloaded 15.8.23/ci4/system/CodeIgniter.php(400): CodeIgniter\CodeIgniter->runController(Object(App\Controllers\Admin\Resources))
#2 /Users/markpearson/Documents/Projects/My Websites/Teacherpedia - downloaded 15.8.23/ci4/system/CodeIgniter.php(308): CodeIgniter\CodeIgniter->handleRequest(NULL, Object(Config\Cache), false)
#3 /Users/markpearson/Documents/Projects/My Websites/Teacherpedia - downloaded 15.8.23/public_html/index.php(45): CodeIgniter\CodeIgniter->run()
#4 {main}
CRITICAL - 2023-08-17 14:40:55 --> Argument 1 passed to url_title() must be of the type string, null given, called in /Users/markpearson/Documents/Projects/My Websites/Teacherpedia - downloaded 15.8.23/ci4/app/Controllers/Admin/Resources.php on line 478
#0 /Users/markpearson/Documents/Projects/My Websites/Teacherpedia - downloaded 15.8.23/ci4/app/Controllers/Admin/Resources.php(478): url_title(NULL, '-', true)
#1 /Users/markpearson/Documents/Projects/My Websites/Teacherpedia - downloaded 15.8.23/ci4/system/CodeIgniter.php(914): App\Controllers\Admin\Resources->do_uploads()
#2 /Users/markpearson/Documents/Projects/My Websites/Teacherpedia - downloaded 15.8.23/ci4/system/CodeIgniter.php(400): CodeIgniter\CodeIgniter->runController(Object(App\Controllers\Admin\Resources))
#3 /Users/markpearson/Documents/Projects/My Websites/Teacherpedia - downloaded 15.8.23/ci4/system/CodeIgniter.php(308): CodeIgniter\CodeIgniter->handleRequest(NULL, Object(Config\Cache), false)
#4 /Users/markpearson/Documents/Projects/My Websites/Teacherpedia - downloaded 15.8.23/public_html/index.php(45): CodeIgniter\CodeIgniter->run()
#5 {main}
CRITICAL - 2023-08-17 14:40:56 --> Argument 1 passed to url_title() must be of the type string, null given, called in /Users/markpearson/Documents/Projects/My Websites/Teacherpedia - downloaded 15.8.23/ci4/app/Controllers/Admin/Resources.php on line 478
#0 /Users/markpearson/Documents/Projects/My Websites/Teacherpedia - downloaded 15.8.23/ci4/app/Controllers/Admin/Resources.php(478): url_title(NULL, '-', true)
#1 /Users/markpearson/Documents/Projects/My Websites/Teacherpedia - downloaded 15.8.23/ci4/system/CodeIgniter.php(914): App\Controllers\Admin\Resources->do_uploads()
#2 /Users/markpearson/Documents/Projects/My Websites/Teacherpedia - downloaded 15.8.23/ci4/system/CodeIgniter.php(400): CodeIgniter\CodeIgniter->runController(Object(App\Controllers\Admin\Resources))
#3 /Users/markpearson/Documents/Projects/My Websites/Teacherpedia - downloaded 15.8.23/ci4/system/CodeIgniter.php(308): CodeIgniter\CodeIgniter->handleRequest(NULL, Object(Config\Cache), false)
#4 /Users/markpearson/Documents/Projects/My Websites/Teacherpedia - downloaded 15.8.23/public_html/index.php(45): CodeIgniter\CodeIgniter->run()
#5 {main}
CRITICAL - 2023-08-17 14:46:42 --> syntax error, unexpected ';', expecting ')'
#0 /Users/markpearson/Documents/Projects/My Websites/Teacherpedia - downloaded 15.8.23/ci4/system/Autoloader/Autoloader.php(296): CodeIgniter\Autoloader\Autoloader->requireFile('/Users/markpear...')
#1 /Users/markpearson/Documents/Projects/My Websites/Teacherpedia - downloaded 15.8.23/ci4/system/Autoloader/Autoloader.php(258): CodeIgniter\Autoloader\Autoloader->loadInNamespace('App\\Controllers...')
#2 [internal function]: CodeIgniter\Autoloader\Autoloader->loadClass('App\\Controllers...')
#3 [internal function]: spl_autoload_call('App\\Controllers...')
#4 /Users/markpearson/Documents/Projects/My Websites/Teacherpedia - downloaded 15.8.23/ci4/system/CodeIgniter.php(865): class_exists('\\App\\Controller...', true)
#5 /Users/markpearson/Documents/Projects/My Websites/Teacherpedia - downloaded 15.8.23/ci4/system/CodeIgniter.php(390): CodeIgniter\CodeIgniter->startController()
#6 /Users/markpearson/Documents/Projects/My Websites/Teacherpedia - downloaded 15.8.23/ci4/system/CodeIgniter.php(308): CodeIgniter\CodeIgniter->handleRequest(NULL, Object(Config\Cache), false)
#7 /Users/markpearson/Documents/Projects/My Websites/Teacherpedia - downloaded 15.8.23/public_html/index.php(45): CodeIgniter\CodeIgniter->run()
#8 {main}
CRITICAL - 2023-08-17 14:52:00 --> syntax error, unexpected ','
#0 /Users/markpearson/Documents/Projects/My Websites/Teacherpedia - downloaded 15.8.23/ci4/system/Router/Router.php(192): CodeIgniter\Router\Router->autoRoute('admin/resources...')
#1 /Users/markpearson/Documents/Projects/My Websites/Teacherpedia - downloaded 15.8.23/ci4/system/CodeIgniter.php(789): CodeIgniter\Router\Router->handle('admin/resources...')
#2 /Users/markpearson/Documents/Projects/My Websites/Teacherpedia - downloaded 15.8.23/ci4/system/CodeIgniter.php(360): CodeIgniter\CodeIgniter->tryToRouteIt(Object(CodeIgniter\Router\RouteCollection))
#3 /Users/markpearson/Documents/Projects/My Websites/Teacherpedia - downloaded 15.8.23/ci4/system/CodeIgniter.php(308): CodeIgniter\CodeIgniter->handleRequest(NULL, Object(Config\Cache), false)
#4 /Users/markpearson/Documents/Projects/My Websites/Teacherpedia - downloaded 15.8.23/public_html/index.php(45): CodeIgniter\CodeIgniter->run()
#5 {main}
CRITICAL - 2023-08-17 14:53:09 --> syntax error, unexpected '$_POST' (T_VARIABLE)
#0 /Users/markpearson/Documents/Projects/My Websites/Teacherpedia - downloaded 15.8.23/ci4/system/Router/Router.php(192): CodeIgniter\Router\Router->autoRoute('admin/resources...')
#1 /Users/markpearson/Documents/Projects/My Websites/Teacherpedia - downloaded 15.8.23/ci4/system/CodeIgniter.php(789): CodeIgniter\Router\Router->handle('admin/resources...')
#2 /Users/markpearson/Documents/Projects/My Websites/Teacherpedia - downloaded 15.8.23/ci4/system/CodeIgniter.php(360): CodeIgniter\CodeIgniter->tryToRouteIt(Object(CodeIgniter\Router\RouteCollection))
#3 /Users/markpearson/Documents/Projects/My Websites/Teacherpedia - downloaded 15.8.23/ci4/system/CodeIgniter.php(308): CodeIgniter\CodeIgniter->handleRequest(NULL, Object(Config\Cache), false)
#4 /Users/markpearson/Documents/Projects/My Websites/Teacherpedia - downloaded 15.8.23/public_html/index.php(45): CodeIgniter\CodeIgniter->run()
#5 {main}
CRITICAL - 2023-08-17 14:53:23 --> Function name must be a string
#0 /Users/markpearson/Documents/Projects/My Websites/Teacherpedia - downloaded 15.8.23/ci4/system/CodeIgniter.php(914): App\Controllers\Admin\Resources->update_resource('1')
#1 /Users/markpearson/Documents/Projects/My Websites/Teacherpedia - downloaded 15.8.23/ci4/system/CodeIgniter.php(400): CodeIgniter\CodeIgniter->runController(Object(App\Controllers\Admin\Resources))
#2 /Users/markpearson/Documents/Projects/My Websites/Teacherpedia - downloaded 15.8.23/ci4/system/CodeIgniter.php(308): CodeIgniter\CodeIgniter->handleRequest(NULL, Object(Config\Cache), false)
#3 /Users/markpearson/Documents/Projects/My Websites/Teacherpedia - downloaded 15.8.23/public_html/index.php(45): CodeIgniter\CodeIgniter->run()
#4 {main}
CRITICAL - 2023-08-17 14:53:37 --> syntax error, unexpected ';', expecting ']'
#0 /Users/markpearson/Documents/Projects/My Websites/Teacherpedia - downloaded 15.8.23/ci4/system/Router/Router.php(192): CodeIgniter\Router\Router->autoRoute('admin/resources...')
#1 /Users/markpearson/Documents/Projects/My Websites/Teacherpedia - downloaded 15.8.23/ci4/system/CodeIgniter.php(789): CodeIgniter\Router\Router->handle('admin/resources...')
#2 /Users/markpearson/Documents/Projects/My Websites/Teacherpedia - downloaded 15.8.23/ci4/system/CodeIgniter.php(360): CodeIgniter\CodeIgniter->tryToRouteIt(Object(CodeIgniter\Router\RouteCollection))
#3 /Users/markpearson/Documents/Projects/My Websites/Teacherpedia - downloaded 15.8.23/ci4/system/CodeIgniter.php(308): CodeIgniter\CodeIgniter->handleRequest(NULL, Object(Config\Cache), false)
#4 /Users/markpearson/Documents/Projects/My Websites/Teacherpedia - downloaded 15.8.23/public_html/index.php(45): CodeIgniter\CodeIgniter->run()
#5 {main}
CRITICAL - 2023-08-17 14:55:23 --> Call to a member function upload_resource() on null
#0 /Users/markpearson/Documents/Projects/My Websites/Teacherpedia - downloaded 15.8.23/ci4/system/CodeIgniter.php(914): App\Controllers\Admin\Resources->update_resource('1')
#1 /Users/markpearson/Documents/Projects/My Websites/Teacherpedia - downloaded 15.8.23/ci4/system/CodeIgniter.php(400): CodeIgniter\CodeIgniter->runController(Object(App\Controllers\Admin\Resources))
#2 /Users/markpearson/Documents/Projects/My Websites/Teacherpedia - downloaded 15.8.23/ci4/system/CodeIgniter.php(308): CodeIgniter\CodeIgniter->handleRequest(NULL, Object(Config\Cache), false)
#3 /Users/markpearson/Documents/Projects/My Websites/Teacherpedia - downloaded 15.8.23/public_html/index.php(45): CodeIgniter\CodeIgniter->run()
#4 {main}
CRITICAL - 2023-08-17 14:56:00 --> Call to a member function upload_resource() on null
#0 /Users/markpearson/Documents/Projects/My Websites/Teacherpedia - downloaded 15.8.23/ci4/system/CodeIgniter.php(914): App\Controllers\Admin\Resources->update_resource('1')
#1 /Users/markpearson/Documents/Projects/My Websites/Teacherpedia - downloaded 15.8.23/ci4/system/CodeIgniter.php(400): CodeIgniter\CodeIgniter->runController(Object(App\Controllers\Admin\Resources))
#2 /Users/markpearson/Documents/Projects/My Websites/Teacherpedia - downloaded 15.8.23/ci4/system/CodeIgniter.php(308): CodeIgniter\CodeIgniter->handleRequest(NULL, Object(Config\Cache), false)
#3 /Users/markpearson/Documents/Projects/My Websites/Teacherpedia - downloaded 15.8.23/public_html/index.php(45): CodeIgniter\CodeIgniter->run()
#4 {main}
CRITICAL - 2023-08-17 14:56:01 --> Call to a member function upload_resource() on null
#0 /Users/markpearson/Documents/Projects/My Websites/Teacherpedia - downloaded 15.8.23/ci4/system/CodeIgniter.php(914): App\Controllers\Admin\Resources->update_resource('1')
#1 /Users/markpearson/Documents/Projects/My Websites/Teacherpedia - downloaded 15.8.23/ci4/system/CodeIgniter.php(400): CodeIgniter\CodeIgniter->runController(Object(App\Controllers\Admin\Resources))
#2 /Users/markpearson/Documents/Projects/My Websites/Teacherpedia - downloaded 15.8.23/ci4/system/CodeIgniter.php(308): CodeIgniter\CodeIgniter->handleRequest(NULL, Object(Config\Cache), false)
#3 /Users/markpearson/Documents/Projects/My Websites/Teacherpedia - downloaded 15.8.23/public_html/index.php(45): CodeIgniter\CodeIgniter->run()
#4 {main}
CRITICAL - 2023-08-17 14:56:35 --> Call to a member function update_resource() on null
#0 /Users/markpearson/Documents/Projects/My Websites/Teacherpedia - downloaded 15.8.23/ci4/system/CodeIgniter.php(914): App\Controllers\Admin\Resources->update_resource('1')
#1 /Users/markpearson/Documents/Projects/My Websites/Teacherpedia - downloaded 15.8.23/ci4/system/CodeIgniter.php(400): CodeIgniter\CodeIgniter->runController(Object(App\Controllers\Admin\Resources))
#2 /Users/markpearson/Documents/Projects/My Websites/Teacherpedia - downloaded 15.8.23/ci4/system/CodeIgniter.php(308): CodeIgniter\CodeIgniter->handleRequest(NULL, Object(Config\Cache), false)
#3 /Users/markpearson/Documents/Projects/My Websites/Teacherpedia - downloaded 15.8.23/public_html/index.php(45): CodeIgniter\CodeIgniter->run()
#4 {main}
CRITICAL - 2023-08-17 14:57:27 --> Call to a member function edit_resource() on null
#0 /Users/markpearson/Documents/Projects/My Websites/Teacherpedia - downloaded 15.8.23/ci4/system/CodeIgniter.php(914): App\Controllers\Admin\Resources->update_resource('1')
#1 /Users/markpearson/Documents/Projects/My Websites/Teacherpedia - downloaded 15.8.23/ci4/system/CodeIgniter.php(400): CodeIgniter\CodeIgniter->runController(Object(App\Controllers\Admin\Resources))
#2 /Users/markpearson/Documents/Projects/My Websites/Teacherpedia - downloaded 15.8.23/ci4/system/CodeIgniter.php(308): CodeIgniter\CodeIgniter->handleRequest(NULL, Object(Config\Cache), false)
#3 /Users/markpearson/Documents/Projects/My Websites/Teacherpedia - downloaded 15.8.23/public_html/index.php(45): CodeIgniter\CodeIgniter->run()
#4 {main}
CRITICAL - 2023-08-17 14:57:41 --> Operand should contain 1 column(s)
#0 /Users/markpearson/Documents/Projects/My Websites/Teacherpedia - downloaded 15.8.23/ci4/system/Database/MySQLi/Connection.php(331): mysqli->query('SELECT *\nFROM `...')
#1 /Users/markpearson/Documents/Projects/My Websites/Teacherpedia - downloaded 15.8.23/ci4/system/Database/BaseConnection.php(738): CodeIgniter\Database\MySQLi\Connection->execute('SELECT *\nFROM `...')
#2 /Users/markpearson/Documents/Projects/My Websites/Teacherpedia - downloaded 15.8.23/ci4/system/Database/BaseConnection.php(666): CodeIgniter\Database\BaseConnection->simpleQuery('SELECT *\nFROM `...')
#3 /Users/markpearson/Documents/Projects/My Websites/Teacherpedia - downloaded 15.8.23/ci4/system/Database/BaseBuilder.php(2004): CodeIgniter\Database\BaseConnection->query('SELECT *\nFROM `...', Array, false)
#4 /Users/markpearson/Documents/Projects/My Websites/Teacherpedia - downloaded 15.8.23/ci4/app/Models/ResourcesModel.php(45): CodeIgniter\Database\BaseBuilder->getWhere(Array)
#5 /Users/markpearson/Documents/Projects/My Websites/Teacherpedia - downloaded 15.8.23/ci4/app/Controllers/Admin/Resources.php(559): App\Models\ResourcesModel->edit_resource(Array, '1')
#6 /Users/markpearson/Documents/Projects/My Websites/Teacherpedia - downloaded 15.8.23/ci4/system/CodeIgniter.php(914): App\Controllers\Admin\Resources->update_resource('1')
#7 /Users/markpearson/Documents/Projects/My Websites/Teacherpedia - downloaded 15.8.23/ci4/system/CodeIgniter.php(400): CodeIgniter\CodeIgniter->runController(Object(App\Controllers\Admin\Resources))
#8 /Users/markpearson/Documents/Projects/My Websites/Teacherpedia - downloaded 15.8.23/ci4/system/CodeIgniter.php(308): CodeIgniter\CodeIgniter->handleRequest(NULL, Object(Config\Cache), false)
#9 /Users/markpearson/Documents/Projects/My Websites/Teacherpedia - downloaded 15.8.23/public_html/index.php(45): CodeIgniter\CodeIgniter->run()
#10 {main}
CRITICAL - 2023-08-17 14:57:47 --> Operand should contain 1 column(s)
#0 /Users/markpearson/Documents/Projects/My Websites/Teacherpedia - downloaded 15.8.23/ci4/system/Database/MySQLi/Connection.php(331): mysqli->query('SELECT *\nFROM `...')
#1 /Users/markpearson/Documents/Projects/My Websites/Teacherpedia - downloaded 15.8.23/ci4/system/Database/BaseConnection.php(738): CodeIgniter\Database\MySQLi\Connection->execute('SELECT *\nFROM `...')
#2 /Users/markpearson/Documents/Projects/My Websites/Teacherpedia - downloaded 15.8.23/ci4/system/Database/BaseConnection.php(666): CodeIgniter\Database\BaseConnection->simpleQuery('SELECT *\nFROM `...')
#3 /Users/markpearson/Documents/Projects/My Websites/Teacherpedia - downloaded 15.8.23/ci4/system/Database/BaseBuilder.php(2004): CodeIgniter\Database\BaseConnection->query('SELECT *\nFROM `...', Array, false)
#4 /Users/markpearson/Documents/Projects/My Websites/Teacherpedia - downloaded 15.8.23/ci4/app/Models/ResourcesModel.php(45): CodeIgniter\Database\BaseBuilder->getWhere(Array)
#5 /Users/markpearson/Documents/Projects/My Websites/Teacherpedia - downloaded 15.8.23/ci4/app/Controllers/Admin/Resources.php(559): App\Models\ResourcesModel->edit_resource(Array, '1')
#6 /Users/markpearson/Documents/Projects/My Websites/Teacherpedia - downloaded 15.8.23/ci4/system/CodeIgniter.php(914): App\Controllers\Admin\Resources->update_resource('1')
#7 /Users/markpearson/Documents/Projects/My Websites/Teacherpedia - downloaded 15.8.23/ci4/system/CodeIgniter.php(400): CodeIgniter\CodeIgniter->runController(Object(App\Controllers\Admin\Resources))
#8 /Users/markpearson/Documents/Projects/My Websites/Teacherpedia - downloaded 15.8.23/ci4/system/CodeIgniter.php(308): CodeIgniter\CodeIgniter->handleRequest(NULL, Object(Config\Cache), false)
#9 /Users/markpearson/Documents/Projects/My Websites/Teacherpedia - downloaded 15.8.23/public_html/index.php(45): CodeIgniter\CodeIgniter->run()
#10 {main}
CRITICAL - 2023-08-17 16:40:24 --> syntax error, unexpected 'echo' (T_ECHO)
#0 /Users/markpearson/Documents/Projects/My Websites/Teacherpedia - downloaded 15.8.23/ci4/system/Common.php(1087): CodeIgniter\View\View->render('admin/resources...', Array, true)
#1 /Users/markpearson/Documents/Projects/My Websites/Teacherpedia - downloaded 15.8.23/ci4/app/Controllers/Admin/Resources.php(633): view('admin/resources...', Array)
#2 /Users/markpearson/Documents/Projects/My Websites/Teacherpedia - downloaded 15.8.23/ci4/system/CodeIgniter.php(914): App\Controllers\Admin\Resources->update_resource('1')
#3 /Users/markpearson/Documents/Projects/My Websites/Teacherpedia - downloaded 15.8.23/ci4/system/CodeIgniter.php(400): CodeIgniter\CodeIgniter->runController(Object(App\Controllers\Admin\Resources))
#4 /Users/markpearson/Documents/Projects/My Websites/Teacherpedia - downloaded 15.8.23/ci4/system/CodeIgniter.php(308): CodeIgniter\CodeIgniter->handleRequest(NULL, Object(Config\Cache), false)
#5 /Users/markpearson/Documents/Projects/My Websites/Teacherpedia - downloaded 15.8.23/public_html/index.php(45): CodeIgniter\CodeIgniter->run()
#6 {main}
CRITICAL - 2023-08-17 16:42:06 --> syntax error, unexpected '$data' (T_VARIABLE), expecting ';' or ','
#0 /Users/markpearson/Documents/Projects/My Websites/Teacherpedia - downloaded 15.8.23/ci4/system/Common.php(1087): CodeIgniter\View\View->render('admin/resources...', Array, true)
#1 /Users/markpearson/Documents/Projects/My Websites/Teacherpedia - downloaded 15.8.23/ci4/app/Controllers/Admin/Resources.php(633): view('admin/resources...', Array)
#2 /Users/markpearson/Documents/Projects/My Websites/Teacherpedia - downloaded 15.8.23/ci4/system/CodeIgniter.php(914): App\Controllers\Admin\Resources->update_resource('1')
#3 /Users/markpearson/Documents/Projects/My Websites/Teacherpedia - downloaded 15.8.23/ci4/system/CodeIgniter.php(400): CodeIgniter\CodeIgniter->runController(Object(App\Controllers\Admin\Resources))
#4 /Users/markpearson/Documents/Projects/My Websites/Teacherpedia - downloaded 15.8.23/ci4/system/CodeIgniter.php(308): CodeIgniter\CodeIgniter->handleRequest(NULL, Object(Config\Cache), false)
#5 /Users/markpearson/Documents/Projects/My Websites/Teacherpedia - downloaded 15.8.23/public_html/index.php(45): CodeIgniter\CodeIgniter->run()
#6 {main}
CRITICAL - 2023-08-17 16:42:32 --> syntax error, unexpected '$data' (T_VARIABLE)
#0 /Users/markpearson/Documents/Projects/My Websites/Teacherpedia - downloaded 15.8.23/ci4/system/Router/Router.php(192): CodeIgniter\Router\Router->autoRoute('admin/resources...')
#1 /Users/markpearson/Documents/Projects/My Websites/Teacherpedia - downloaded 15.8.23/ci4/system/CodeIgniter.php(789): CodeIgniter\Router\Router->handle('admin/resources...')
#2 /Users/markpearson/Documents/Projects/My Websites/Teacherpedia - downloaded 15.8.23/ci4/system/CodeIgniter.php(360): CodeIgniter\CodeIgniter->tryToRouteIt(Object(CodeIgniter\Router\RouteCollection))
#3 /Users/markpearson/Documents/Projects/My Websites/Teacherpedia - downloaded 15.8.23/ci4/system/CodeIgniter.php(308): CodeIgniter\CodeIgniter->handleRequest(NULL, Object(Config\Cache), false)
#4 /Users/markpearson/Documents/Projects/My Websites/Teacherpedia - downloaded 15.8.23/public_html/index.php(45): CodeIgniter\CodeIgniter->run()
#5 {main}
CRITICAL - 2023-08-17 16:46:54 --> syntax error, unexpected '$data' (T_VARIABLE)
#0 /Users/markpearson/Documents/Projects/My Websites/Teacherpedia - downloaded 15.8.23/ci4/system/Router/Router.php(192): CodeIgniter\Router\Router->autoRoute('admin/resources...')
#1 /Users/markpearson/Documents/Projects/My Websites/Teacherpedia - downloaded 15.8.23/ci4/system/CodeIgniter.php(789): CodeIgniter\Router\Router->handle('admin/resources...')
#2 /Users/markpearson/Documents/Projects/My Websites/Teacherpedia - downloaded 15.8.23/ci4/system/CodeIgniter.php(360): CodeIgniter\CodeIgniter->tryToRouteIt(Object(CodeIgniter\Router\RouteCollection))
#3 /Users/markpearson/Documents/Projects/My Websites/Teacherpedia - downloaded 15.8.23/ci4/system/CodeIgniter.php(308): CodeIgniter\CodeIgniter->handleRequest(NULL, Object(Config\Cache), false)
#4 /Users/markpearson/Documents/Projects/My Websites/Teacherpedia - downloaded 15.8.23/public_html/index.php(45): CodeIgniter\CodeIgniter->run()
#5 {main}
